
Gurobi 11.0.3 (win64) logging started Thu May  8 03:07:19 2025

Set parameter LogFile to value "run_logs\instance6c_20250508_030719.log"
Set parameter TimeLimit to value 3600
Gurobi Optimizer version 11.0.3 build v11.0.3rc0 (win64 - Windows 11+.0 (26100.2))

CPU model: Intel(R) Core(TM) i9-14900K, instruction set [SSE2|AVX|AVX2]
Thread count: 24 physical cores, 32 logical processors, using up to 32 threads

Optimize a model with 1803479 rows, 950663 columns and 4102871 nonzeros
Model fingerprint: 0x3b938fc4
Variable types: 712458 continuous, 238205 integer (238205 binary)
Coefficient statistics:
  Matrix range     [1e+00, 2e+02]
  Objective range  [5e+01, 1e+04]
  Bounds range     [1e+00, 1e+00]
  RHS range        [1e+00, 3e+02]
Presolve removed 1491834 rows and 632479 columns
Presolve time: 4.80s
Presolved: 311645 rows, 318184 columns, 1321582 nonzeros
Variable types: 3713 continuous, 314471 integer (152238 binary)
Found heuristic solution: objective 1698844.0000
Deterministic concurrent LP optimizer: primal simplex, dual simplex, and barrier
Showing barrier log only...

Root barrier log...

Ordering time: 0.09s

Barrier statistics:
 AA' NZ     : 5.990e+05
 Factor NZ  : 2.760e+06 (roughly 80 MB of memory)
 Factor Ops : 3.730e+08 (less than 1 second per iteration)
 Threads    : 22

                  Objective                Residual
Iter       Primal          Dual         Primal    Dual     Compl     Time
   0   1.46118491e+09 -7.69736691e+09  4.61e+03 2.43e+04  7.46e+05    11s
   1   7.93610400e+08 -7.93292966e+09  2.28e+03 1.20e+04  3.43e+05    11s
   2   1.27769841e+08 -6.26130592e+09  2.68e+02 3.90e+03  5.94e+04    11s
   3   6.55193034e+07 -2.24679069e+09  8.58e+01 4.02e+02  1.68e+04    11s
   4   4.70432307e+07 -6.32811707e+08  3.65e+01 2.08e+01  5.18e+03    11s
   5   3.91053857e+07 -2.68327649e+08  2.40e+01 6.12e+00  2.69e+03    11s
   6   2.44958495e+07 -9.72891249e+07  1.01e+01 5.78e-01  1.06e+03    11s
   7   1.48570278e+07 -4.19756868e+07  4.45e+00 1.05e-09  4.67e+02    11s
   8   6.11730265e+06 -1.84784578e+07  1.46e+00 8.15e-10  1.71e+02    11s
   9   3.48884115e+06 -8.07360838e+06  7.43e-01 7.77e-10  7.65e+01    11s
  10   9.58408896e+05 -3.19864656e+06  1.29e-01 8.00e-10  2.08e+01    11s
  11   5.21398299e+05 -1.05993181e+06  4.37e-02 9.21e-10  7.17e+00    11s
  12   3.99305519e+05 -3.85076674e+05  2.46e-02 9.56e-10  3.46e+00    11s
  13   3.53388195e+05 -1.75386443e+05  1.83e-02 9.90e-10  2.32e+00    11s
  14   3.33681244e+05 -1.42059169e+05  1.58e-02 1.26e-09  2.08e+00    11s
  15   3.05801376e+05 -5.12182650e+04  1.22e-02 7.88e-10  1.55e+00    11s
  16   2.97325372e+05  6.64521553e+04  1.10e-02 1.42e-09  1.01e+00    11s
  17   2.49631866e+05  1.34570065e+05  4.70e-03 1.60e-09  4.94e-01    11s
  18   2.28159647e+05  1.66925113e+05  2.19e-03 7.42e-10  2.61e-01    11s
  19   2.24144425e+05  1.79831143e+05  1.81e-03 7.97e-10  1.89e-01    11s
  20   2.18086162e+05  1.82537834e+05  1.28e-03 3.99e-10  1.51e-01    12s
  21   2.13950709e+05  1.84073143e+05  9.48e-04 1.17e-09  1.27e-01    12s
  22   2.10872961e+05  1.87825819e+05  7.40e-04 1.80e-09  9.78e-02    12s
  23   2.07339164e+05  1.89651015e+05  5.25e-04 1.77e-09  7.49e-02    12s
  24   2.04358969e+05  1.93199605e+05  3.60e-04 1.14e-09  4.74e-02    12s
  25   2.01153572e+05  1.94704277e+05  1.84e-04 3.74e-10  2.73e-02    12s
  26   1.98943987e+05  1.95906852e+05  7.59e-05 9.14e-10  1.28e-02    12s
  27   1.97825318e+05  1.96776996e+05  2.50e-05 1.26e-09  4.42e-03    12s
  28   1.97468334e+05  1.97130973e+05  9.82e-06 8.06e-10  1.43e-03    12s
  29   1.97264517e+05  1.97215049e+05  1.52e-06 7.69e-10  2.10e-04    12s
  30   1.97226147e+05  1.97225808e+05  5.67e-09 9.72e-10  1.42e-06    12s
  31   1.97226000e+05  1.97226000e+05  2.81e-13 1.25e-09  2.58e-11    12s

Barrier solved model in 31 iterations and 11.88 seconds (25.90 work units)
Optimal objective 1.97226000e+05


Root crossover log...

    7456 DPushes remaining with DInf 0.0000000e+00                12s
       0 DPushes remaining with DInf 0.0000000e+00                12s

     478 PPushes remaining with PInf 0.0000000e+00                12s
       0 PPushes remaining with PInf 0.0000000e+00                12s

  Push phase complete: Pinf 0.0000000e+00, Dinf 1.6443735e-10     12s


Root simplex log...

Iteration    Objective       Primal Inf.    Dual Inf.      Time
    7772    1.9722600e+05   0.000000e+00   0.000000e+00     12s
Concurrent spin time: 0.00s

Solved with barrier
    9001    1.9722600e+05   0.000000e+00   0.000000e+00     12s
Extra simplex iterations after uncrush: 1229

Use crossover to convert LP symmetric solution to basic solution...

Root crossover log...

       0 DPushes remaining with DInf 0.0000000e+00                12s

     596 PPushes remaining with PInf 0.0000000e+00                12s
       0 PPushes remaining with PInf 0.0000000e+00                12s

  Push phase complete: Pinf 0.0000000e+00, Dinf 2.0484947e-11     12s


Root simplex log...

Iteration    Objective       Primal Inf.    Dual Inf.      Time
   10435    1.9722600e+05   0.000000e+00   0.000000e+00     12s
   10435    1.9722600e+05   0.000000e+00   0.000000e+00     12s

Root relaxation: objective 1.972260e+05, 10435 iterations, 2.13 seconds (2.77 work units)
Total elapsed time = 12.39s (DegenMoves)

    Nodes    |    Current Node    |     Objective Bounds      |     Work
 Expl Unexpl |  Obj  Depth IntInf | Incumbent    BestBd   Gap | It/Node Time

     0     0 197226.000    0  293 1698844.00 197226.000  88.4%     -   14s
H    0     0                    207558.00000 197226.000  4.98%     -   15s
H    0     0                    207074.00000 197226.000  4.76%     -   15s
     0     0 197226.000    0  491 207074.000 197226.000  4.76%     -   18s
H    0     0                    200227.00000 197226.000  1.50%     -   26s
     0     0 197226.000    0  480 200227.000 197226.000  1.50%     -   26s
     0     0 197254.000    0  311 200227.000 197254.000  1.48%     -   31s
     0     0 197254.000    0  335 200227.000 197254.000  1.48%     -   32s
     0     0 197261.143    0  477 200227.000 197261.143  1.48%     -   35s
     0     0 197261.329    0  451 200227.000 197261.329  1.48%     -   37s
     0     0 197261.329    0  447 200227.000 197261.329  1.48%     -   37s
     0     0 197436.333    0  472 200227.000 197436.333  1.39%     -   41s
     0     0 197436.333    0  468 200227.000 197436.333  1.39%     -   42s
     0     0 197579.429    0  435 200227.000 197579.429  1.32%     -   45s
     0     0 197579.429    0  430 200227.000 197579.429  1.32%     -   46s
     0     0 197693.667    0  494 200227.000 197693.667  1.27%     -   48s
     0     0 197750.667    0  516 200227.000 197750.667  1.24%     -   50s
     0     0 197750.667    0  517 200227.000 197750.667  1.24%     -   50s
     0     0 197880.000    0  336 200227.000 197880.000  1.17%     -   52s
     0     0 197880.000    0  359 200227.000 197880.000  1.17%     -   53s
     0     0 197987.000    0  458 200227.000 197987.000  1.12%     -   56s
H    0     0                    200116.00000 197987.000  1.06%     -   56s
     0     0 197987.000    0  505 200116.000 197987.000  1.06%     -   57s
     0     0 197987.000    0  413 200116.000 197987.000  1.06%     -   60s
     0     0 197987.000    0  414 200116.000 197987.000  1.06%     -   61s
     0     0 197992.000    0  291 200116.000 197992.000  1.06%     -   64s
     0     0 197992.000    0  328 200116.000 197992.000  1.06%     -   66s
     0     0 198009.000    0  415 200116.000 198009.000  1.05%     -   68s
     0     0 198009.000    0  421 200116.000 198009.000  1.05%     -   68s
     0     0 198009.000    0  320 200116.000 198009.000  1.05%     -   71s
     0     0 198009.000    0  304 200116.000 198009.000  1.05%     -   72s
     0     0 198014.000    0  312 200116.000 198014.000  1.05%     -   75s
     0     0 198014.500    0  293 200116.000 198014.500  1.05%     -   77s
     0     0 198014.500    0  309 200116.000 198014.500  1.05%     -   77s
     0     0 198048.167    0  389 200116.000 198048.167  1.03%     -   79s
H    0     0                    199398.00000 198051.500  0.68%     -   81s
     0     0 198051.500    0  422 199398.000 198051.500  0.68%     -   81s
     0     0 198059.000    0  382 199398.000 198059.000  0.67%     -   85s
     0     0 198059.000    0  385 199398.000 198059.000  0.67%     -   86s
     0     0 198084.000    0  369 199398.000 198084.000  0.66%     -   89s
H    0     0                    199353.00000 198084.000  0.64%     -   90s
     0     0 198084.000    0  370 199353.000 198084.000  0.64%     -   90s
     0     0 198092.000    0  477 199353.000 198092.000  0.63%     -   93s
H    0     0                    198931.00000 198092.000  0.42%     -  109s
     0     0 198092.000    0  438 198931.000 198092.000  0.42%     -  110s
     0     0 198098.000    0  407 198931.000 198098.000  0.42%     -  112s
H    0     0                    198846.00000 198098.000  0.38%     -  114s
     0     0 198098.000    0  425 198846.000 198098.000  0.38%     -  115s
     0     0 198098.000    0  406 198846.000 198098.000  0.38%     -  117s
     0     0 198101.333    0  457 198846.000 198101.333  0.37%     -  119s
     0     0 198101.333    0  464 198846.000 198101.333  0.37%     -  119s
     0     0 198101.500    0  591 198846.000 198101.500  0.37%     -  120s
     0     0 198101.500    0  526 198846.000 198101.500  0.37%     -  121s
     0     0 198121.500    0  263 198846.000 198121.500  0.36%     -  126s
     0     0 198121.500    0  538 198846.000 198121.500  0.36%     -  130s
     0     0 198121.500    0  455 198846.000 198121.500  0.36%     -  132s
     0     0 198122.864    0  263 198846.000 198122.864  0.36%     -  137s
     0     0 198122.864    0  307 198846.000 198122.864  0.36%     -  139s
     0     0 198127.500    0  323 198846.000 198127.500  0.36%     -  142s
     0     0 198127.500    0  313 198846.000 198127.500  0.36%     -  143s
     0     0 198130.000    0  537 198846.000 198130.000  0.36%     -  145s
H    0     0                    198786.00000 198130.000  0.33%     -  147s
     0     0 198130.000    0  537 198786.000 198130.000  0.33%     -  147s
     0     0 198143.000    0  501 198786.000 198143.000  0.32%     -  151s
     0     0 198143.000    0  519 198786.000 198143.000  0.32%     -  154s
     0     0 198143.000    0  442 198786.000 198143.000  0.32%     -  158s
     0     0 198144.607    0  455 198786.000 198144.607  0.32%     -  160s
     0     0 198144.607    0  456 198786.000 198144.607  0.32%     -  160s
     0     0 198158.000    0  247 198786.000 198158.000  0.32%     -  165s
     0     0 198158.000    0  248 198786.000 198158.000  0.32%     -  167s
     0     0 198158.000    0  419 198786.000 198158.000  0.32%     -  170s
     0     0 198158.000    0  441 198786.000 198158.000  0.32%     -  172s
     0     0 198158.000    0  196 198786.000 198158.000  0.32%     -  177s
     0     0 198158.000    0  215 198786.000 198158.000  0.32%     -  179s
     0     0 198160.591    0  372 198786.000 198160.591  0.31%     -  183s
     0     0 198160.591    0  415 198786.000 198160.591  0.31%     -  185s
     0     0 198193.500    0  485 198786.000 198193.500  0.30%     -  189s
     0     0 198200.167    0  523 198786.000 198200.167  0.29%     -  191s
     0     0 198206.833    0  538 198786.000 198206.833  0.29%     -  192s
     0     0 198206.833    0  538 198786.000 198206.833  0.29%     -  192s
     0     0 198207.500    0  580 198786.000 198207.500  0.29%     -  194s
     0     0 198207.500    0  581 198786.000 198207.500  0.29%     -  195s
     0     0 198230.500    0  539 198786.000 198230.500  0.28%     -  200s
     0     0 198230.500    0  539 198786.000 198230.500  0.28%     -  200s
     0     0 198230.500    0  610 198786.000 198230.500  0.28%     -  202s
     0     0 198232.063    0  620 198786.000 198232.063  0.28%     -  205s
     0     0 198233.670    0  666 198786.000 198233.670  0.28%     -  207s
     0     0 198233.670    0  628 198786.000 198233.670  0.28%     -  208s
     0     0 198324.333    0  544 198786.000 198324.333  0.23%     -  211s
     0     0 198324.333    0  544 198786.000 198324.333  0.23%     -  211s
     0     0 198324.333    0  544 198786.000 198324.333  0.23%     -  212s
     0     0 198338.214    0  566 198786.000 198338.214  0.23%     -  214s
     0     0 198338.214    0  566 198786.000 198338.214  0.23%     -  214s
     0     0 198338.900    0  558 198786.000 198338.900  0.22%     -  215s
     0     0 198338.900    0  538 198786.000 198338.900  0.22%     -  216s
     0     0 198342.500    0  602 198786.000 198342.500  0.22%     -  219s
     0     0 198342.500    0  207 198786.000 198342.500  0.22%     -  225s
     0     0 198342.500    0  213 198786.000 198342.500  0.22%     -  226s
     0     0 198342.500    0  280 198786.000 198342.500  0.22%     -  226s
     0     0 198342.500    0  268 198786.000 198342.500  0.22%     -  226s
     0     0 198342.500    0  282 198786.000 198342.500  0.22%     -  227s
     0     0 198342.500    0  274 198786.000 198342.500  0.22%     -  227s
     0     0 198342.500    0  254 198786.000 198342.500  0.22%     -  227s
     0     0 198342.500    0  241 198786.000 198342.500  0.22%     -  227s
     0     0 198342.500    0  314 198786.000 198342.500  0.22%     -  228s
     0     0 198342.500    0  316 198786.000 198342.500  0.22%     -  228s
     0     0 198342.500    0  317 198786.000 198342.500  0.22%     -  229s
     0     0 198342.500    0  445 198786.000 198342.500  0.22%     -  232s
     0     0 198342.500    0  446 198786.000 198342.500  0.22%     -  233s
     0     0 198342.500    0  415 198786.000 198342.500  0.22%     -  233s
     0     0 198342.500    0  415 198786.000 198342.500  0.22%     -  233s
     0     0 198342.500    0  479 198786.000 198342.500  0.22%     -  236s
     0     0 198342.500    0  401 198786.000 198342.500  0.22%     -  237s
     0     0 198342.500    0  401 198786.000 198342.500  0.22%     -  237s
     0     0 198342.500    0  394 198786.000 198342.500  0.22%     -  238s
     0     0 198342.500    0  339 198786.000 198342.500  0.22%     -  238s
     0     0 198342.500    0  348 198786.000 198342.500  0.22%     -  238s
     0     0 198342.500    0  372 198786.000 198342.500  0.22%     -  238s
     0     0 198342.500    0  360 198786.000 198342.500  0.22%     -  239s
     0     0 198342.500    0  368 198786.000 198342.500  0.22%     -  239s
     0     0 198342.500    0  362 198786.000 198342.500  0.22%     -  239s
     0     0 198342.500    0  400 198786.000 198342.500  0.22%     -  239s
     0     0 198342.500    0  411 198786.000 198342.500  0.22%     -  241s
     0     0 198342.500    0  352 198786.000 198342.500  0.22%     -  242s
     0     0 198342.500    0  352 198786.000 198342.500  0.22%     -  242s
     0     0 198342.500    0  440 198786.000 198342.500  0.22%     -  243s
     0     0 198342.500    0  383 198786.000 198342.500  0.22%     -  244s
     0     0 198342.500    0  418 198786.000 198342.500  0.22%     -  247s
     0     0 198342.500    0  516 198786.000 198342.500  0.22%     -  249s
     0     0 198342.500    0  492 198786.000 198342.500  0.22%     -  249s
     0     0 198342.500    0  478 198786.000 198342.500  0.22%     -  249s
     0     0 198342.500    0  496 198786.000 198342.500  0.22%     -  249s
     0     0 198342.500    0  481 198786.000 198342.500  0.22%     -  250s
     0     0 198342.500    0  481 198786.000 198342.500  0.22%     -  250s
     0     0 198342.500    0  359 198786.000 198342.500  0.22%     -  251s
     0     0 198342.500    0  410 198786.000 198342.500  0.22%     -  252s
     0     0 198348.000    0  335 198786.000 198348.000  0.22%     -  257s
     0     0 198348.000    0  335 198786.000 198348.000  0.22%     -  258s
     0     0 198348.000    0  456 198786.000 198348.000  0.22%     -  260s
     0     0 198348.000    0  462 198786.000 198348.000  0.22%     -  262s
     0     0 198348.000    0  468 198786.000 198348.000  0.22%     -  265s
     0     0 198365.000    0  240 198786.000 198365.000  0.21%     -  268s
     0     0 198365.000    0  240 198786.000 198365.000  0.21%     -  268s
     0     0 198369.500    0  433 198786.000 198369.500  0.21%     -  270s
     0     0 198374.462    0  410 198786.000 198374.462  0.21%     -  272s
     0     0 198383.000    0  473 198786.000 198383.000  0.20%     -  273s
     0     0 198383.000    0  473 198786.000 198383.000  0.20%     -  273s
     0     0 198383.000    0  333 198786.000 198383.000  0.20%     -  274s
     0     0 198397.000    0  376 198786.000 198397.000  0.20%     -  276s
     0     0 198397.000    0  376 198786.000 198397.000  0.20%     -  276s
     0     0 198397.000    0  412 198786.000 198397.000  0.20%     -  278s
     0     0 198403.000    0  384 198786.000 198403.000  0.19%     -  280s
     0     0 198403.000    0  378 198786.000 198403.000  0.19%     -  283s
     0     0 198411.333    0  500 198786.000 198411.333  0.19%     -  284s
     0     0 198411.333    0  473 198786.000 198411.333  0.19%     -  284s
     0     0 198411.333    0  432 198786.000 198411.333  0.19%     -  286s
     0     0 198433.500    0  508 198786.000 198433.500  0.18%     -  288s
     0     0 198433.500    0  503 198786.000 198433.500  0.18%     -  288s
     0     0 198433.500    0  516 198786.000 198433.500  0.18%     -  288s
     0     0 198433.682    0  398 198786.000 198433.682  0.18%     -  289s
     0     0 198433.682    0  398 198786.000 198433.682  0.18%     -  289s
     0     0 198433.682    0  398 198786.000 198433.682  0.18%     -  289s
     0     0 198463.444    0  525 198786.000 198463.444  0.16%     -  291s
     0     0 198463.444    0  525 198786.000 198463.444  0.16%     -  291s
     0     0 198465.000    0  399 198786.000 198465.000  0.16%     -  292s
     0     0 198465.000    0  399 198786.000 198465.000  0.16%     -  292s
     0     0 198465.074    0  539 198786.000 198465.074  0.16%     -  293s
     0     0 198465.118    0  572 198786.000 198465.118  0.16%     -  293s
     0     0 198465.222    0  538 198786.000 198465.222  0.16%     -  294s
     0     0 198465.222    0  562 198786.000 198465.222  0.16%     -  294s
     0     0 198465.222    0  569 198786.000 198465.222  0.16%     -  295s
     0     0 198474.143    0  491 198786.000 198474.143  0.16%     -  296s
     0     0 198474.143    0  212 198786.000 198474.143  0.16%     -  305s
     0     0 198474.143    0  355 198786.000 198474.143  0.16%     -  307s
     0     0 198474.143    0  415 198786.000 198474.143  0.16%     -  309s
     0     0 198474.143    0  406 198786.000 198474.143  0.16%     -  310s
     0     0 198474.143    0  439 198786.000 198474.143  0.16%     -  311s
     0     0 198474.143    0  341 198786.000 198474.143  0.16%     -  312s
     0     0 198474.143    0  366 198786.000 198474.143  0.16%     -  313s
     0     0 198474.143    0  169 198786.000 198474.143  0.16%     -  317s
     0     0 198474.143    0  402 198786.000 198474.143  0.16%     -  319s
     0     0 198474.143    0  269 198786.000 198474.143  0.16%     -  320s
     0     0 198474.143    0  474 198786.000 198474.143  0.16%     -  320s
     0     0 198474.143    0  427 198786.000 198474.143  0.16%     -  323s
     0     0 198474.143    0  534 198786.000 198474.143  0.16%     -  325s
     0     0 198474.143    0  438 198786.000 198474.143  0.16%     -  326s
     0     0 198474.143    0  405 198786.000 198474.143  0.16%     -  327s
     0     0 198474.143    0  420 198786.000 198474.143  0.16%     -  328s
     0     0 198474.143    0  426 198786.000 198474.143  0.16%     -  329s
     0     0 198474.143    0  466 198786.000 198474.143  0.16%     -  329s
     0     0 198474.143    0  407 198786.000 198474.143  0.16%     -  330s
H    0     0                    198776.00000 198474.571  0.15%     -  331s
     0     0 198474.571    0  400 198776.000 198474.571  0.15%     -  331s
     0     0 198474.571    0  440 198776.000 198474.571  0.15%     -  331s
     0     0 198481.000    0  307 198776.000 198481.000  0.15%     -  333s
     0     0 198481.000    0  319 198776.000 198481.000  0.15%     -  334s
     0     0 198481.169    0  452 198776.000 198481.169  0.15%     -  334s
     0     0 198485.013    0  446 198776.000 198485.013  0.15%     -  336s
     0     0 198485.013    0  449 198776.000 198485.013  0.15%     -  337s
     0     0 198485.013    0  463 198776.000 198485.013  0.15%     -  338s
     0     0 198485.013    0  411 198776.000 198485.013  0.15%     -  339s
     0     0 198485.370    0  434 198776.000 198485.370  0.15%     -  340s
     0     0 198485.370    0  469 198776.000 198485.370  0.15%     -  341s
     0     0 198485.370    0  389 198776.000 198485.370  0.15%     -  342s
     0     0 198485.727    0  481 198776.000 198485.727  0.15%     -  342s
     0     0 198485.846    0  445 198776.000 198485.846  0.15%     -  344s
     0     0 198521.500    0  507 198776.000 198521.500  0.13%     -  344s
     0     0 198521.500    0  502 198776.000 198521.500  0.13%     -  344s
     0     0 198521.500    0  479 198776.000 198521.500  0.13%     -  345s
     0     0 198521.667    0  464 198776.000 198521.667  0.13%     -  346s
     0     0 198521.667    0  221 198776.000 198521.667  0.13%     -  350s
     0     0 198521.667    0  220 198776.000 198521.667  0.13%     -  350s
     0     0 198521.667    0  241 198776.000 198521.667  0.13%     -  350s
     0     0 198521.667    0  234 198776.000 198521.667  0.13%     -  350s
     0     0 198521.667    0  242 198776.000 198521.667  0.13%     -  350s
     0     0 198521.667    0  248 198776.000 198521.667  0.13%     -  351s
     0     0 198521.667    0  237 198776.000 198521.667  0.13%     -  351s
     0     0 198521.667    0  211 198776.000 198521.667  0.13%     -  351s
     0     0 198521.667    0  211 198776.000 198521.667  0.13%     -  351s
     0     0 198521.667    0  210 198776.000 198521.667  0.13%     -  351s
     0     0 198521.667    0  213 198776.000 198521.667  0.13%     -  351s
     0     0 198521.667    0  383 198776.000 198521.667  0.13%     -  352s
     0     0 198521.667    0  393 198776.000 198521.667  0.13%     -  352s
     0     0 198521.667    0  398 198776.000 198521.667  0.13%     -  353s
     0     0 198521.667    0  386 198776.000 198521.667  0.13%     -  353s
     0     0 198521.667    0  436 198776.000 198521.667  0.13%     -  354s
     0     0 198521.667    0  432 198776.000 198521.667  0.13%     -  354s
     0     0 198521.667    0  390 198776.000 198521.667  0.13%     -  355s
     0     0 198521.667    0  383 198776.000 198521.667  0.13%     -  355s
     0     0 198521.667    0  435 198776.000 198521.667  0.13%     -  355s
     0     0 198521.667    0  347 198776.000 198521.667  0.13%     -  356s
     0     0 198521.667    0  387 198776.000 198521.667  0.13%     -  356s
     0     0 198521.667    0  272 198776.000 198521.667  0.13%     -  356s
     0     0 198521.667    0  240 198776.000 198521.667  0.13%     -  357s
     0     0 198539.000    0  238 198776.000 198539.000  0.12%     -  357s
     0     0 198539.000    0  238 198776.000 198539.000  0.12%     -  357s
     0     0 198539.000    0  273 198776.000 198539.000  0.12%     -  357s
     0     0 198574.000    0  285 198776.000 198574.000  0.10%     -  358s
     0     0 198574.000    0  299 198776.000 198574.000  0.10%     -  358s
     0     0 198577.714    0  348 198776.000 198577.714  0.10%     -  359s
     0     0 198577.714    0  348 198776.000 198577.714  0.10%     -  359s
     0     0 198577.714    0  321 198776.000 198577.714  0.10%     -  360s
     0     0 198580.571    0  327 198776.000 198580.571  0.10%     -  360s
     0     0 198580.571    0  334 198776.000 198580.571  0.10%     -  360s
     0     0 198580.571    0  323 198776.000 198580.571  0.10%     -  360s
     0     0 198582.571    0  391 198776.000 198582.571  0.10%     -  360s
     0     0 198582.571    0  436 198776.000 198582.571  0.10%     -  360s
     0     0 198582.571    0  437 198776.000 198582.571  0.10%     -  360s
     0     0 198583.429    0  306 198776.000 198583.429  0.10%     -  361s
     0     0 198583.429    0  322 198776.000 198583.429  0.10%     -  361s
     0     0 198609.500    0  283 198776.000 198609.500  0.08%     -  361s
     0     0 198615.500    0  345 198776.000 198615.500  0.08%     -  361s
     0     0 198616.929    0  326 198776.000 198616.929  0.08%     -  361s
     0     0 198623.000    0  340 198776.000 198623.000  0.08%     -  362s
     0     0 198624.286    0  342 198776.000 198624.286  0.08%     -  362s
     0     0 198624.800    0  345 198776.000 198624.800  0.08%     -  362s
     0     0 198624.800    0  315 198776.000 198624.800  0.08%     -  362s
     0     0 198624.800    0  330 198776.000 198624.800  0.08%     -  362s
     0     0 198629.000    0  287 198776.000 198629.000  0.07%     -  364s
     0     0 198629.000    0  108 198776.000 198629.000  0.07%     -  367s
     0     0 198629.000    0  136 198776.000 198629.000  0.07%     -  367s
     0     0 198629.000    0  165 198776.000 198629.000  0.07%     -  367s
     0     0 198629.000    0  228 198776.000 198629.000  0.07%     -  367s
     0     0 198629.000    0  175 198776.000 198629.000  0.07%     -  367s
     0     0 198629.000    0  175 198776.000 198629.000  0.07%     -  367s
     0     0 198629.000    0  251 198776.000 198629.000  0.07%     -  368s
     0     0 198629.000    0  288 198776.000 198629.000  0.07%     -  368s
     0     0 198629.000    0   99 198776.000 198629.000  0.07%     -  370s
     0     0 198629.000    0  269 198776.000 198629.000  0.07%     -  370s
     0     0 198629.000    0  282 198776.000 198629.000  0.07%     -  370s
     0     0 198629.000    0  323 198776.000 198629.000  0.07%     -  370s
     0     0 198637.000    0  191 198776.000 198637.000  0.07%     -  371s
     0     0 198637.000    0  212 198776.000 198637.000  0.07%     -  371s
     0     0 198637.000    0  207 198776.000 198637.000  0.07%     -  371s
     0     0 198637.000    0  187 198776.000 198637.000  0.07%     -  371s
     0     0 198637.000    0  311 198776.000 198637.000  0.07%     -  371s
     0     0 198637.000    0  224 198776.000 198637.000  0.07%     -  371s
     0     0 198637.000    0   58 198776.000 198637.000  0.07%     -  372s
     0     0 198637.000    0   58 198776.000 198637.000  0.07%     -  372s
     0     0 198637.000    0  115 198776.000 198637.000  0.07%     -  372s
     0     0 198637.000    0  119 198776.000 198637.000  0.07%     -  372s
     0     0 198637.000    0   75 198776.000 198637.000  0.07%     -  372s
     0     0 198637.000    0  112 198776.000 198637.000  0.07%     -  372s
     0     0 198637.000    0  108 198776.000 198637.000  0.07%     -  372s
     0     0 198637.000    0  133 198776.000 198637.000  0.07%     -  372s
     0     0 198637.000    0  150 198776.000 198637.000  0.07%     -  372s
     0     0 198637.000    0  146 198776.000 198637.000  0.07%     -  373s
     0     0 198637.000    0  158 198776.000 198637.000  0.07%     -  373s
     0     0 198637.000    0  216 198776.000 198637.000  0.07%     -  373s
     0     0 198637.000    0  154 198776.000 198637.000  0.07%     -  373s
     0     0 198637.000    0  162 198776.000 198637.000  0.07%     -  373s
     0     0 198637.000    0  188 198776.000 198637.000  0.07%     -  373s
     0     0 198637.000    0  179 198776.000 198637.000  0.07%     -  373s
     0     0 198637.000    0  183 198776.000 198637.000  0.07%     -  373s
     0     0 198637.000    0  160 198776.000 198637.000  0.07%     -  373s
     0     0 198637.000    0  183 198776.000 198637.000  0.07%     -  373s
     0     0 198637.000    0  188 198776.000 198637.000  0.07%     -  373s
     0     0 198637.000    0  174 198776.000 198637.000  0.07%     -  373s
     0     0 198637.000    0  257 198776.000 198637.000  0.07%     -  373s
     0     0 198637.000    0  251 198776.000 198637.000  0.07%     -  374s
     0     0 198637.000    0  126 198776.000 198637.000  0.07%     -  374s
     0     0 198637.000    0  138 198776.000 198637.000  0.07%     -  374s
     0     0 198637.000    0  157 198776.000 198637.000  0.07%     -  374s
     0     0 198637.000    0  143 198776.000 198637.000  0.07%     -  374s
     0     0 198637.000    0  141 198776.000 198637.000  0.07%     -  374s
     0     0 198637.000    0  146 198776.000 198637.000  0.07%     -  374s
     0     0 198637.000    0  184 198776.000 198637.000  0.07%     -  374s
     0     0 198637.000    0  206 198776.000 198637.000  0.07%     -  374s
     0     0 198637.000    0  148 198776.000 198637.000  0.07%     -  374s
     0     0 198637.000    0  184 198776.000 198637.000  0.07%     -  374s
     0     0 198637.000    0  201 198776.000 198637.000  0.07%     -  375s
     0     0 198637.000    0  234 198776.000 198637.000  0.07%     -  375s
     0     0 198637.000    0  237 198776.000 198637.000  0.07%     -  375s
     0     0 198637.000    0  262 198776.000 198637.000  0.07%     -  375s
     0     0 198637.000    0  268 198776.000 198637.000  0.07%     -  375s
     0     0 198637.000    0  226 198776.000 198637.000  0.07%     -  375s
     0     0 198637.000    0  265 198776.000 198637.000  0.07%     -  375s
     0     0 198638.500    0   82 198776.000 198638.500  0.07%     -  376s
     0     0 198638.500    0  155 198776.000 198638.500  0.07%     -  376s
     0     0 198638.500    0  121 198776.000 198638.500  0.07%     -  376s
     0     0 198638.500    0  140 198776.000 198638.500  0.07%     -  376s
     0     0 198638.500    0  130 198776.000 198638.500  0.07%     -  376s
     0     0 198638.500    0  138 198776.000 198638.500  0.07%     -  376s
     0     0 198638.500    0  119 198776.000 198638.500  0.07%     -  376s
     0     0 198642.000    0  187 198776.000 198642.000  0.07%     -  376s
     0     0 198642.000    0  249 198776.000 198642.000  0.07%     -  377s
     0     0 198642.096    0  273 198776.000 198642.096  0.07%     -  377s
     0     0 198642.096    0  328 198776.000 198642.096  0.07%     -  377s
     0     0 198663.000    0  207 198776.000 198663.000  0.06%     -  377s
     0     0 198663.000    0  207 198776.000 198663.000  0.06%     -  377s
     0     0 198663.000    0  206 198776.000 198663.000  0.06%     -  378s
     0     0 198663.000    0  255 198776.000 198663.000  0.06%     -  378s
     0     0 198663.000    0   93 198776.000 198663.000  0.06%     -  381s
     0     0 198663.000    0   86 198776.000 198663.000  0.06%     -  381s
     0     0 198663.000    0   84 198776.000 198663.000  0.06%     -  381s
     0     0 198663.000    0  215 198776.000 198663.000  0.06%     -  381s
     0     0 198663.000    0  267 198776.000 198663.000  0.06%     -  381s
     0     0 198663.000    0  270 198776.000 198663.000  0.06%     -  382s
     0     0 198663.000    0  285 198776.000 198663.000  0.06%     -  382s
     0     0 198663.000    0  168 198776.000 198663.000  0.06%     -  382s
     0     0 198663.000    0  175 198776.000 198663.000  0.06%     -  382s
     0     0 198663.000    0  230 198776.000 198663.000  0.06%     -  382s
     0     0 198663.000    0  258 198776.000 198663.000  0.06%     -  382s
     0     0 198663.000    0   56 198776.000 198663.000  0.06%     -  383s
     0     0 198663.000    0  110 198776.000 198663.000  0.06%     -  383s
     0     0 198666.333    0  248 198776.000 198666.333  0.06%     -  384s
     0     0 198666.333    0  248 198776.000 198666.333  0.06%     -  384s
     0     0 198673.000    0  242 198776.000 198673.000  0.05%     -  384s
     0     0 198673.000    0  242 198776.000 198673.000  0.05%     -  384s
     0     0 198673.000    0  247 198776.000 198673.000  0.05%     -  384s
     0     0 198673.000    0  121 198776.000 198673.000  0.05%     -  384s
     0     0 198673.000    0  122 198776.000 198673.000  0.05%     -  384s
     0     0 198686.500    0  298 198776.000 198686.500  0.05%     -  385s
     0     0 198687.333    0  290 198776.000 198687.333  0.04%     -  385s
     0     0 198687.333    0  227 198776.000 198687.333  0.04%     -  385s
     0     0 198687.333    0  209 198776.000 198687.333  0.04%     -  385s
     0     0 198687.333    0  261 198776.000 198687.333  0.04%     -  385s
     0     0 198687.333    0  277 198776.000 198687.333  0.04%     -  385s
     0     0 198687.333    0  256 198776.000 198687.333  0.04%     -  385s
     0     0 198687.333    0  257 198776.000 198687.333  0.04%     -  385s
     0     0 198687.333    0  283 198776.000 198687.333  0.04%     -  385s
     0     0 198687.333    0  288 198776.000 198687.333  0.04%     -  385s
     0     0 198687.333    0  294 198776.000 198687.333  0.04%     -  386s
     0     0 198692.833    0  307 198776.000 198692.833  0.04%     -  386s
     0     0 198692.833    0  273 198776.000 198692.833  0.04%     -  386s
     0     0 198692.833    0  251 198776.000 198692.833  0.04%     -  386s
     0     0 198692.833    0  268 198776.000 198692.833  0.04%     -  386s
     0     0 198721.000    0  197 198776.000 198721.000  0.03%     -  386s
     0     0 198721.000    0   63 198776.000 198721.000  0.03%     -  387s
     0     0 198721.000    0  150 198776.000 198721.000  0.03%     -  387s
     0     0 198721.000    0  164 198776.000 198721.000  0.03%     -  387s
     0     0 198721.000    0  203 198776.000 198721.000  0.03%     -  387s
     0     0 198721.000    0  124 198776.000 198721.000  0.03%     -  387s
     0     0 198721.000    0  119 198776.000 198721.000  0.03%     -  387s
     0     0 198721.278    0  144 198776.000 198721.278  0.03%     -  387s
     0     0 198726.000    0  124 198776.000 198726.000  0.03%     -  387s
     0     0 198726.000    0  124 198776.000 198726.000  0.03%     -  387s
     0     0 198726.000    0  107 198776.000 198726.000  0.03%     -  387s
     0     0 198726.000    0  157 198776.000 198726.000  0.03%     -  387s
     0     0 198726.000    0  162 198776.000 198726.000  0.03%     -  387s
     0     0          -    0      198776.000 198765.000  0.01%     -  388s

Cutting planes:
  Implied bound: 6
  MIR: 1
  Zero half: 12
  RLT: 7

Explored 1 nodes (692929 simplex iterations) in 388.17 seconds (713.89 work units)
Thread count was 32 (of 32 available processors)

Solution count 10: 198776 198776 198776 ... 198786

Optimal solution found (tolerance 1.00e-04)
Best objective 1.987760000000e+05, best bound 1.987650000000e+05, gap 0.0055%
