
Gurobi 11.0.3 (win64) logging started Thu May  8 00:18:32 2025

Set parameter LogFile to value "run_logs\instance1c_20250508_001832.log"
Set parameter TimeLimit to value 3600
Gurobi Optimizer version 11.0.3 build v11.0.3rc0 (win64 - Windows 11+.0 (26100.2))

CPU model: Intel(R) Core(TM) i9-14900K, instruction set [SSE2|AVX|AVX2]
Thread count: 24 physical cores, 32 logical processors, using up to 32 threads

Optimize a model with 15512 rows, 8840 columns and 35924 nonzeros
Model fingerprint: 0x34af1a55
Variable types: 6588 continuous, 2252 integer (2252 binary)
Coefficient statistics:
  Matrix range     [1e+00, 2e+02]
  Objective range  [5e+01, 1e+04]
  Bounds range     [1e+00, 1e+00]
  RHS range        [1e+00, 3e+02]
Presolve removed 14596 rows and 6943 columns
Presolve time: 0.08s
Presolved: 916 rows, 1897 columns, 10532 nonzeros
Variable types: 0 continuous, 1897 integer (1610 binary)
Found heuristic solution: objective 156287.00000

Root relaxation: objective 6.695882e+04, 628 iterations, 0.01 seconds (0.01 work units)

    Nodes    |    Current Node    |     Objective Bounds      |     Work
 Expl Unexpl |  Obj  Depth IntInf | Incumbent    BestBd   Gap | It/Node Time

     0     0 66958.8221    0   85 156287.000 66958.8221  57.2%     -    0s
H    0     0                    68019.000000 66958.8221  1.56%     -    0s
H    0     0                    67787.000000 66958.8221  1.22%     -    0s
H    0     0                    67482.000000 66958.8221  0.78%     -    0s
H    0     0                    67406.000000 66958.8221  0.66%     -    0s
     0     0 67036.1429    0   70 67406.0000 67036.1429  0.55%     -    0s
     0     0 67036.1429    0   75 67406.0000 67036.1429  0.55%     -    0s
H    0     0                    67390.000000 67036.1429  0.53%     -    0s
     0     0 67087.5000    0   53 67390.0000 67087.5000  0.45%     -    0s
H    0     0                    67370.000000 67113.7558  0.38%     -    0s
H    0     0                    67305.000000 67113.7558  0.28%     -    0s
     0     0 67113.7558    0   68 67305.0000 67113.7558  0.28%     -    0s
     0     0 67113.7558    0   73 67305.0000 67113.7558  0.28%     -    0s
     0     0 67113.7558    0   70 67305.0000 67113.7558  0.28%     -    0s
H    0     0                    67265.000000 67113.7558  0.22%     -    0s
H    0     0                    67237.000000 67113.7558  0.18%     -    0s
     0     0 67203.5000    0   34 67237.0000 67203.5000  0.05%     -    0s

Cutting planes:
  Gomory: 4
  Implied bound: 7
  MIR: 13
  Flow cover: 2
  Zero half: 3
  RLT: 16
  BQP: 1

Explored 1 nodes (1255 simplex iterations) in 0.22 seconds (0.30 work units)
Thread count was 32 (of 32 available processors)

Solution count 10: 67237 67265 67305 ... 67787

Optimal solution found (tolerance 1.00e-04)
Best objective 6.723700000000e+04, best bound 6.723700000000e+04, gap 0.0000%
