
Gurobi 11.0.3 (win64) logging started Thu May  8 01:08:42 2025

Set parameter LogFile to value "run_logs\instance5c_20250508_010842.log"
Set parameter TimeLimit to value 3600
Gurobi Optimizer version 11.0.3 build v11.0.3rc0 (win64 - Windows 11+.0 (26100.2))

CPU model: Intel(R) Core(TM) i9-14900K, instruction set [SSE2|AVX|AVX2]
Thread count: 24 physical cores, 32 logical processors, using up to 32 threads

Optimize a model with 1442411 rows, 760625 columns and 3283061 nonzeros
Model fingerprint: 0xd2667cf0
Variable types: 570024 continuous, 190601 integer (190601 binary)
Coefficient statistics:
  Matrix range     [1e+00, 2e+02]
  Objective range  [5e+01, 1e+04]
  Bounds range     [1e+00, 1e+00]
  RHS range        [1e+00, 3e+02]
Presolve removed 1183398 rows and 496724 columns
Presolve time: 4.10s
Presolved: 259013 rows, 263901 columns, 1098009 nonzeros
Variable types: 3239 continuous, 260662 integer (126123 binary)
Found heuristic solution: objective 1557331.0000
Deterministic concurrent LP optimizer: primal simplex, dual simplex, and barrier
Showing barrier log only...

Root barrier log...

Ordering time: 0.09s

Barrier statistics:
 AA' NZ     : 5.788e+05
 Factor NZ  : 2.665e+06 (roughly 80 MB of memory)
 Factor Ops : 3.616e+08 (less than 1 second per iteration)
 Threads    : 22

                  Objective                Residual
Iter       Primal          Dual         Primal    Dual     Compl     Time
   0   1.23062865e+09 -7.47206738e+09  3.86e+03 2.58e+04  7.38e+05     9s
   1   6.78327053e+08 -7.72273809e+09  1.90e+03 1.22e+04  3.40e+05     9s
   2   1.20055785e+08 -6.32407946e+09  2.38e+02 1.63e+03  6.11e+04     9s
   3   7.11521889e+07 -2.17538344e+09  1.02e+02 9.87e+01  1.94e+04     9s
   4   5.25694497e+07 -7.49336840e+08  5.21e+01 4.73e-10  7.33e+03     9s
   5   3.10306821e+07 -2.01408230e+08  9.09e+00 3.49e-10  1.59e+03     9s
   6   2.00293663e+07 -8.23840882e+07  4.03e+00 2.33e-10  6.84e+02     9s
   7   7.08112867e+06 -2.25487795e+07  9.59e-01 2.95e-10  1.80e+02     9s
   8   3.28443712e+06 -7.04670690e+06  3.66e-01 1.08e-09  5.88e+01     9s
   9   1.06956299e+06 -3.40067374e+06  7.55e-02 6.33e-10  2.16e+01     9s
  10   5.89075293e+05 -1.44353760e+06  2.92e-02 6.21e-10  9.37e+00    10s
  11   4.48523499e+05 -9.25827532e+05  1.81e-02 7.85e-10  6.24e+00    10s
  12   3.51921038e+05 -3.99372888e+05  1.06e-02 7.95e-10  3.38e+00    10s
  13   3.07227330e+05 -1.27111332e+05  7.51e-03 6.02e-10  1.95e+00    10s
  14   2.44613482e+05  3.82257647e+04  3.14e-03 5.04e-10  9.19e-01    10s
  15   2.14826713e+05  1.20109956e+05  1.27e-03 5.31e-10  4.20e-01    10s
  16   1.95799951e+05  1.43066460e+05  2.98e-04 5.57e-10  2.32e-01    10s
  17   1.94281861e+05  1.54364104e+05  2.53e-04 3.05e-10  1.76e-01    10s
  18   1.89200454e+05  1.61753891e+05  1.19e-04 2.58e-10  1.21e-01    10s
  19   1.87282092e+05  1.67802180e+05  8.69e-05 6.31e-10  8.57e-02    10s
  20   1.86709255e+05  1.71351063e+05  7.82e-05 5.86e-10  6.76e-02    10s
  21   1.83822093e+05  1.73946097e+05  3.89e-05 7.17e-10  4.34e-02    10s
  22   1.82455975e+05  1.74810207e+05  2.49e-05 5.83e-10  3.36e-02    10s
  23   1.81345152e+05  1.76104902e+05  1.46e-05 3.35e-10  2.30e-02    10s
  24   1.80523425e+05  1.78158924e+05  7.59e-06 4.73e-10  1.04e-02    10s
  25   1.80095162e+05  1.78682975e+05  4.27e-06 3.83e-10  6.21e-03    10s
  26   1.79748379e+05  1.79167729e+05  1.74e-06 5.54e-10  2.55e-03    10s
  27   1.79559503e+05  1.79447028e+05  4.24e-07 3.28e-10  4.95e-04    10s
  28   1.79496968e+05  1.79490915e+05  3.08e-08 3.90e-10  2.67e-05    10s
  29   1.79492005e+05  1.79492000e+05  2.90e-11 9.39e-10  2.22e-08    10s
  30   1.79492000e+05  1.79492000e+05  2.29e-12 9.77e-10  4.53e-11    10s

Barrier solved model in 30 iterations and 10.08 seconds (22.97 work units)
Optimal objective 1.79492000e+05


Root crossover log...

    6667 DPushes remaining with DInf 0.0000000e+00                10s
       0 DPushes remaining with DInf 0.0000000e+00                10s

     504 PPushes remaining with PInf 0.0000000e+00                10s
       0 PPushes remaining with PInf 0.0000000e+00                10s

  Push phase complete: Pinf 0.0000000e+00, Dinf 5.8087979e-11     10s


Root simplex log...

Iteration    Objective       Primal Inf.    Dual Inf.      Time
    7026    1.7949200e+05   0.000000e+00   0.000000e+00     10s
Concurrent spin time: 0.01s

Solved with barrier
    7568    1.7949200e+05   0.000000e+00   0.000000e+00     10s
Extra simplex iterations after uncrush: 542

Use crossover to convert LP symmetric solution to basic solution...

Root crossover log...

     723 DPushes remaining with DInf 0.0000000e+00                10s
       0 DPushes remaining with DInf 0.0000000e+00                10s

     424 PPushes remaining with PInf 0.0000000e+00                10s
       0 PPushes remaining with PInf 0.0000000e+00                10s

  Push phase complete: Pinf 0.0000000e+00, Dinf 1.9320412e-10     10s


Root simplex log...

Iteration    Objective       Primal Inf.    Dual Inf.      Time
    8676    1.7949200e+05   0.000000e+00   0.000000e+00     10s
    8676    1.7949200e+05   0.000000e+00   0.000000e+00     10s

Root relaxation: objective 1.794920e+05, 8676 iterations, 1.86 seconds (2.33 work units)
Total elapsed time = 10.49s (DegenMoves)

    Nodes    |    Current Node    |     Objective Bounds      |     Work
 Expl Unexpl |  Obj  Depth IntInf | Incumbent    BestBd   Gap | It/Node Time

     0     0 179492.000    0  291 1557331.00 179492.000  88.5%     -   12s
H    0     0                    1519246.0000 179492.000  88.2%     -   12s
H    0     0                    1008777.0000 179492.000  82.2%     -   12s
     0     0 179494.500    0  405 1008777.00 179494.500  82.2%     -   23s
H    0     0                    1008681.0000 179494.500  82.2%     -   24s
H    0     0                    199978.00000 179494.500  10.2%     -   31s
     0     0 179512.000    0  470 199978.000 179512.000  10.2%     -   32s
     0     0 179570.000    0  464 199978.000 179570.000  10.2%     -   35s
H    0     0                    199894.00000 179570.000  10.2%     -   37s
     0     0 179570.000    0  499 199894.000 179570.000  10.2%     -   39s
     0     0 179570.000    0  404 199894.000 179570.000  10.2%     -   40s
     0     0 179716.143    0  288 199894.000 179716.143  10.1%     -   43s
     0     0 179716.143    0  356 199894.000 179716.143  10.1%     -   45s
     0     0 179861.000    0  346 199894.000 179861.000  10.0%     -   48s
     0     0 179861.000    0  333 199894.000 179861.000  10.0%     -   49s
     0     0 179861.000    0  436 199894.000 179861.000  10.0%     -   51s
     0     0 179861.359    0  461 199894.000 179861.359  10.0%     -   53s
     0     0 179861.359    0  514 199894.000 179861.359  10.0%     -   53s
     0     0 179876.767    0  296 199894.000 179876.767  10.0%     -   57s
H    0     0                    184483.00000 179876.767  2.50%     -   58s
     0     0 179892.767    0  424 184483.000 179892.767  2.49%     -   59s
     0     0 179892.767    0  436 184483.000 179892.767  2.49%     -   59s
     0     0 179983.714    0  453 184483.000 179983.714  2.44%     -   62s
H    0     0                    184211.00000 179983.714  2.29%     -   63s
H    0     0                    182794.00000 179983.714  1.54%     -   63s
     0     0 179983.714    0  392 182794.000 179983.714  1.54%     -   64s
     0     0 179988.000    0  398 182794.000 179988.000  1.54%     -   66s
     0     0 179988.625    0  429 182794.000 179988.625  1.53%     -   68s
     0     0 179988.625    0  428 182794.000 179988.625  1.53%     -   68s
     0     0 179998.000    0  503 182794.000 179998.000  1.53%     -   70s
     0     0 179998.000    0  506 182794.000 179998.000  1.53%     -   72s
     0     0 180003.000    0  363 182794.000 180003.000  1.53%     -   75s
     0     0 180003.000    0  365 182794.000 180003.000  1.53%     -   76s
     0     0 180018.000    0  422 182794.000 180018.000  1.52%     -   78s
H    0     0                    182659.00000 180018.000  1.45%     -   79s
     0     0 180018.000    0  449 182659.000 180018.000  1.45%     -   80s
     0     0 180021.000    0  423 182659.000 180021.000  1.44%     -   84s
H    0     0                    181024.00000 180021.000  0.55%     -   88s
     0     0 180021.000    0  350 181024.000 180021.000  0.55%     -   89s
     0     0 180021.000    0  468 181024.000 180021.000  0.55%     -   92s
     0     0 180021.000    0  388 181024.000 180021.000  0.55%     -   93s
     0     0 180021.000    0  218 181024.000 180021.000  0.55%     -   97s
     0     0 180021.000    0  290 181024.000 180021.000  0.55%     -  104s
     0     0 180021.000    0  325 181024.000 180021.000  0.55%     -  105s
     0     0 180033.455    0  286 181024.000 180033.455  0.55%     -  110s
     0     0 180033.455    0  291 181024.000 180033.455  0.55%     -  112s
     0     0 180040.556    0  541 181024.000 180040.556  0.54%     -  115s
     0     0 180040.556    0  542 181024.000 180040.556  0.54%     -  116s
     0     0 180052.667    0  429 181024.000 180052.667  0.54%     -  120s
     0     0 180052.667    0  427 181024.000 180052.667  0.54%     -  121s
     0     0 180055.702    0  616 181024.000 180055.702  0.53%     -  126s
     0     0 180055.702    0  615 181024.000 180055.702  0.53%     -  128s
     0     0 180074.500    0  359 181024.000 180074.500  0.52%     -  133s
     0     0 180074.500    0  354 181024.000 180074.500  0.52%     -  135s
     0     0 180080.500    0  425 181024.000 180080.500  0.52%     -  137s
H    0     0                    180853.00000 180080.500  0.43%     -  138s
     0     0 180080.500    0  436 180853.000 180080.500  0.43%     -  138s
     0     0 180084.697    0  688 180853.000 180084.697  0.42%     -  141s
     0     0 180099.000    0  437 180853.000 180099.000  0.42%     -  166s
     0     0 180099.000    0  448 180853.000 180099.000  0.42%     -  166s
     0     0 180110.429    0  488 180853.000 180110.429  0.41%     -  170s
     0     0 180111.000    0  476 180853.000 180111.000  0.41%     -  172s
     0     0 180132.000    0  395 180853.000 180132.000  0.40%     -  175s
     0     0 180132.000    0  395 180853.000 180132.000  0.40%     -  175s
     0     0 180132.000    0  405 180853.000 180132.000  0.40%     -  178s
     0     0 180147.000    0  388 180853.000 180147.000  0.39%     -  181s
     0     0 180148.250    0  552 180853.000 180148.250  0.39%     -  185s
     0     0 180150.000    0  501 180853.000 180150.000  0.39%     -  186s
     0     0 180150.000    0  500 180853.000 180150.000  0.39%     -  186s
     0     0 180154.000    0  522 180853.000 180154.000  0.39%     -  189s
     0     0 180154.786    0  655 180853.000 180154.786  0.39%     -  192s
     0     0 180154.786    0  655 180853.000 180154.786  0.39%     -  192s
     0     0 180158.000    0  520 180853.000 180158.000  0.38%     -  195s
     0     0 180158.500    0  489 180853.000 180158.500  0.38%     -  197s
     0     0 180158.500    0  511 180853.000 180158.500  0.38%     -  197s
     0     0 180220.500    0  325 180853.000 180220.500  0.35%     -  202s
     0     0 180220.500    0  326 180853.000 180220.500  0.35%     -  204s
     0     0 180225.083    0  465 180853.000 180225.083  0.35%     -  207s
     0     0 180225.083    0  464 180853.000 180225.083  0.35%     -  208s
     0     0 180269.800    0  676 180853.000 180269.800  0.32%     -  211s
     0     0 180274.383    0  607 180853.000 180274.383  0.32%     -  213s
     0     0 180275.033    0  561 180853.000 180275.033  0.32%     -  213s
     0     0 180275.033    0  613 180853.000 180275.033  0.32%     -  214s
     0     0 180302.357    0  529 180853.000 180302.357  0.30%     -  215s
     0     0 180302.357    0  528 180853.000 180302.357  0.30%     -  215s
     0     0 180302.357    0  535 180853.000 180302.357  0.30%     -  216s
     0     0 180356.250    0  436 180853.000 180356.250  0.27%     -  219s
     0     0 180356.250    0  436 180853.000 180356.250  0.27%     -  219s
     0     0 180359.500    0  341 180853.000 180359.500  0.27%     -  221s
     0     0 180372.568    0  527 180853.000 180372.568  0.27%     -  223s
     0     0 180372.568    0  271 180853.000 180372.568  0.27%     -  232s
     0     0 180372.568    0  256 180853.000 180372.568  0.27%     -  233s
     0     0 180372.568    0  279 180853.000 180372.568  0.27%     -  233s
     0     0 180372.568    0  268 180853.000 180372.568  0.27%     -  233s
     0     0 180372.568    0  278 180853.000 180372.568  0.27%     -  233s
     0     0 180372.568    0  328 180853.000 180372.568  0.27%     -  234s
     0     0 180372.568    0  368 180853.000 180372.568  0.27%     -  236s
     0     0 180372.568    0  456 180853.000 180372.568  0.27%     -  239s
     0     0 180372.568    0  332 180853.000 180372.568  0.27%     -  241s
     0     0 180372.568    0  413 180853.000 180372.568  0.27%     -  243s
     0     0 180372.568    0  464 180853.000 180372.568  0.27%     -  243s
     0     0 180372.568    0  443 180853.000 180372.568  0.27%     -  244s
     0     0 180372.568    0  427 180853.000 180372.568  0.27%     -  244s
     0     0 180372.568    0  308 180853.000 180372.568  0.27%     -  247s
     0     0 180372.568    0  285 180853.000 180372.568  0.27%     -  247s
     0     0 180372.568    0  386 180853.000 180372.568  0.27%     -  251s
     0     0 180372.568    0  366 180853.000 180372.568  0.27%     -  251s
     0     0 180372.568    0  333 180853.000 180372.568  0.27%     -  251s
     0     0 180372.568    0  337 180853.000 180372.568  0.27%     -  252s
     0     0 180372.568    0  342 180853.000 180372.568  0.27%     -  254s
     0     0 180372.568    0  483 180853.000 180372.568  0.27%     -  255s
     0     0 180372.568    0  513 180853.000 180372.568  0.27%     -  256s
     0     0 180372.568    0  485 180853.000 180372.568  0.27%     -  257s
     0     0 180372.568    0  486 180853.000 180372.568  0.27%     -  257s
     0     0 180372.568    0  520 180853.000 180372.568  0.27%     -  260s
     0     0 180372.568    0  430 180853.000 180372.568  0.27%     -  261s
     0     0 180372.568    0  462 180853.000 180372.568  0.27%     -  263s
     0     0 180372.568    0  491 180853.000 180372.568  0.27%     -  264s
     0     0 180374.074    0  467 180853.000 180374.074  0.26%     -  268s
     0     0 180374.074    0  467 180853.000 180374.074  0.26%     -  268s
     0     0 180379.473    0  603 180853.000 180379.473  0.26%     -  270s
     0     0 180379.473    0  603 180853.000 180379.473  0.26%     -  270s
     0     0 180464.000    0  520 180853.000 180464.000  0.22%     -  273s
     0     0 180464.000    0  526 180853.000 180464.000  0.22%     -  273s
     0     0 180464.000    0  524 180853.000 180464.000  0.22%     -  273s
     0     0 180477.000    0  450 180853.000 180477.000  0.21%     -  275s
     0     0 180477.000    0  450 180853.000 180477.000  0.21%     -  275s
     0     0 180477.000    0  440 180853.000 180477.000  0.21%     -  276s
     0     0 180477.000    0  454 180853.000 180477.000  0.21%     -  276s
     0     0 180501.000    0  416 180853.000 180501.000  0.19%     -  282s
     0     0 180501.000    0  365 180853.000 180501.000  0.19%     -  283s
H    0     0                    180758.00000 180501.000  0.14%     -  284s
     0     0 180501.000    0  447 180758.000 180501.000  0.14%     -  285s
     0     0 180501.071    0  440 180758.000 180501.071  0.14%     -  285s
     0     0 180501.071    0  434 180758.000 180501.071  0.14%     -  286s
     0     0 180501.071    0  422 180758.000 180501.071  0.14%     -  286s
     0     0 180503.000    0  293 180758.000 180503.000  0.14%     -  290s
     0     0 180503.000    0  231 180758.000 180503.000  0.14%     -  297s
     0     0 180503.000    0  244 180758.000 180503.000  0.14%     -  297s
     0     0 180503.000    0  246 180758.000 180503.000  0.14%     -  297s
     0     0 180503.000    0  300 180758.000 180503.000  0.14%     -  298s
     0     0 180503.000    0  256 180758.000 180503.000  0.14%     -  298s
     0     0 180503.000    0  305 180758.000 180503.000  0.14%     -  298s
     0     0 180503.000    0  355 180758.000 180503.000  0.14%     -  299s
     0     0 180503.000    0  354 180758.000 180503.000  0.14%     -  300s
     0     0 180503.000    0  330 180758.000 180503.000  0.14%     -  300s
     0     0 180503.000    0  379 180758.000 180503.000  0.14%     -  302s
     0     0 180503.000    0  385 180758.000 180503.000  0.14%     -  302s
     0     0 180503.000    0  349 180758.000 180503.000  0.14%     -  302s
     0     0 180503.000    0  364 180758.000 180503.000  0.14%     -  303s
     0     0 180503.000    0  359 180758.000 180503.000  0.14%     -  303s
     0     0 180503.000    0  392 180758.000 180503.000  0.14%     -  303s
     0     0 180503.000    0  389 180758.000 180503.000  0.14%     -  303s
     0     0 180503.000    0  388 180758.000 180503.000  0.14%     -  303s
     0     0 180503.000    0  481 180758.000 180503.000  0.14%     -  304s
     0     0 180503.000    0  482 180758.000 180503.000  0.14%     -  304s
     0     0 180503.000    0  487 180758.000 180503.000  0.14%     -  304s
     0     0 180503.000    0  402 180758.000 180503.000  0.14%     -  304s
     0     0 180503.000    0  397 180758.000 180503.000  0.14%     -  305s
     0     0 180503.000    0  373 180758.000 180503.000  0.14%     -  305s
     0     0 180503.000    0  444 180758.000 180503.000  0.14%     -  305s
     0     0 180503.000    0  488 180758.000 180503.000  0.14%     -  306s
     0     0 180503.000    0  488 180758.000 180503.000  0.14%     -  307s
     0     0 180503.000    0  407 180758.000 180503.000  0.14%     -  307s
     0     0 180503.000    0  398 180758.000 180503.000  0.14%     -  307s
     0     0 180503.000    0  367 180758.000 180503.000  0.14%     -  308s
     0     0 180503.000    0  354 180758.000 180503.000  0.14%     -  309s
     0     0 180546.500    0  395 180758.000 180546.500  0.12%     -  311s
     0     0 180569.000    0  234 180758.000 180569.000  0.10%     -  312s
     0     0 180569.000    0  249 180758.000 180569.000  0.10%     -  312s
     0     0 180573.250    0  300 180758.000 180573.250  0.10%     -  312s
     0     0 180574.000    0  199 180758.000 180574.000  0.10%     -  312s
     0     0 180574.000    0  172 180758.000 180574.000  0.10%     -  313s
     0     0 180584.000    0  359 180758.000 180584.000  0.10%     -  313s
     0     0 180584.000    0  131 180758.000 180584.000  0.10%     -  317s
     0     0 180584.000    0  225 180758.000 180584.000  0.10%     -  317s
     0     0 180584.000    0  301 180758.000 180584.000  0.10%     -  317s
     0     0 180584.000    0  264 180758.000 180584.000  0.10%     -  317s
     0     0 180584.000    0  296 180758.000 180584.000  0.10%     -  318s
     0     0 180584.000    0  208 180758.000 180584.000  0.10%     -  318s
     0     0 180598.577    0  347 180758.000 180598.577  0.09%     -  319s
     0     0 180598.577    0  347 180758.000 180598.577  0.09%     -  319s
     0     0 180599.000    0  284 180758.000 180599.000  0.09%     -  319s
     0     0 180599.000    0  315 180758.000 180599.000  0.09%     -  320s
     0     0 180599.000    0  278 180758.000 180599.000  0.09%     -  320s
     0     0 180614.000    0  267 180758.000 180614.000  0.08%     -  321s
     0     0 180614.000    0  267 180758.000 180614.000  0.08%     -  321s
     0     0 180614.000    0  288 180758.000 180614.000  0.08%     -  321s
     0     0 180614.000    0  258 180758.000 180614.000  0.08%     -  321s
     0     0 180614.000    0  281 180758.000 180614.000  0.08%     -  321s
     0     0 180614.000    0  293 180758.000 180614.000  0.08%     -  321s
     0     0 180614.000    0  239 180758.000 180614.000  0.08%     -  321s
     0     0 180614.000    0   86 180758.000 180614.000  0.08%     -  324s
     0     0 180614.000    0   78 180758.000 180614.000  0.08%     -  324s
     0     0 180614.000    0  233 180758.000 180614.000  0.08%     -  325s
     0     0 180614.000    0  241 180758.000 180614.000  0.08%     -  325s
     0     0 180614.000    0  252 180758.000 180614.000  0.08%     -  325s
     0     0 180614.000    0  255 180758.000 180614.000  0.08%     -  326s
     0     0 180614.000    0  259 180758.000 180614.000  0.08%     -  326s
     0     0 180614.000    0  197 180758.000 180614.000  0.08%     -  326s
     0     0 180614.000    0  213 180758.000 180614.000  0.08%     -  327s
     0     0 180614.000    0  153 180758.000 180614.000  0.08%     -  327s
     0     0 180614.000    0  242 180758.000 180614.000  0.08%     -  327s
     0     0 180614.000    0  319 180758.000 180614.000  0.08%     -  327s
     0     0 180614.000    0  320 180758.000 180614.000  0.08%     -  327s
     0     0 180614.000    0  312 180758.000 180614.000  0.08%     -  328s
     0     0 180614.000    0  292 180758.000 180614.000  0.08%     -  328s
     0     0 180614.000    0  309 180758.000 180614.000  0.08%     -  328s
     0     0 180614.000    0  297 180758.000 180614.000  0.08%     -  328s
     0     0 180614.000    0  302 180758.000 180614.000  0.08%     -  328s
     0     0 180614.000    0  294 180758.000 180614.000  0.08%     -  328s
     0     0 180614.000    0  285 180758.000 180614.000  0.08%     -  328s
     0     0 180614.000    0  303 180758.000 180614.000  0.08%     -  328s
     0     0 180614.000    0  310 180758.000 180614.000  0.08%     -  328s
     0     0 180614.000    0  241 180758.000 180614.000  0.08%     -  329s
     0     0 180614.000    0  231 180758.000 180614.000  0.08%     -  329s
     0     0 180614.000    0  313 180758.000 180614.000  0.08%     -  330s
     0     0 180620.000    0   82 180758.000 180620.000  0.08%     -  331s
     0     0 180620.000    0   92 180758.000 180620.000  0.08%     -  331s
     0     0 180620.000    0   90 180758.000 180620.000  0.08%     -  331s
     0     0 180620.000    0  139 180758.000 180620.000  0.08%     -  332s
     0     0 180624.000    0  239 180758.000 180624.000  0.07%     -  332s
     0     0 180624.000    0  184 180758.000 180624.000  0.07%     -  332s
     0     0 180624.000    0  197 180758.000 180624.000  0.07%     -  332s
     0     0 180624.000    0  124 180758.000 180624.000  0.07%     -  332s
     0     0 180624.000    0  171 180758.000 180624.000  0.07%     -  332s
     0     0 180624.000    0  188 180758.000 180624.000  0.07%     -  332s
     0     0 180624.000    0  217 180758.000 180624.000  0.07%     -  332s
     0     0 180625.500    0  216 180758.000 180625.500  0.07%     -  333s
     0     0 180625.500    0  160 180758.000 180625.500  0.07%     -  333s
     0     0 180625.500    0  217 180758.000 180625.500  0.07%     -  333s
     0     0 180625.500    0  265 180758.000 180625.500  0.07%     -  333s
     0     0 180625.500    0  214 180758.000 180625.500  0.07%     -  333s
     0     0 180625.500    0  155 180758.000 180625.500  0.07%     -  333s
     0     0 180625.500    0  156 180758.000 180625.500  0.07%     -  333s
     0     0 180625.500    0  177 180758.000 180625.500  0.07%     -  333s
     0     0 180625.500    0  161 180758.000 180625.500  0.07%     -  333s
     0     0 180625.500    0  161 180758.000 180625.500  0.07%     -  333s
     0     0 180625.500    0  175 180758.000 180625.500  0.07%     -  333s
     0     0 180625.500    0  152 180758.000 180625.500  0.07%     -  333s
     0     0 180625.500    0  192 180758.000 180625.500  0.07%     -  333s
     0     0 180625.500    0  199 180758.000 180625.500  0.07%     -  333s
     0     0 180625.500    0  196 180758.000 180625.500  0.07%     -  333s
     0     0 180625.506    0  209 180758.000 180625.506  0.07%     -  334s
     0     0 180627.314    0  250 180758.000 180627.314  0.07%     -  334s
     0     0 180627.314    0  259 180758.000 180627.314  0.07%     -  334s
     0     0 180635.000    0  235 180758.000 180635.000  0.07%     -  334s
     0     0 180635.000    0  235 180758.000 180635.000  0.07%     -  334s
     0     0 180635.000    0  260 180758.000 180635.000  0.07%     -  335s
     0     0 180635.000    0  329 180758.000 180635.000  0.07%     -  335s
     0     0 180635.000    0  306 180758.000 180635.000  0.07%     -  335s
     0     0 180635.000    0   67 180758.000 180635.000  0.07%     -  337s
     0     0 180635.000    0   75 180758.000 180635.000  0.07%     -  337s
     0     0 180635.000    0   88 180758.000 180635.000  0.07%     -  338s
     0     0 180635.000    0   64 180758.000 180635.000  0.07%     -  338s
     0     0 180635.000    0   85 180758.000 180635.000  0.07%     -  339s
     0     0 180635.000    0   83 180758.000 180635.000  0.07%     -  339s
     0     0 180635.000    0   81 180758.000 180635.000  0.07%     -  343s
     0     0 180635.000    0  209 180758.000 180635.000  0.07%     -  343s
     0     0 180635.000    0  302 180758.000 180635.000  0.07%     -  343s
     0     0 180635.000    0  343 180758.000 180635.000  0.07%     -  343s
     0     0 180635.000    0  147 180758.000 180635.000  0.07%     -  344s
     0     0 180635.000    0  203 180758.000 180635.000  0.07%     -  344s
     0     0 180643.000    0  270 180758.000 180643.000  0.06%     -  344s
     0     0 180644.800    0  287 180758.000 180644.800  0.06%     -  345s
     0     0 180644.800    0  304 180758.000 180644.800  0.06%     -  345s
     0     0 180644.800    0  288 180758.000 180644.800  0.06%     -  345s
     0     0 180644.800    0  286 180758.000 180644.800  0.06%     -  345s
     0     0 180644.800    0  298 180758.000 180644.800  0.06%     -  345s
     0     0 180644.800    0  304 180758.000 180644.800  0.06%     -  345s
     0     0 180644.800    0  329 180758.000 180644.800  0.06%     -  345s
     0     0 180644.800    0  293 180758.000 180644.800  0.06%     -  345s
     0     0 180644.800    0  252 180758.000 180644.800  0.06%     -  345s
     0     0 180644.800    0  206 180758.000 180644.800  0.06%     -  346s
     0     0 180644.800    0  216 180758.000 180644.800  0.06%     -  346s
     0     0 180645.250    0  216 180758.000 180645.250  0.06%     -  346s
     0     0 180645.250    0  210 180758.000 180645.250  0.06%     -  346s
     0     0 180645.500    0   98 180758.000 180645.500  0.06%     -  346s
     0     0 180645.500    0  109 180758.000 180645.500  0.06%     -  346s
     0     0 180653.000    0   59 180758.000 180653.000  0.06%     -  346s
     0     0 180653.000    0   59 180758.000 180653.000  0.06%     -  346s
     0     0 180653.000    0  141 180758.000 180653.000  0.06%     -  347s
     0     0 180653.000    0  185 180758.000 180653.000  0.06%     -  347s
     0     0 180653.000    0   67 180758.000 180653.000  0.06%     -  348s
     0     0 180653.000    0   78 180758.000 180653.000  0.06%     -  348s
     0     0 180653.000    0   69 180758.000 180653.000  0.06%     -  348s
     0     0 180653.000    0   89 180758.000 180653.000  0.06%     -  348s
     0     0 180653.000    0   41 180758.000 180653.000  0.06%     -  350s
     0     0 180653.000    0   42 180758.000 180653.000  0.06%     -  350s
     0     0 180655.500    0  123 180758.000 180655.500  0.06%     -  351s
     0     0 180655.600    0  156 180758.000 180655.600  0.06%     -  351s
     0     0 180666.000    0  156 180758.000 180666.000  0.05%     -  351s
     0     0 180666.000    0  163 180758.000 180666.000  0.05%     -  351s
     0     0 180666.000    0  163 180758.000 180666.000  0.05%     -  351s
     0     0 180666.000    0  111 180758.000 180666.000  0.05%     -  351s
     0     0 180666.000    0  130 180758.000 180666.000  0.05%     -  352s
     0     0 180666.000    0  201 180758.000 180666.000  0.05%     -  352s
     0     0 180666.000    0  244 180758.000 180666.000  0.05%     -  352s
     0     0 180666.000    0  209 180758.000 180666.000  0.05%     -  352s
     0     0 180666.000    0  233 180758.000 180666.000  0.05%     -  352s
     0     0 180666.000    0  259 180758.000 180666.000  0.05%     -  352s
     0     0 180666.000    0  228 180758.000 180666.000  0.05%     -  352s
     0     0 180666.000    0  230 180758.000 180666.000  0.05%     -  353s
     0     0 180666.000    0   83 180758.000 180666.000  0.05%     -  354s
     0     0 180666.000    0  109 180758.000 180666.000  0.05%     -  354s
     0     0 180666.000    0  242 180758.000 180666.000  0.05%     -  354s
     0     0 180666.000    0  255 180758.000 180666.000  0.05%     -  354s
     0     0 180666.000    0  193 180758.000 180666.000  0.05%     -  354s
     0     0 180666.000    0  178 180758.000 180666.000  0.05%     -  354s
     0     0 180666.000    0  210 180758.000 180666.000  0.05%     -  354s
     0     0 180666.000    0  183 180758.000 180666.000  0.05%     -  354s
     0     0 180666.000    0  148 180758.000 180666.000  0.05%     -  355s
     0     0 180666.000    0  179 180758.000 180666.000  0.05%     -  355s
     0     0 180666.000    0  264 180758.000 180666.000  0.05%     -  355s
     0     0 180666.000    0  212 180758.000 180666.000  0.05%     -  355s
     0     0 180666.000    0  180 180758.000 180666.000  0.05%     -  355s
     0     0 180669.000    0  190 180758.000 180669.000  0.05%     -  355s
     0     0 180669.000    0   85 180758.000 180669.000  0.05%     -  355s
     0     0 180669.000    0   79 180758.000 180669.000  0.05%     -  355s
     0     0 180669.000    0  136 180758.000 180669.000  0.05%     -  355s
     0     0 180669.000    0  157 180758.000 180669.000  0.05%     -  355s
     0     0 180669.000    0  119 180758.000 180669.000  0.05%     -  355s
     0     0 180670.000    0  167 180758.000 180670.000  0.05%     -  355s
     0     0 180670.000    0  151 180758.000 180670.000  0.05%     -  355s
     0     0 180676.000    0  204 180758.000 180676.000  0.05%     -  355s
     0     0 180679.750    0  210 180758.000 180679.750  0.04%     -  355s
     0     0 180697.000    0  191 180758.000 180697.000  0.03%     -  355s
     0     0 180697.000    0  186 180758.000 180697.000  0.03%     -  355s
     0     0 180699.500    0  194 180758.000 180699.500  0.03%     -  356s
     0     0 180699.500    0   51 180758.000 180699.500  0.03%     -  356s
     0     0 180699.500    0    8 180758.000 180699.500  0.03%     -  356s
H    0     0                    180748.00000 180699.500  0.03%     -  356s
     0     0 180699.500    0   28 180748.000 180699.500  0.03%     -  356s
     0     0 180699.500    0   38 180748.000 180699.500  0.03%     -  356s
     0     0 180699.500    0   46 180748.000 180699.500  0.03%     -  356s
     0     0 180699.500    0   77 180748.000 180699.500  0.03%     -  356s
     0     0 180700.500    0   87 180748.000 180700.500  0.03%     -  356s
     0     0 180708.000    0   19 180748.000 180708.000  0.02%     -  356s
     0     0 180708.000    0  128 180748.000 180708.000  0.02%     -  356s
     0     0 180708.000    0   69 180748.000 180708.000  0.02%     -  357s
     0     0 180708.000    0  105 180748.000 180708.000  0.02%     -  357s
     0     0 180708.000    0   87 180748.000 180708.000  0.02%     -  357s
     0     0 180721.000    0   15 180748.000 180721.000  0.01%     -  357s
     0     0 180721.000    0   10 180748.000 180721.000  0.01%     -  357s
     0     0          -    0      180748.000 180732.000  0.01%     -  357s

Cutting planes:
  Gomory: 1
  MIR: 2
  Zero half: 2
  RLT: 2

Explored 1 nodes (643092 simplex iterations) in 357.51 seconds (703.55 work units)
Thread count was 32 (of 32 available processors)

Solution count 10: 180748 180758 180758 ... 180758

Optimal solution found (tolerance 1.00e-04)
Best objective 1.807480000000e+05, best bound 1.807320000000e+05, gap 0.0089%
