
Gurobi 11.0.3 (win64) logging started Thu May  8 00:15:13 2025

Set parameter LogFile to value "run_logs\instance1b_20250508_001513.log"
Set parameter TimeLimit to value 3600
Gurobi Optimizer version 11.0.3 build v11.0.3rc0 (win64 - Windows 11+.0 (26100.2))

CPU model: AMD Ryzen 7 6800H with Radeon Graphics, instruction set [SSE2|AVX|AVX2]
Thread count: 8 physical cores, 16 logical processors, using up to 16 threads

Optimize a model with 76548 rows, 42060 columns and 175740 nonzeros
Model fingerprint: 0xaa51fe6e
Variable types: 31464 continuous, 10596 integer (10596 binary)
Coefficient statistics:
  Matrix range     [1e+00, 2e+02]
  Objective range  [5e+01, 1e+04]
  Bounds range     [1e+00, 1e+00]
  RHS range        [1e+00, 3e+02]
Presolve removed 71068 rows and 29752 columns
Presolve time: 0.66s
Presolved: 5480 rows, 12308 columns, 53974 nonzeros
Variable types: 0 continuous, 12308 integer (10169 binary)
Found heuristic solution: objective 441126.00000

Root relaxation: objective 4.649000e+04, 3796 iterations, 0.19 seconds (0.27 work units)

    Nodes    |    Current Node    |     Objective Bounds      |     Work
 Expl Unexpl |  Obj  Depth IntInf | Incumbent    BestBd   Gap | It/Node Time

     0     0 46490.0000    0   91 441126.000 46490.0000  89.5%     -    0s
H    0     0                    365230.00000 46490.0000  87.3%     -    0s
H    0     0                    355881.00000 46490.0000  86.9%     -    1s
H    0     0                    123903.00000 46490.0000  62.5%     -    1s
     0     0 46497.5000    0  144 123903.000 46497.5000  62.5%     -    1s
     0     0 46508.5000    0   81 123903.000 46508.5000  62.5%     -    1s
     0     0 46626.7500    0  143 123903.000 46626.7500  62.4%     -    1s
H    0     0                    95339.000000 46630.5000  51.1%     -    1s
     0     0 46642.6250    0  226 95339.0000 46642.6250  51.1%     -    1s
H    0     0                    48177.000000 46723.6000  3.02%     -    1s
     0     0 46723.6000    0  207 48177.0000 46723.6000  3.02%     -    1s
H    0     0                    47958.000000 46723.6000  2.57%     -    1s
     0     0 46749.0000    0  140 47958.0000 46749.0000  2.52%     -    1s
     0     0 46771.0000    0  128 47958.0000 46771.0000  2.48%     -    1s
H    0     0                    47893.000000 46773.0000  2.34%     -    1s
H    0     0                    47892.000000 46776.9286  2.33%     -    1s
     0     0 46776.9286    0  154 47892.0000 46776.9286  2.33%     -    1s
H    0     0                    47867.000000 46784.0000  2.26%     -    1s
     0     0 46784.0000    0  155 47867.0000 46784.0000  2.26%     -    1s
     0     0 46784.0000    0  170 47867.0000 46784.0000  2.26%     -    1s
H    0     0                    47679.000000 46784.0000  1.88%     -    1s
H    0     0                    47635.000000 46784.0000  1.79%     -    1s
     0     0 46784.0000    0  146 47635.0000 46784.0000  1.79%     -    1s
H    0     0                    47578.000000 46784.0000  1.67%     -    2s
     0     0 46784.0000    0  133 47578.0000 46784.0000  1.67%     -    2s
     0     0 46790.8000    0  190 47578.0000 46790.8000  1.65%     -    2s
H    0     0                    47419.000000 46790.8000  1.32%     -    2s
     0     0 46790.8000    0  194 47419.0000 46790.8000  1.32%     -    2s
     0     0 46810.2000    0  192 47419.0000 46810.2000  1.28%     -    2s
     0     0 46820.0000    0  192 47419.0000 46820.0000  1.26%     -    2s
H    0     0                    47338.000000 46841.9583  1.05%     -    2s
     0     0 46841.9583    0  262 47338.0000 46841.9583  1.05%     -    2s
H    0     0                    47238.000000 46845.9167  0.83%     -    2s
     0     0 46871.3333    0  153 47238.0000 46871.3333  0.78%     -    2s
     0     0 46871.3333    0   81 47238.0000 46871.3333  0.78%     -    2s
     0     0 46871.3333    0  144 47238.0000 46871.3333  0.78%     -    2s
     0     0 46871.3333    0  146 47238.0000 46871.3333  0.78%     -    3s
     0     0 46871.3333    0  108 47238.0000 46871.3333  0.78%     -    3s
     0     0 46871.3333    0  135 47238.0000 46871.3333  0.78%     -    3s
     0     0 46871.3333    0  184 47238.0000 46871.3333  0.78%     -    3s
     0     0 46871.3333    0  159 47238.0000 46871.3333  0.78%     -    3s
     0     0 46871.3333    0  170 47238.0000 46871.3333  0.78%     -    3s
     0     0 46871.3333    0  170 47238.0000 46871.3333  0.78%     -    3s
     0     0 46876.0000    0   44 47238.0000 46876.0000  0.77%     -    3s
H    0     0                    47191.000000 46876.0000  0.67%     -    3s
     0     0 46902.6667    0  197 47191.0000 46902.6667  0.61%     -    3s
     0     0 46906.0000    0  143 47191.0000 46906.0000  0.60%     -    3s
     0     0 46906.0000    0  150 47191.0000 46906.0000  0.60%     -    3s
     0     0 46921.0000    0   35 47191.0000 46921.0000  0.57%     -    3s
     0     0 46921.0000    0   78 47191.0000 46921.0000  0.57%     -    3s
     0     0 46921.0000    0  126 47191.0000 46921.0000  0.57%     -    3s
     0     0 46921.0000    0  160 47191.0000 46921.0000  0.57%     -    3s
     0     0 46921.0000    0   40 47191.0000 46921.0000  0.57%     -    3s
     0     0 46921.0000    0  132 47191.0000 46921.0000  0.57%     -    3s
     0     0 46921.0000    0  169 47191.0000 46921.0000  0.57%     -    3s
     0     0 46921.0000    0  185 47191.0000 46921.0000  0.57%     -    4s
     0     0 46921.0000    0  198 47191.0000 46921.0000  0.57%     -    4s
     0     0 46921.0000    0  196 47191.0000 46921.0000  0.57%     -    4s
     0     0 46921.0000    0  151 47191.0000 46921.0000  0.57%     -    4s
     0     0 46921.0000    0   63 47191.0000 46921.0000  0.57%     -    4s
     0     0 46921.0000    0   63 47191.0000 46921.0000  0.57%     -    4s
     0     0 46927.2500    0  149 47191.0000 46927.2500  0.56%     -    4s
     0     0 46936.2500    0  195 47191.0000 46936.2500  0.54%     -    4s
     0     0 46936.2500    0  196 47191.0000 46936.2500  0.54%     -    4s
     0     0 46950.6667    0  143 47191.0000 46950.6667  0.51%     -    4s
H    0     0                    46976.000000 46957.5000  0.04%     -    4s
     0     0          -    0      46976.0000 46974.0000  0.00%     -    4s

Cutting planes:
  Implied bound: 21
  Clique: 1
  MIR: 28
  StrongCG: 1
  Flow cover: 38
  Zero half: 9
  RLT: 18

Explored 1 nodes (15998 simplex iterations) in 4.28 seconds (4.17 work units)
Thread count was 16 (of 16 available processors)

Solution count 10: 46976 47191 47191 ... 47419

Optimal solution found (tolerance 1.00e-04)
Best objective 4.697600000000e+04, best bound 4.697400000000e+04, gap 0.0043%
