
Gurobi 11.0.3 (win64) logging started Thu May  8 00:19:11 2025

Set parameter LogFile to value "run_logs\instance2b_20250508_001911.log"
Set parameter TimeLimit to value 3600
Gurobi Optimizer version 11.0.3 build v11.0.3rc0 (win64 - Windows 11+.0 (26100.2))

CPU model: Intel(R) Core(TM) i9-14900K, instruction set [SSE2|AVX|AVX2]
Thread count: 24 physical cores, 32 logical processors, using up to 32 threads

Optimize a model with 247333 rows, 133765 columns and 565918 nonzeros
Model fingerprint: 0xe0054077
Variable types: 100152 continuous, 33613 integer (33613 binary)
Coefficient statistics:
  Matrix range     [1e+00, 2e+02]
  Objective range  [5e+01, 1e+04]
  Bounds range     [1e+00, 1e+00]
  RHS range        [1e+00, 3e+02]
Presolve removed 214555 rows and 94219 columns
Presolve time: 0.48s
Presolved: 32778 rows, 39546 columns, 151778 nonzeros
Variable types: 0 continuous, 39546 integer (22079 binary)
Found heuristic solution: objective 742385.00000
Found heuristic solution: objective 444463.00000

Root relaxation: objective 1.102510e+05, 17984 iterations, 1.34 seconds (3.17 work units)

    Nodes    |    Current Node    |     Objective Bounds      |     Work
 Expl Unexpl |  Obj  Depth IntInf | Incumbent    BestBd   Gap | It/Node Time

     0     0 110251.000    0  101 444463.000 110251.000  75.2%     -    2s
H    0     0                    434833.00000 110251.000  74.6%     -    2s
H    0     0                    359010.00000 110251.000  69.3%     -    2s
H    0     0                    111083.00000 110251.000  0.75%     -    2s
H    0     0                    110905.00000 110251.000  0.59%     -    2s
     0     0 110273.333    0  146 110905.000 110273.333  0.57%     -    2s
     0     0 110273.333    0   88 110905.000 110273.333  0.57%     -    3s
     0     0 110297.502    0  179 110905.000 110297.502  0.55%     -    3s
H    0     0                    110855.00000 110348.669  0.46%     -    4s
     0     0 110440.200    0  123 110855.000 110440.200  0.37%     -    4s
H    0     0                    110721.00000 110440.200  0.25%     -    4s
     0     0 110443.000    0  118 110721.000 110443.000  0.25%     -    4s
     0     0 110443.000    0  134 110721.000 110443.000  0.25%     -    4s
     0     0 110443.000    0  102 110721.000 110443.000  0.25%     -    4s
     0     0 110443.000    0  232 110721.000 110443.000  0.25%     -    4s
H    0     0                    110671.00000 110443.000  0.21%     -    4s
     0     0 110444.609    0  176 110671.000 110444.609  0.20%     -    5s
     0     0 110444.609    0  176 110671.000 110444.609  0.20%     -    5s
     0     0 110448.659    0  149 110671.000 110448.659  0.20%     -    5s
     0     0 110472.667    0  170 110671.000 110472.667  0.18%     -    5s
     0     0 110472.667    0   81 110671.000 110472.667  0.18%     -    5s
     0     0 110472.667    0  178 110671.000 110472.667  0.18%     -    5s
     0     0 110473.333    0  144 110671.000 110473.333  0.18%     -    5s
     0     0 110473.333    0  138 110671.000 110473.333  0.18%     -    5s
     0     0 110473.333    0  141 110671.000 110473.333  0.18%     -    5s
     0     0 110476.000    0  140 110671.000 110476.000  0.18%     -    5s
     0     0 110478.000    0  140 110671.000 110478.000  0.17%     -    5s
     0     0 110486.000    0  122 110671.000 110486.000  0.17%     -    5s
     0     0 110508.500    0  175 110671.000 110508.500  0.15%     -    5s
     0     0 110510.263    0  132 110671.000 110510.263  0.15%     -    5s
     0     0 110514.667    0  127 110671.000 110514.667  0.14%     -    5s
     0     0 110514.667    0   69 110671.000 110514.667  0.14%     -    5s
     0     0 110514.667    0  152 110671.000 110514.667  0.14%     -    5s
     0     0 110514.667    0  167 110671.000 110514.667  0.14%     -    5s
     0     0 110514.667    0  119 110671.000 110514.667  0.14%     -    5s
     0     0 110514.667    0  125 110671.000 110514.667  0.14%     -    5s
     0     0 110534.057    0  176 110671.000 110534.057  0.12%     -    5s
     0     0 110534.057    0  176 110671.000 110534.057  0.12%     -    5s
     0     0 110544.000    0  168 110671.000 110544.000  0.11%     -    5s
     0     0 110546.250    0  167 110671.000 110546.250  0.11%     -    5s
     0     0 110546.250    0  169 110671.000 110546.250  0.11%     -    5s
     0     0 110600.000    0   26 110671.000 110600.000  0.06%     -    5s
     0     0 110600.000    0   38 110671.000 110600.000  0.06%     -    6s
     0     0 110600.000    0   91 110671.000 110600.000  0.06%     -    6s
     0     0 110600.000    0   15 110671.000 110600.000  0.06%     -    6s
     0     0 110600.000    0  100 110671.000 110600.000  0.06%     -    6s
     0     0 110600.000    0  102 110671.000 110600.000  0.06%     -    6s
     0     0 110600.500    0   80 110671.000 110600.500  0.06%     -    6s
     0     0 110635.000    0  103 110671.000 110635.000  0.03%     -    6s
     0     0 110635.000    0  103 110671.000 110635.000  0.03%     -    6s
     0     0 110636.600    0   75 110671.000 110636.600  0.03%     -    6s
     0     0 110636.600    0   72 110671.000 110636.600  0.03%     -    6s
     0     0 110645.200    0   66 110671.000 110645.200  0.02%     -    6s

Cutting planes:
  Gomory: 3
  Implied bound: 2
  MIR: 10
  Flow cover: 2
  GUB cover: 1
  Zero half: 2
  RLT: 8

Explored 1 nodes (53806 simplex iterations) in 6.07 seconds (11.49 work units)
Thread count was 32 (of 32 available processors)

Solution count 10: 110671 110671 110671 ... 110736

Optimal solution found (tolerance 1.00e-04)
Best objective 1.106710000000e+05, best bound 1.106710000000e+05, gap 0.0000%
