
Gurobi 11.0.3 (win64) logging started Thu May  8 00:19:45 2025

Set parameter LogFile to value "run_logs\instance2c_20250508_001945.log"
Set parameter TimeLimit to value 3600
Gurobi Optimizer version 11.0.3 build v11.0.3rc0 (win64 - Windows 11+.0 (26100.2))

CPU model: Intel(R) Core(TM) i9-14900K, instruction set [SSE2|AVX|AVX2]
Thread count: 24 physical cores, 32 logical processors, using up to 32 threads

Optimize a model with 77141 rows, 42967 columns and 177585 nonzeros
Model fingerprint: 0x3112076b
Variable types: 32112 continuous, 10855 integer (10855 binary)
Coefficient statistics:
  Matrix range     [1e+00, 2e+02]
  Objective range  [5e+01, 1e+04]
  Bounds range     [1e+00, 1e+00]
  RHS range        [1e+00, 3e+02]
Presolve removed 72132 rows and 34463 columns
Presolve time: 0.18s
Presolved: 5009 rows, 8504 columns, 28030 nonzeros
Variable types: 0 continuous, 8504 integer (5990 binary)
Found heuristic solution: objective 377131.00000
Found heuristic solution: objective 277026.00000

Root relaxation: objective 5.015100e+04, 1698 iterations, 0.03 seconds (0.05 work units)

    Nodes    |    Current Node    |     Objective Bounds      |     Work
 Expl Unexpl |  Obj  Depth IntInf | Incumbent    BestBd   Gap | It/Node Time

     0     0 50151.0000    0   54 277026.000 50151.0000  81.9%     -    0s
H    0     0                    51551.000000 50151.0000  2.72%     -    0s
H    0     0                    51438.000000 50151.0000  2.50%     -    0s
     0     0 50197.5714    0  125 51438.0000 50197.5714  2.41%     -    0s
     0     0 50248.0000    0   90 51438.0000 50248.0000  2.31%     -    0s
     0     0 50248.0000    0   89 51438.0000 50248.0000  2.31%     -    0s
     0     0 50271.0000    0   96 51438.0000 50271.0000  2.27%     -    0s
     0     0 50271.0000    0   60 51438.0000 50271.0000  2.27%     -    0s
H    0     0                    51291.000000 50271.0000  1.99%     -    0s
H    0     0                    51221.000000 50311.2000  1.78%     -    0s
     0     0 50311.2000    0   67 51221.0000 50311.2000  1.78%     -    0s
H    0     0                    50695.000000 50311.2000  0.76%     -    0s
     0     0 50311.2000    0   72 50695.0000 50311.2000  0.76%     -    0s
H    0     0                    50541.000000 50311.2000  0.45%     -    0s
     0     0 50366.9143    0  106 50541.0000 50366.9143  0.34%     -    0s
     0     0 50366.9143    0   35 50541.0000 50366.9143  0.34%     -    0s
H    0     0                    50515.000000 50366.9143  0.29%     -    0s
     0     0 50366.9143    0   56 50515.0000 50366.9143  0.29%     -    0s
     0     0 50366.9143    0   55 50515.0000 50366.9143  0.29%     -    0s
     0     0 50381.8000    0   58 50515.0000 50381.8000  0.26%     -    0s
     0     0 50394.0000    0   51 50515.0000 50394.0000  0.24%     -    0s
     0     0 50415.0000    0   31 50515.0000 50415.0000  0.20%     -    0s
     0     0 50432.5000    0   44 50515.0000 50432.5000  0.16%     -    0s
     0     0 50432.5000    0   25 50515.0000 50432.5000  0.16%     -    0s
     0     0 50498.0909    0   37 50515.0000 50498.0909  0.03%     -    0s

Cutting planes:
  Gomory: 5
  Implied bound: 1
  MIR: 3
  Flow cover: 4
  Zero half: 7
  RLT: 5

Explored 1 nodes (4623 simplex iterations) in 0.89 seconds (1.21 work units)
Thread count was 32 (of 32 available processors)

Solution count 10: 50515 50541 50541 ... 277026

Optimal solution found (tolerance 1.00e-04)
Best objective 5.051500000000e+04, best bound 5.051500000000e+04, gap 0.0000%
