
Gurobi 11.0.3 (win64) logging started Wed Feb 26 20:31:33 2025

Set parameter LogFile to value "run_logs\instance6_20250226_203133.log"
Set parameter TimeLimit to value 3600
Gurobi Optimizer version 11.0.3 build v11.0.3rc0 (win64 - Windows 11+.0 (26100.2))

CPU model: Intel(R) Core(TM) i9-14900K, instruction set [SSE2|AVX|AVX2]
Thread count: 24 physical cores, 32 logical processors, using up to 32 threads

Optimize a model with 6704057 rows, 3490667 columns and 15215055 nonzeros
Model fingerprint: 0x50922aa5
Variable types: 2617014 continuous, 873653 integer (873653 binary)
Coefficient statistics:
  Matrix range     [1e+00, 2e+02]
  Objective range  [5e+01, 1e+04]
  Bounds range     [1e+00, 1e+00]
  RHS range        [1e+00, 3e+02]
Presolve removed 4242987 rows and 2201221 columns (presolve time = 5s) ...
Presolve removed 4243265 rows and 2201527 columns (presolve time = 10s) ...
Presolve removed 4271168 rows and 2220991 columns (presolve time = 15s) ...
Presolve removed 4297411 rows and 2230043 columns (presolve time = 20s) ...
Presolve removed 4306064 rows and 2234186 columns (presolve time = 25s) ...
Presolve removed 4306215 rows and 2234337 columns (presolve time = 30s) ...
Presolve removed 5473865 rows and 2234337 columns
Presolve time: 34.81s
Presolved: 1230192 rows, 1256330 columns, 5284821 nonzeros
Variable types: 9642 continuous, 1246688 integer (605109 binary)
Found heuristic solution: objective 2608202.0000
Found heuristic solution: objective 1386426.0000
Deterministic concurrent LP optimizer: primal simplex, dual simplex, and barrier
Showing barrier log only...

Root barrier log...

Ordering time: 1.33s

Barrier statistics:
 AA' NZ     : 1.347e+06
 Factor NZ  : 7.757e+06 (roughly 200 MB of memory)
 Factor Ops : 1.815e+09 (less than 1 second per iteration)
 Threads    : 22

                  Objective                Residual
Iter       Primal          Dual         Primal    Dual     Compl     Time
   0   7.02710433e+09 -1.87217553e+10  1.26e+04 1.46e-11  1.43e+06    85s
   1   3.91213176e+09 -2.09996293e+10  6.63e+03 1.24e+04  6.95e+05    85s
   2   5.78677544e+08 -1.89820812e+10  8.38e+02 4.64e+03  1.13e+05    85s
   3   2.83987878e+08 -8.70627886e+09  3.32e+02 1.65e+01  3.91e+04    85s
   4   1.66128421e+08 -3.25460249e+09  1.34e+02 4.98e-09  1.33e+04    85s
   5   9.04796121e+07 -1.23105241e+09  2.55e+01 2.12e-09  3.55e+03    85s
   6   6.45225747e+07 -3.50566914e+08  1.14e+01 5.03e-09  1.22e+03    86s
   7   2.66046950e+07 -1.75264842e+08  2.05e+00 5.17e-09  4.44e+02    86s
   8   1.69491254e+07 -1.14066013e+08  7.81e-01 3.33e-09  2.64e+02    86s
   9   8.44871765e+06 -4.42132269e+07  1.90e-01 4.54e-09  9.98e+01    86s
  10   2.34007287e+06 -9.08610710e+06  1.96e-02 3.43e-09  2.07e+01    86s
  11   1.04350399e+06 -2.23968671e+06  6.59e-03 1.67e-09  5.92e+00    86s
  12   6.92904987e+05 -1.00292804e+06  3.84e-03 3.31e-09  3.05e+00    86s
  13   3.64962102e+05 -4.35460522e+05  1.38e-03 4.36e-09  1.44e+00    86s
  14   2.65036589e+05 -2.13309349e+05  6.81e-04 3.97e-09  8.59e-01    86s
  15   2.16340190e+05 -1.16808316e+05  3.64e-04 5.49e-09  5.98e-01    86s
  16   2.02266522e+05 -3.61500808e+04  2.89e-04 6.24e-09  4.28e-01    86s
  17   1.89634736e+05  7.58544676e+03  2.16e-04 3.49e-09  3.27e-01    86s
  18   1.71924653e+05  5.53580997e+04  1.23e-04 3.04e-09  2.09e-01    87s
  19   1.58598036e+05  9.36725471e+04  6.23e-05 3.44e-09  1.17e-01    87s
  20   1.48144054e+05  1.11418744e+05  2.21e-05 4.58e-09  6.58e-02    87s
  21   1.46802843e+05  1.21646594e+05  1.85e-05 5.31e-09  4.51e-02    87s
  22   1.44017546e+05  1.27235982e+05  1.14e-05 5.35e-09  3.01e-02    87s
  23   1.42448510e+05  1.30792624e+05  7.91e-06 5.34e-09  2.09e-02    87s
  24   1.40851306e+05  1.34424767e+05  4.52e-06 3.45e-09  1.15e-02    87s
  25   1.40026152e+05  1.35850193e+05  2.86e-06 4.86e-09  7.50e-03    87s
  26   1.39592309e+05  1.36893052e+05  2.02e-06 5.61e-09  4.85e-03    87s
  27   1.38838825e+05  1.37114696e+05  6.34e-07 7.86e-09  3.09e-03    87s
  28   1.38565806e+05  1.38241575e+05  1.40e-07 3.24e-09  5.82e-04    87s
  29   1.38498631e+05  1.38400970e+05  3.07e-08 3.57e-09  1.75e-04    88s
  30   1.38478499e+05  1.38468639e+05  2.40e-08 4.04e-09  1.77e-05    88s
  31   1.38476076e+05  1.38475548e+05  5.73e-10 6.30e-09  9.48e-07    88s
  32   1.38476000e+05  1.38476000e+05  4.92e-13 6.78e-09  9.48e-10    88s

Barrier solved model in 32 iterations and 87.78 seconds (118.45 work units)
Optimal objective 1.38476000e+05


Root crossover log...

   14908 DPushes remaining with DInf 1.2034143e-06                88s
       0 DPushes remaining with DInf 0.0000000e+00                88s

     713 PPushes remaining with PInf 0.0000000e+00                88s
       0 PPushes remaining with PInf 0.0000000e+00                88s

  Push phase complete: Pinf 0.0000000e+00, Dinf 7.4885032e-10     88s


Root simplex log...

Iteration    Objective       Primal Inf.    Dual Inf.      Time
   15546    1.3847600e+05   0.000000e+00   0.000000e+00     88s
Concurrent spin time: 0.00s

Solved with barrier
   19018    1.3847600e+05   0.000000e+00   0.000000e+00     89s
Extra simplex iterations after uncrush: 3472

Use crossover to convert LP symmetric solution to basic solution...

Root crossover log...

    4344 DPushes remaining with DInf 0.0000000e+00                90s
      79 DPushes remaining with DInf 0.0000000e+00                90s
       0 DPushes remaining with DInf 0.0000000e+00                90s

    1434 PPushes remaining with PInf 0.0000000e+00                90s
       0 PPushes remaining with PInf 0.0000000e+00                90s

  Push phase complete: Pinf 0.0000000e+00, Dinf 3.8616732e-10     90s


Root simplex log...

Iteration    Objective       Primal Inf.    Dual Inf.      Time
   24705    1.3847600e+05   0.000000e+00   0.000000e+00     90s
   24705    1.3847600e+05   0.000000e+00   0.000000e+00     91s

Root relaxation: objective 1.384760e+05, 24705 iterations, 10.43 seconds (10.00 work units)
Total elapsed time = 90.78s (DegenMoves)
Total elapsed time = 96.29s (DegenMoves)
Total elapsed time = 103.01s (DegenMoves)

    Nodes    |    Current Node    |     Objective Bounds      |     Work
 Expl Unexpl |  Obj  Depth IntInf | Incumbent    BestBd   Gap | It/Node Time

     0     0 138476.000    0  486 1386426.00 138476.000  90.0%     -  106s
H    0     0                    1377156.0000 138476.000  89.9%     -  110s
H    0     0                    1023541.0000 138476.000  86.5%     -  111s
     0     0 138476.000    0  722 1023541.00 138476.000  86.5%     -  300s
H    0     0                    150725.00000 138476.000  8.13%     -  325s
H    0     0                    139888.00000 138476.000  1.01%     -  648s
     0     0 138476.000    0  694 139888.000 138476.000  1.01%     -  653s
     0     0 138476.000    0  519 139888.000 138476.000  1.01%     -  695s
     0     0 138476.000    0  537 139888.000 138476.000  1.01%     -  711s
     0     0 138479.667    0  606 139888.000 138479.667  1.01%     -  756s
     0     0 138479.667    0  725 139888.000 138479.667  1.01%     -  787s
     0     0 138502.000    0  652 139888.000 138502.000  0.99%     -  818s
H    0     0                    139778.00000 138502.000  0.91%     -  854s
     0     0 138506.500    0  819 139778.000 138506.500  0.91%     -  865s
     0     0 138506.500    0  764 139778.000 138506.500  0.91%     -  869s
     0     0 138531.500    0  923 139778.000 138531.500  0.89%     -  894s
     0     0 138534.000    0  874 139778.000 138534.000  0.89%     -  929s
     0     0 138549.000    0 1019 139778.000 138549.000  0.88%     -  961s
     0     0 138562.143    0 1025 139778.000 138562.143  0.87%     -  985s
     0     0 138562.342    0  951 139778.000 138562.342  0.87%     -  993s
     0     0 138562.342    0  947 139778.000 138562.342  0.87%     -  996s
     0     0 138585.500    0  898 139778.000 138585.500  0.85%     - 1029s
     0     0 138601.500    0  698 139778.000 138601.500  0.84%     - 1067s
     0     0 138601.500    0  714 139778.000 138601.500  0.84%     - 1070s
     0     0 138617.000    0  852 139778.000 138617.000  0.83%     - 1104s
     0     0 138617.000    0  863 139778.000 138617.000  0.83%     - 1124s
     0     0 138631.500    0  871 139778.000 138631.500  0.82%     - 1153s
     0     0 138631.500    0  810 139778.000 138631.500  0.82%     - 1202s
     0     0 138644.667    0  884 139778.000 138644.667  0.81%     - 1232s
     0     0 138644.667    0  882 139778.000 138644.667  0.81%     - 1255s
     0     0 138661.763    0 1022 139778.000 138661.763  0.80%     - 1287s
     0     0 138663.563    0 1040 139778.000 138663.563  0.80%     - 1298s
     0     0 138671.167    0  913 139778.000 138671.167  0.79%     - 1336s
H    0     0                    139758.00000 138671.167  0.78%     - 1372s
     0     0 138671.567    0  904 139758.000 138671.567  0.78%     - 1387s
     0     0 138671.567    0  870 139758.000 138671.567  0.78%     - 1394s
     0     0 138691.667    0  827 139758.000 138691.667  0.76%     - 1430s
     0     0 138705.833    0  927 139758.000 138705.833  0.75%     - 1465s
     0     0 138705.833    0  867 139758.000 138705.833  0.75%     - 1477s
     0     0 138729.500    0  867 139758.000 138729.500  0.74%     - 1512s
     0     0 138729.500    0  656 139758.000 138729.500  0.74%     - 1532s
     0     0 138735.833    0  782 139758.000 138735.833  0.73%     - 1552s
     0     0 138735.833    0  779 139758.000 138735.833  0.73%     - 1574s
     0     0 138740.000    0  652 139758.000 138740.000  0.73%     - 1592s
H    0     0                    139735.00000 138740.000  0.71%     - 1605s
     0     0 138740.000    0  672 139735.000 138740.000  0.71%     - 1608s
     0     0 138742.333    0  859 139735.000 138742.333  0.71%     - 1625s
     0     0 138745.833    0  728 139735.000 138745.833  0.71%     - 1637s
     0     0 138751.667    0  782 139735.000 138751.667  0.70%     - 1654s
H    0     0                    139655.00000 138751.667  0.65%     - 1681s
     0     0 138751.667    0  771 139655.000 138751.667  0.65%     - 1687s
     0     0 138751.667    0  763 139655.000 138751.667  0.65%     - 1704s
     0     0 138752.500    0  636 139655.000 138752.500  0.65%     - 1717s
     0     0 138752.500    0  617 139655.000 138752.500  0.65%     - 1720s
     0     0 138755.000    0  436 139655.000 138755.000  0.64%     - 1755s
     0     0 138755.000    0  480 139655.000 138755.000  0.64%     - 1771s
     0     0 138758.000    0  569 139655.000 138758.000  0.64%     - 1801s
     0     0 138758.000    0  572 139655.000 138758.000  0.64%     - 1817s
     0     0 138784.636    0  772 139655.000 138784.636  0.62%     - 1853s
     0     0 138784.636    0  674 139655.000 138784.636  0.62%     - 1880s
     0     0 138809.000    0  726 139655.000 138809.000  0.61%     - 1913s
     0     0 138809.000    0  743 139655.000 138809.000  0.61%     - 1941s
     0     0 138822.333    0  707 139655.000 138822.333  0.60%     - 1968s
     0     0 138822.333    0  715 139655.000 138822.333  0.60%     - 1990s
     0     0 138824.000    0  892 139655.000 138824.000  0.60%     - 2024s
     0     0 138824.000    0  818 139655.000 138824.000  0.60%     - 2051s
     0     0 138826.400    0  750 139655.000 138826.400  0.59%     - 2079s
     0     0 138826.400    0  766 139655.000 138826.400  0.59%     - 2105s
     0     0 138830.000    0  621 139655.000 138830.000  0.59%     - 2122s
     0     0 138830.000    0  693 139655.000 138830.000  0.59%     - 2140s
     0     0 138831.250    0  840 139655.000 138831.250  0.59%     - 2174s
     0     0 138831.250    0  735 139655.000 138831.250  0.59%     - 2190s
     0     0 138835.231    0  750 139655.000 138835.231  0.59%     - 2233s
     0     0 138835.231    0  855 139655.000 138835.231  0.59%     - 2256s
     0     0 138838.000    0  746 139655.000 138838.000  0.59%     - 2289s
H    0     0                    139522.00000 138838.000  0.49%     - 2305s
     0     0 138838.000    0  828 139522.000 138838.000  0.49%     - 2319s
     0     0 138838.000    0  828 139522.000 138838.000  0.49%     - 2320s
     0     0 138838.176    0  619 139522.000 138838.176  0.49%     - 2360s
     0     0 138838.176    0  674 139522.000 138838.176  0.49%     - 2412s
     0     0 138838.176    0  713 139522.000 138838.176  0.49%     - 2420s
     0     0 138848.313    0  743 139522.000 138848.313  0.48%     - 2470s
     0     0 138848.313    0  714 139522.000 138848.313  0.48%     - 2475s
H    0     0                    139512.00000 138848.313  0.48%     - 2509s
     0     0 138848.821    0  841 139512.000 138848.821  0.48%     - 2522s
     0     0 138848.821    0  761 139512.000 138848.821  0.48%     - 2530s
     0     0 138858.656    0  837 139512.000 138858.656  0.47%     - 2569s
     0     0 138861.313    0  751 139512.000 138861.313  0.47%     - 2605s
     0     0 138861.313    0  771 139512.000 138861.313  0.47%     - 2610s
     0     0 138867.125    0  891 139512.000 138867.125  0.46%     - 2643s
     0     0 138867.125    0  892 139512.000 138867.125  0.46%     - 2650s
H    0     0                    139492.00000 138867.125  0.45%     - 2678s
     0     0 138867.125    0  820 139492.000 138867.125  0.45%     - 2686s
     0     0 138867.125    0  820 139492.000 138867.125  0.45%     - 2686s
     0     0 138867.125    0  958 139492.000 138867.125  0.45%     - 2707s
     0     0 138867.125    0  965 139492.000 138867.125  0.45%     - 2712s
     0     0 138867.125    0  909 139492.000 138867.125  0.45%     - 2730s
     0     0 138868.083    0  549 139492.000 138868.083  0.45%     - 2765s
     0     0 138868.083    0  580 139492.000 138868.083  0.45%     - 2779s
     0     0 138868.083    0  527 139492.000 138868.083  0.45%     - 2795s
     0     0 138873.429    0  806 139492.000 138873.429  0.44%     - 2830s
     0     0 138873.429    0  828 139492.000 138873.429  0.44%     - 2839s
     0     0 138873.429    0  756 139492.000 138873.429  0.44%     - 2848s
     0     0 138874.500    0  660 139492.000 138874.500  0.44%     - 2862s
     0     0 138874.500    0  703 139492.000 138874.500  0.44%     - 2865s
     0     0 138880.750    0  903 139492.000 138880.750  0.44%     - 2900s
     0     0 138880.750    0  870 139492.000 138880.750  0.44%     - 2902s
H    0     0                    139487.00000 138880.750  0.43%     - 2933s
     0     0 138881.583    0  861 139487.000 138881.583  0.43%     - 2938s
     0     0 138881.583    0  861 139487.000 138881.583  0.43%     - 2939s
     0     0 138881.583    0  876 139487.000 138881.583  0.43%     - 2943s
     0     0 138885.500    0  769 139487.000 138885.500  0.43%     - 2966s
     0     0 138885.500    0  694 139487.000 138885.500  0.43%     - 2971s
     0     0 138885.500    0  648 139487.000 138885.500  0.43%     - 2987s
     0     0 138895.500    0  687 139487.000 138895.500  0.42%     - 3018s
     0     0 138895.500    0  687 139487.000 138895.500  0.42%     - 3018s
H    0     0                    139467.00000 138895.500  0.41%     - 3033s
     0     0 138895.500    0  689 139467.000 138895.500  0.41%     - 3039s
     0     0 138895.500    0  689 139467.000 138895.500  0.41%     - 3039s
     0     0 138907.000    0  649 139467.000 138907.000  0.40%     - 3069s
     0     0 138907.000    0  694 139467.000 138907.000  0.40%     - 3088s
     0     0 138909.033    0 1090 139467.000 138909.033  0.40%     - 3129s
     0     0 138909.033    0 1065 139467.000 138909.033  0.40%     - 3136s
     0     0 138909.548    0 1108 139467.000 138909.548  0.40%     - 3167s
     0     0 138920.858    0 1079 139467.000 138920.858  0.39%     - 3205s
     0     0 138921.108    0  892 139467.000 138921.108  0.39%     - 3224s
     0     0 138921.108    0  892 139467.000 138921.108  0.39%     - 3225s
     0     0 138921.108    0  846 139467.000 138921.108  0.39%     - 3249s
     0     0 138952.500    0 1029 139467.000 138952.500  0.37%     - 3278s
     0     0 138954.000    0  888 139467.000 138954.000  0.37%     - 3293s
     0     0 138954.000    0  888 139467.000 138954.000  0.37%     - 3295s
     0     0 138954.000    0  913 139467.000 138954.000  0.37%     - 3324s
     0     0 138954.000    0  735 139467.000 138954.000  0.37%     - 3342s
     0     0 138954.000    0  501 139467.000 138954.000  0.37%     - 3385s
     0     0 138954.000    0  784 139467.000 138954.000  0.37%     - 3405s
     0     0 138954.000    0  739 139467.000 138954.000  0.37%     - 3409s
     0     0 138954.000    0  752 139467.000 138954.000  0.37%     - 3412s
     0     0 138954.000    0  745 139467.000 138954.000  0.37%     - 3436s
     0     0 138954.000    0  657 139467.000 138954.000  0.37%     - 3442s
     0     0 138954.000    0  666 139467.000 138954.000  0.37%     - 3445s
     0     0 138954.000    0  659 139467.000 138954.000  0.37%     - 3448s
     0     0 138954.000    0  591 139467.000 138954.000  0.37%     - 3449s
     0     0 138954.000    0  895 139467.000 138954.000  0.37%     - 3462s
     0     0 138954.000    0  873 139467.000 138954.000  0.37%     - 3465s
     0     0 138954.000    0  852 139467.000 138954.000  0.37%     - 3468s
     0     0 138954.000    0  898 139467.000 138954.000  0.37%     - 3481s
     0     0 138954.000    0  862 139467.000 138954.000  0.37%     - 3484s
     0     0 138954.000    0  815 139467.000 138954.000  0.37%     - 3500s
     0     0 138954.000    0  818 139467.000 138954.000  0.37%     - 3507s
     0     0 138954.000    0  704 139467.000 138954.000  0.37%     - 3511s
     0     0 138954.000    0  704 139467.000 138954.000  0.37%     - 3511s
     0     0 138954.000    0  728 139467.000 138954.000  0.37%     - 3524s
     0     0 138954.000    0  792 139467.000 138954.000  0.37%     - 3534s
     0     0 138954.000    0  664 139467.000 138954.000  0.37%     - 3546s
     0     0 138954.000    0  609 139467.000 138954.000  0.37%     - 3554s
     0     0 138954.000    0  704 139467.000 138954.000  0.37%     - 3564s
     0     0 138954.000    0  396 139467.000 138954.000  0.37%     - 3591s

Cutting planes:
  Gomory: 13
  Cover: 1
  Implied bound: 346
  Clique: 4
  MIR: 119
  StrongCG: 52
  Flow cover: 316
  Zero half: 5
  RLT: 124
  Relax-and-lift: 2
  PSD: 15

Explored 1 nodes (760888 simplex iterations) in 3601.87 seconds (3812.91 work units)
Thread count was 32 (of 32 available processors)

Solution count 10: 139467 139467 139467 ... 139735

Time limit reached
Best objective 1.394670000000e+05, best bound 1.389540000000e+05, gap 0.3678%
