
Gurobi 11.0.3 (win64) logging started Thu May  8 00:55:53 2025

Set parameter LogFile to value "run_logs\instance5b_20250508_005553.log"
Set parameter TimeLimit to value 3600
Gurobi Optimizer version 11.0.3 build v11.0.3rc0 (win64 - Windows 11+.0 (26100.2))

CPU model: Intel(R) Core(TM) i9-14900K, instruction set [SSE2|AVX|AVX2]
Thread count: 24 physical cores, 32 logical processors, using up to 32 threads

Optimize a model with 1897259 rows, 997979 columns and 4314707 nonzeros
Model fingerprint: 0xab3fd964
Variable types: 747981 continuous, 249998 integer (249998 binary)
Coefficient statistics:
  Matrix range     [1e+00, 2e+02]
  Objective range  [5e+01, 1e+04]
  Bounds range     [1e+00, 1e+00]
  RHS range        [1e+00, 3e+02]
Presolve removed 1565274 rows and 659818 columns (presolve time = 5s) ...
Presolve removed 1565274 rows and 659818 columns
Presolve time: 5.06s
Presolved: 331985 rows, 338161 columns, 1405796 nonzeros
Variable types: 3898 continuous, 334263 integer (161925 binary)
Found heuristic solution: objective 1738287.0000
Found heuristic solution: objective 985507.00000
Deterministic concurrent LP optimizer: primal simplex, dual simplex, and barrier
Showing barrier log only...

Root barrier log...

Ordering time: 0.11s

Barrier statistics:
 AA' NZ     : 7.188e+05
 Factor NZ  : 3.372e+06 (roughly 100 MB of memory)
 Factor Ops : 4.683e+08 (less than 1 second per iteration)
 Threads    : 22

                  Objective                Residual
Iter       Primal          Dual         Primal    Dual     Compl     Time
   0   1.53195881e+09 -3.09955421e+09  9.57e+03 8.73e+03  3.44e+05    11s
   1   7.27435551e+08 -3.31311688e+09  3.99e+03 2.19e+03  1.35e+05    11s
   2   9.09178639e+07 -2.41151584e+09  4.06e+02 1.89e-10  1.86e+04    11s
   3   4.07336297e+07 -1.02762456e+09  1.26e+02 1.64e-10  5.76e+03    11s
   4   2.17681046e+07 -2.17201302e+08  2.40e+01 4.37e-10  1.08e+03    11s
   5   1.75257774e+07 -1.22809708e+08  1.28e+01 3.49e-10  6.05e+02    11s
   6   1.15757211e+07 -6.18935896e+07  3.83e+00 2.60e-10  2.75e+02    11s
   7   6.03152437e+06 -3.10613385e+07  1.11e+00 1.95e-10  1.27e+02    11s
   8   4.10991737e+06 -1.05779253e+07  5.28e-01 2.90e-10  4.96e+01    11s
   9   1.34095820e+06 -4.72158542e+06  8.01e-02 2.29e-10  1.91e+01    11s
  10   7.29719241e+05 -1.87215508e+06  3.11e-02 2.90e-10  8.10e+00    11s
  11   5.84981907e+05 -1.36121040e+06  2.18e-02 2.49e-10  6.04e+00    11s
  12   3.08588400e+05 -3.35515594e+05  4.80e-03 2.80e-10  1.99e+00    11s
  13   2.41622500e+05 -2.57388826e+04  1.64e-03 1.88e-10  8.24e-01    12s
  14   2.30840387e+05  4.27952345e+04  1.22e-03 1.98e-10  5.79e-01    12s
  15   2.18753977e+05  1.00556623e+05  7.84e-04 2.39e-10  3.64e-01    12s
  16   2.07144669e+05  1.32745639e+05  4.08e-04 1.73e-10  2.29e-01    12s
  17   2.03274718e+05  1.43647817e+05  3.05e-04 3.20e-10  1.84e-01    12s
  18   1.96231895e+05  1.58421092e+05  1.37e-04 2.38e-10  1.16e-01    12s
  19   1.93986114e+05  1.66507107e+05  9.72e-05 2.72e-10  8.46e-02    12s
  20   1.91283069e+05  1.74946027e+05  5.62e-05 3.47e-10  5.03e-02    12s
  21   1.89368764e+05  1.77544142e+05  3.26e-05 2.55e-10  3.64e-02    12s
  22   1.88187500e+05  1.80872380e+05  1.94e-05 2.35e-10  2.25e-02    12s
  23   1.86692957e+05  1.84642045e+05  3.83e-06 2.37e-10  6.31e-03    12s
  24   1.86257783e+05  1.85886470e+05  5.09e-07 3.42e-10  1.14e-03    12s
  25   1.86200151e+05  1.86115531e+05  1.44e-07 2.60e-10  2.61e-04    12s
  26   1.86178313e+05  1.86172797e+05  1.24e-08 2.52e-10  1.70e-05    12s
  27   1.86176000e+05  1.86175999e+05  1.85e-12 6.76e-10  3.54e-09    12s

Barrier solved model in 27 iterations and 12.04 seconds (27.54 work units)
Optimal objective 1.86176000e+05


Root crossover log...

    9512 DPushes remaining with DInf 0.0000000e+00                12s
       0 DPushes remaining with DInf 0.0000000e+00                12s

    1277 PPushes remaining with PInf 0.0000000e+00                12s
       0 PPushes remaining with PInf 0.0000000e+00                12s

  Push phase complete: Pinf 0.0000000e+00, Dinf 4.3233550e-10     12s


Root simplex log...

Iteration    Objective       Primal Inf.    Dual Inf.      Time
   10554    1.8617600e+05   0.000000e+00   0.000000e+00     12s
Concurrent spin time: 0.00s

Solved with barrier
   11207    1.8617600e+05   0.000000e+00   0.000000e+00     12s
Extra simplex iterations after uncrush: 653

Use crossover to convert LP symmetric solution to basic solution...

Root crossover log...

       0 DPushes remaining with DInf 0.0000000e+00                12s

     494 PPushes remaining with PInf 0.0000000e+00                12s
       0 PPushes remaining with PInf 0.0000000e+00                12s

  Push phase complete: Pinf 0.0000000e+00, Dinf 4.8114401e-10     12s


Root simplex log...

Iteration    Objective       Primal Inf.    Dual Inf.      Time
   12461    1.8617600e+05   0.000000e+00   0.000000e+00     12s
   12461    1.8617600e+05   0.000000e+00   0.000000e+00     13s

Root relaxation: objective 1.861760e+05, 12461 iterations, 2.30 seconds (2.97 work units)
Total elapsed time = 12.54s (DegenMoves)
Total elapsed time = 15.14s (DegenMoves)

    Nodes    |    Current Node    |     Objective Bounds      |     Work
 Expl Unexpl |  Obj  Depth IntInf | Incumbent    BestBd   Gap | It/Node Time

     0     0 186176.000    0  269 985507.000 186176.000  81.1%     -   16s
H    0     0                    208672.00000 186176.000  10.8%     -   16s
H    0     0                    188089.00000 186176.000  1.02%     -   16s
H    0     0                    188004.00000 186176.000  0.97%     -   16s
     0     0 186191.000    0  522 188004.000 186191.000  0.96%     -   38s
H    0     0                    187014.00000 186196.333  0.44%     -   40s
     0     0 186207.000    0  603 187014.000 186207.000  0.43%     -   41s
     0     0 186207.000    0  603 187014.000 186207.000  0.43%     -   41s
     0     0 186208.800    0  604 187014.000 186208.800  0.43%     -   42s
     0     0 186216.000    0  597 187014.000 186216.000  0.43%     -   44s
     0     0 186216.000    0  573 187014.000 186216.000  0.43%     -   45s
     0     0 186216.000    0  563 187014.000 186216.000  0.43%     -   50s
     0     0 186216.000    0  511 187014.000 186216.000  0.43%     -   52s
     0     0 186216.000    0  598 187014.000 186216.000  0.43%     -   58s
     0     0 186216.000    0  589 187014.000 186216.000  0.43%     -   58s
     0     0 186216.000    0  594 187014.000 186216.000  0.43%     -   58s
     0     0 186216.000    0  552 187014.000 186216.000  0.43%     -   59s
     0     0 186218.000    0  559 187014.000 186218.000  0.43%     -   60s
     0     0 186218.000    0  559 187014.000 186218.000  0.43%     -   60s
     0     0 186221.000    0  526 187014.000 186221.000  0.42%     -   63s
     0     0 186221.000    0  558 187014.000 186221.000  0.42%     -   64s
     0     0 186226.000    0  566 187014.000 186226.000  0.42%     -   69s
     0     0 186226.000    0  573 187014.000 186226.000  0.42%     -   70s
     0     0 186266.000    0  564 187014.000 186266.000  0.40%     -   74s
H    0     0                    186994.00000 186266.000  0.39%     -   75s
     0     0 186266.000    0  535 186994.000 186266.000  0.39%     -   76s
     0     0 186276.000    0  570 186994.000 186276.000  0.38%     -   81s
     0     0 186276.000    0  499 186994.000 186276.000  0.38%     -   84s
     0     0 186276.000    0  395 186994.000 186276.000  0.38%     -   87s
     0     0 186276.000    0  396 186994.000 186276.000  0.38%     -   89s
     0     0 186276.000    0  273 186994.000 186276.000  0.38%     -   96s
     0     0 186276.000    0  378 186994.000 186276.000  0.38%     -   98s
     0     0 186276.000    0  247 186994.000 186276.000  0.38%     -  106s
H    0     0                    186956.00000 186276.000  0.36%     -  111s
     0     0 186276.000    0  246 186956.000 186276.000  0.36%     -  111s
     0     0 186292.250    0  342 186956.000 186292.250  0.36%     -  116s
     0     0 186306.000    0  396 186956.000 186306.000  0.35%     -  119s
     0     0 186306.000    0  395 186956.000 186306.000  0.35%     -  119s
     0     0 186326.929    0  566 186956.000 186326.929  0.34%     -  122s
H    0     0                    186928.00000 186326.929  0.32%     -  166s
     0     0 186347.500    0  625 186928.000 186347.500  0.31%     -  168s
     0     0 186347.500    0  623 186928.000 186347.500  0.31%     -  168s
     0     0 186347.500    0  600 186928.000 186347.500  0.31%     -  168s
     0     0 186385.678    0  681 186928.000 186385.678  0.29%     -  172s
     0     0 186385.678    0  681 186928.000 186385.678  0.29%     -  173s
     0     0 186385.693    0  711 186928.000 186385.693  0.29%     -  176s
     0     0 186391.619    0  682 186928.000 186391.619  0.29%     -  178s
     0     0 186395.181    0  616 186928.000 186395.181  0.29%     -  180s
     0     0 186395.181    0  683 186928.000 186395.181  0.29%     -  181s
     0     0 186420.000    0  458 186928.000 186420.000  0.27%     -  183s
     0     0 186420.000    0  417 186928.000 186420.000  0.27%     -  185s
     0     0 186420.000    0  489 186928.000 186420.000  0.27%     -  188s
     0     0 186434.000    0  421 186928.000 186434.000  0.26%     -  192s
     0     0 186434.000    0  262 186928.000 186434.000  0.26%     -  200s
     0     0 186434.000    0  369 186928.000 186434.000  0.26%     -  204s
     0     0 186434.000    0  350 186928.000 186434.000  0.26%     -  207s
     0     0 186434.000    0  486 186928.000 186434.000  0.26%     -  209s
     0     0 186434.000    0  577 186928.000 186434.000  0.26%     -  210s
     0     0 186434.000    0  553 186928.000 186434.000  0.26%     -  214s
     0     0 186434.000    0  580 186928.000 186434.000  0.26%     -  216s
H    0     0                    186794.00000 186434.000  0.19%     -  217s
     0     0 186434.000    0  623 186794.000 186434.000  0.19%     -  219s
     0     0 186434.000    0  623 186794.000 186434.000  0.19%     -  219s
     0     0 186434.000    0  597 186794.000 186434.000  0.19%     -  221s
     0     0 186434.000    0  597 186794.000 186434.000  0.19%     -  221s
     0     0 186434.000    0  562 186794.000 186434.000  0.19%     -  222s
     0     0 186434.000    0  485 186794.000 186434.000  0.19%     -  227s
     0     0 186434.000    0  219 186794.000 186434.000  0.19%     -  236s
     0     0 186434.000    0  251 186794.000 186434.000  0.19%     -  236s
     0     0 186434.000    0  323 186794.000 186434.000  0.19%     -  237s
     0     0 186434.000    0  323 186794.000 186434.000  0.19%     -  237s
     0     0 186434.000    0  442 186794.000 186434.000  0.19%     -  241s
     0     0 186434.000    0  467 186794.000 186434.000  0.19%     -  245s
     0     0 186434.000    0  496 186794.000 186434.000  0.19%     -  249s
     0     0 186434.000    0  483 186794.000 186434.000  0.19%     -  249s
     0     0 186434.000    0  485 186794.000 186434.000  0.19%     -  250s
     0     0 186434.000    0  444 186794.000 186434.000  0.19%     -  251s
     0     0 186434.000    0  432 186794.000 186434.000  0.19%     -  255s
     0     0 186434.000    0  410 186794.000 186434.000  0.19%     -  257s
     0     0 186434.000    0  410 186794.000 186434.000  0.19%     -  257s
     0     0 186434.000    0  480 186794.000 186434.000  0.19%     -  259s
     0     0 186434.000    0  495 186794.000 186434.000  0.19%     -  259s
     0     0 186434.000    0  542 186794.000 186434.000  0.19%     -  264s
     0     0 186434.000    0  509 186794.000 186434.000  0.19%     -  267s
     0     0 186434.000    0  354 186794.000 186434.000  0.19%     -  267s
     0     0 186434.000    0  365 186794.000 186434.000  0.19%     -  268s
     0     0 186434.000    0  433 186794.000 186434.000  0.19%     -  273s
     0     0 186434.000    0  466 186794.000 186434.000  0.19%     -  275s
     0     0 186434.000    0  340 186794.000 186434.000  0.19%     -  278s
     0     0 186434.000    0  479 186794.000 186434.000  0.19%     -  280s
     0     0 186434.000    0  224 186794.000 186434.000  0.19%     -  282s
     0     0 186434.000    0  312 186794.000 186434.000  0.19%     -  283s
     0     0 186434.000    0  109 186794.000 186434.000  0.19%     -  286s
     0     0 186436.000    0  246 186794.000 186436.000  0.19%     -  289s
     0     0 186436.000    0  301 186794.000 186436.000  0.19%     -  289s
     0     0 186439.000    0  180 186794.000 186439.000  0.19%     -  292s
     0     0 186439.001    0  425 186794.000 186439.001  0.19%     -  295s
     0     0 186439.001    0  415 186794.000 186439.001  0.19%     -  297s
     0     0 186440.000    0  463 186794.000 186440.000  0.19%     -  299s
     0     0 186440.000    0  417 186794.000 186440.000  0.19%     -  299s
     0     0 186441.050    0  436 186794.000 186441.050  0.19%     -  302s
     0     0 186441.050    0  426 186794.000 186441.050  0.19%     -  303s
     0     0 186476.000    0  442 186794.000 186476.000  0.17%     -  306s
     0     0 186476.000    0  442 186794.000 186476.000  0.17%     -  306s
     0     0 186476.000    0  397 186794.000 186476.000  0.17%     -  307s
     0     0 186481.263    0  541 186794.000 186481.263  0.17%     -  309s
     0     0 186481.263    0  472 186794.000 186481.263  0.17%     -  311s
     0     0 186481.520    0  416 186794.000 186481.520  0.17%     -  313s
     0     0 186481.520    0  366 186794.000 186481.520  0.17%     -  314s
     0     0 186486.693    0  572 186794.000 186486.693  0.16%     -  316s
     0     0 186486.693    0  573 186794.000 186486.693  0.16%     -  317s
     0     0 186494.124    0  583 186794.000 186494.124  0.16%     -  320s
     0     0 186494.124    0  576 186794.000 186494.124  0.16%     -  321s
     0     0 186496.017    0  573 186794.000 186496.017  0.16%     -  324s
     0     0 186496.018    0  577 186794.000 186496.018  0.16%     -  326s
     0     0 186496.027    0  573 186794.000 186496.027  0.16%     -  328s
     0     0 186496.027    0  530 186794.000 186496.027  0.16%     -  328s
     0     0 186496.027    0  514 186794.000 186496.027  0.16%     -  330s
     0     0 186496.040    0  418 186794.000 186496.040  0.16%     -  332s
     0     0 186496.040    0  446 186794.000 186496.040  0.16%     -  333s
     0     0 186496.897    0  524 186794.000 186496.897  0.16%     -  334s
     0     0 186496.897    0  527 186794.000 186496.897  0.16%     -  337s
     0     0 186500.047    0  587 186794.000 186500.047  0.16%     -  338s
     0     0 186500.047    0  584 186794.000 186500.047  0.16%     -  339s
     0     0 186506.339    0  552 186794.000 186506.339  0.15%     -  343s
     0     0 186568.273    0  450 186794.000 186568.273  0.12%     -  346s
     0     0 186568.273    0  450 186794.000 186568.273  0.12%     -  346s
     0     0 186572.211    0  463 186794.000 186572.211  0.12%     -  347s
     0     0 186572.211    0  563 186794.000 186572.211  0.12%     -  350s
     0     0 186572.211    0  167 186794.000 186572.211  0.12%     -  356s
     0     0 186572.211    0  196 186794.000 186572.211  0.12%     -  356s
     0     0 186572.211    0  301 186794.000 186572.211  0.12%     -  357s
     0     0 186572.211    0  376 186794.000 186572.211  0.12%     -  357s
     0     0 186572.211    0  376 186794.000 186572.211  0.12%     -  357s
     0     0 186572.211    0  464 186794.000 186572.211  0.12%     -  360s
     0     0 186572.211    0  447 186794.000 186572.211  0.12%     -  360s
     0     0 186572.211    0  353 186794.000 186572.211  0.12%     -  362s
     0     0 186572.211    0  441 186794.000 186572.211  0.12%     -  363s
     0     0 186572.211    0  532 186794.000 186572.211  0.12%     -  365s
     0     0 186572.211    0  453 186794.000 186572.211  0.12%     -  370s
     0     0 186572.211    0  459 186794.000 186572.211  0.12%     -  370s
     0     0 186572.211    0  467 186794.000 186572.211  0.12%     -  371s
     0     0 186572.211    0  474 186794.000 186572.211  0.12%     -  374s
     0     0 186572.211    0  444 186794.000 186572.211  0.12%     -  375s
     0     0 186572.211    0  465 186794.000 186572.211  0.12%     -  376s
     0     0 186572.211    0  106 186794.000 186572.211  0.12%     -  378s
     0     0 186572.211    0  112 186794.000 186572.211  0.12%     -  378s
     0     0 186572.211    0   97 186794.000 186572.211  0.12%     -  379s
     0     0 186572.211    0  240 186794.000 186572.211  0.12%     -  380s
     0     0 186572.211    0  283 186794.000 186572.211  0.12%     -  381s
     0     0 186572.211    0  274 186794.000 186572.211  0.12%     -  381s
     0     0 186572.211    0  304 186794.000 186572.211  0.12%     -  382s
     0     0 186572.211    0  285 186794.000 186572.211  0.12%     -  382s
     0     0 186572.211    0  385 186794.000 186572.211  0.12%     -  383s
     0     0 186572.211    0  436 186794.000 186572.211  0.12%     -  384s
     0     0 186572.211    0  484 186794.000 186572.211  0.12%     -  384s
     0     0 186572.211    0  528 186794.000 186572.211  0.12%     -  385s
     0     0 186572.211    0  430 186794.000 186572.211  0.12%     -  386s
     0     0 186572.211    0  317 186794.000 186572.211  0.12%     -  387s
     0     0 186572.211    0  269 186794.000 186572.211  0.12%     -  387s
     0     0 186572.211    0  384 186794.000 186572.211  0.12%     -  388s
     0     0 186572.211    0  368 186794.000 186572.211  0.12%     -  389s
     0     0 186572.211    0  396 186794.000 186572.211  0.12%     -  389s
     0     0 186572.211    0  361 186794.000 186572.211  0.12%     -  390s
     0     0 186572.211    0  371 186794.000 186572.211  0.12%     -  391s
     0     0 186572.211    0  318 186794.000 186572.211  0.12%     -  392s
     0     0 186572.211    0  327 186794.000 186572.211  0.12%     -  393s
     0     0 186572.211    0  363 186794.000 186572.211  0.12%     -  394s
     0     0 186572.211    0  134 186794.000 186572.211  0.12%     -  397s
     0     0 186578.667    0  288 186794.000 186578.667  0.12%     -  399s
     0     0 186578.667    0  346 186794.000 186578.667  0.12%     -  399s
     0     0 186578.667    0  270 186794.000 186578.667  0.12%     -  399s
     0     0 186609.000    0  142 186794.000 186609.000  0.10%     -  400s
     0     0 186609.000    0  231 186794.000 186609.000  0.10%     -  400s
     0     0 186609.000    0  270 186794.000 186609.000  0.10%     -  400s
     0     0 186609.000    0  338 186794.000 186609.000  0.10%     -  401s
     0     0 186609.000    0  151 186794.000 186609.000  0.10%     -  405s
     0     0 186609.000    0  356 186794.000 186609.000  0.10%     -  406s
     0     0 186609.000    0  379 186794.000 186609.000  0.10%     -  406s
     0     0 186609.000    0  440 186794.000 186609.000  0.10%     -  407s
     0     0 186609.000    0  420 186794.000 186609.000  0.10%     -  408s
     0     0 186609.000    0  408 186794.000 186609.000  0.10%     -  408s
     0     0 186609.000    0  399 186794.000 186609.000  0.10%     -  409s
     0     0 186609.000    0  385 186794.000 186609.000  0.10%     -  409s
     0     0 186609.000    0  395 186794.000 186609.000  0.10%     -  411s
     0     0 186609.000    0  407 186794.000 186609.000  0.10%     -  412s
     0     0 186609.000    0  319 186794.000 186609.000  0.10%     -  414s
     0     0 186609.000    0  377 186794.000 186609.000  0.10%     -  416s
     0     0 186609.000    0  369 186794.000 186609.000  0.10%     -  416s
     0     0 186609.000    0  366 186794.000 186609.000  0.10%     -  416s
     0     0 186609.000    0  415 186794.000 186609.000  0.10%     -  417s
     0     0 186609.000    0  146 186794.000 186609.000  0.10%     -  420s
     0     0 186609.000    0  311 186794.000 186609.000  0.10%     -  421s
     0     0 186609.000    0  299 186794.000 186609.000  0.10%     -  421s
     0     0 186609.000    0  364 186794.000 186609.000  0.10%     -  422s
     0     0 186609.000    0  410 186794.000 186609.000  0.10%     -  423s
     0     0 186609.000    0  416 186794.000 186609.000  0.10%     -  423s
     0     0 186609.000    0  212 186794.000 186609.000  0.10%     -  424s
     0     0 186609.000    0  305 186794.000 186609.000  0.10%     -  425s
     0     0 186609.000    0  365 186794.000 186609.000  0.10%     -  425s
     0     0 186609.000    0  305 186794.000 186609.000  0.10%     -  426s
     0     0 186609.000    0  376 186794.000 186609.000  0.10%     -  427s
     0     0 186609.000    0  429 186794.000 186609.000  0.10%     -  427s
     0     0 186609.000    0  384 186794.000 186609.000  0.10%     -  429s
     0     0 186609.000    0  332 186794.000 186609.000  0.10%     -  429s
     0     0 186609.000    0  413 186794.000 186609.000  0.10%     -  430s
     0     0 186609.000    0  314 186794.000 186609.000  0.10%     -  431s
     0     0 186609.000    0  278 186794.000 186609.000  0.10%     -  431s
     0     0 186609.000    0  405 186794.000 186609.000  0.10%     -  432s
     0     0 186609.000    0  382 186794.000 186609.000  0.10%     -  432s
     0     0 186609.000    0  345 186794.000 186609.000  0.10%     -  433s
     0     0 186609.000    0  293 186794.000 186609.000  0.10%     -  434s
     0     0 186609.000    0  382 186794.000 186609.000  0.10%     -  434s
     0     0 186617.000    0  137 186794.000 186617.000  0.09%     -  436s
     0     0 186617.001    0  175 186794.000 186617.001  0.09%     -  437s
     0     0 186617.001    0  343 186794.000 186617.001  0.09%     -  437s
     0     0 186617.001    0  342 186794.000 186617.001  0.09%     -  438s
     0     0 186618.001    0  437 186794.000 186618.001  0.09%     -  439s
     0     0 186618.001    0  435 186794.000 186618.001  0.09%     -  439s
     0     0 186618.715    0  438 186794.000 186618.715  0.09%     -  439s
     0     0 186619.358    0  456 186794.000 186619.358  0.09%     -  440s
     0     0 186622.751    0  442 186794.000 186622.751  0.09%     -  441s
     0     0 186622.758    0  462 186794.000 186622.758  0.09%     -  442s
     0     0 186627.533    0  452 186794.000 186627.533  0.09%     -  443s
     0     0 186627.533    0  452 186794.000 186627.533  0.09%     -  443s
     0     0 186627.533    0  464 186794.000 186627.533  0.09%     -  443s
     0     0 186639.533    0  436 186794.000 186639.533  0.08%     -  444s
     0     0 186639.533    0  434 186794.000 186639.533  0.08%     -  444s
     0     0 186639.533    0  379 186794.000 186639.533  0.08%     -  445s
     0     0 186639.533    0  350 186794.000 186639.533  0.08%     -  445s
     0     0 186639.533    0  400 186794.000 186639.533  0.08%     -  445s
     0     0 186639.533    0  407 186794.000 186639.533  0.08%     -  445s
     0     0 186639.533    0  376 186794.000 186639.533  0.08%     -  445s
     0     0 186639.533    0  384 186794.000 186639.533  0.08%     -  446s
     0     0 186639.533    0  417 186794.000 186639.533  0.08%     -  446s
     0     0 186639.533    0  401 186794.000 186639.533  0.08%     -  446s
     0     0 186709.033    0  334 186794.000 186709.033  0.05%     -  447s
     0     0 186709.033    0  284 186794.000 186709.033  0.05%     -  447s
     0     0 186709.033    0  284 186794.000 186709.033  0.05%     -  448s
     0     0 186709.033    0  381 186794.000 186709.033  0.05%     -  448s
     0     0 186709.033    0  387 186794.000 186709.033  0.05%     -  448s
     0     0 186709.033    0  465 186794.000 186709.033  0.05%     -  448s
     0     0 186709.033    0   91 186794.000 186709.033  0.05%     -  450s
     0     0 186709.033    0  169 186794.000 186709.033  0.05%     -  450s
     0     0 186709.033    0  214 186794.000 186709.033  0.05%     -  450s
     0     0 186709.033    0  200 186794.000 186709.033  0.05%     -  450s
     0     0 186709.033    0  201 186794.000 186709.033  0.05%     -  450s
     0     0 186709.033    0  201 186794.000 186709.033  0.05%     -  450s
     0     0 186709.033    0  162 186794.000 186709.033  0.05%     -  451s
     0     0 186709.033    0  188 186794.000 186709.033  0.05%     -  452s
     0     0 186709.033    0  114 186794.000 186709.033  0.05%     -  452s
     0     0 186709.033    0  192 186794.000 186709.033  0.05%     -  452s
     0     0 186709.033    0  332 186794.000 186709.033  0.05%     -  453s
     0     0 186709.033    0  341 186794.000 186709.033  0.05%     -  453s
     0     0 186709.033    0  333 186794.000 186709.033  0.05%     -  453s
     0     0 186709.033    0  328 186794.000 186709.033  0.05%     -  453s
     0     0 186709.033    0  372 186794.000 186709.033  0.05%     -  453s
     0     0 186709.033    0  337 186794.000 186709.033  0.05%     -  453s
     0     0 186709.033    0  329 186794.000 186709.033  0.05%     -  454s
     0     0 186709.033    0  285 186794.000 186709.033  0.05%     -  454s
     0     0 186709.033    0  356 186794.000 186709.033  0.05%     -  454s
     0     0 186709.033    0  378 186794.000 186709.033  0.05%     -  454s
     0     0 186709.033    0  406 186794.000 186709.033  0.05%     -  454s
     0     0 186709.033    0  361 186794.000 186709.033  0.05%     -  454s
     0     0 186709.033    0  356 186794.000 186709.033  0.05%     -  455s
     0     0 186729.050    0  320 186794.000 186729.050  0.03%     -  455s
     0     0 186729.050    0  326 186794.000 186729.050  0.03%     -  455s
     0     0 186729.050    0  321 186794.000 186729.050  0.03%     -  455s
     0     0 186729.050    0  325 186794.000 186729.050  0.03%     -  455s
     0     0 186729.050    0  366 186794.000 186729.050  0.03%     -  455s
     0     0 186729.050    0  359 186794.000 186729.050  0.03%     -  455s
     0     0 186729.050    0   80 186794.000 186729.050  0.03%     -  456s
     0     0 186729.050    0  151 186794.000 186729.050  0.03%     -  456s
     0     0 186729.050    0  114 186794.000 186729.050  0.03%     -  456s
     0     0 186729.050    0  170 186794.000 186729.050  0.03%     -  456s
     0     0 186729.050    0  220 186794.000 186729.050  0.03%     -  457s
     0     0 186729.050    0   36 186794.000 186729.050  0.03%     -  457s
     0     0 186729.050    0   75 186794.000 186729.050  0.03%     -  457s
     0     0 186729.050    0   40 186794.000 186729.050  0.03%     -  458s
     0     0 186729.050    0  194 186794.000 186729.050  0.03%     -  458s
     0     0 186729.050    0  144 186794.000 186729.050  0.03%     -  458s
     0     0 186729.050    0  171 186794.000 186729.050  0.03%     -  458s
     0     0 186729.050    0  170 186794.000 186729.050  0.03%     -  458s
     0     0 186729.050    0  128 186794.000 186729.050  0.03%     -  458s
     0     0 186729.050    0  226 186794.000 186729.050  0.03%     -  458s
     0     0 186729.050    0  314 186794.000 186729.050  0.03%     -  458s
     0     0 186732.333    0  321 186794.000 186732.333  0.03%     -  458s

Cutting planes:
  Gomory: 3
  Cover: 8
  Implied bound: 6
  Clique: 2
  MIR: 27
  Flow cover: 1
  Zero half: 28
  RLT: 63
  Relax-and-lift: 3

Explored 1 nodes (791228 simplex iterations) in 459.04 seconds (850.39 work units)
Thread count was 32 (of 32 available processors)

Solution count 10: 186794 186794 186794 ... 186794

Optimal solution found (tolerance 1.00e-04)
Best objective 1.867940000000e+05, best bound 1.867840000000e+05, gap 0.0054%
