
Gurobi 11.0.3 (win64) logging started Thu May  8 01:20:25 2025

Set parameter LogFile to value "run_logs\instance6b_20250508_012025.log"
Set parameter TimeLimit to value 3600
Gurobi Optimizer version 11.0.3 build v11.0.3rc0 (win64 - Windows 11+.0 (26100.2))

CPU model: Intel(R) Core(TM) i9-14900K, instruction set [SSE2|AVX|AVX2]
Thread count: 24 physical cores, 32 logical processors, using up to 32 threads

Optimize a model with 3743299 rows, 1954041 columns and 8496745 nonzeros
Model fingerprint: 0x609d1692
Variable types: 1464831 continuous, 489210 integer (489210 binary)
Coefficient statistics:
  Matrix range     [1e+00, 2e+02]
  Objective range  [5e+01, 1e+04]
  Bounds range     [1e+00, 1e+00]
  RHS range        [1e+00, 3e+02]
Presolve removed 2428891 rows and 1264093 columns (presolve time = 5s) ...
Presolve removed 2444211 rows and 1272384 columns (presolve time = 10s) ...
Presolve removed 3074316 rows and 1272384 columns
Presolve time: 11.59s
Presolved: 668983 rows, 681657 columns, 2861238 nonzeros
Variable types: 5986 continuous, 675671 integer (328224 binary)
Found heuristic solution: objective 2327531.0000
Found heuristic solution: objective 1444185.0000
Deterministic concurrent LP optimizer: primal simplex, dual simplex, and barrier
Showing barrier log only...

Root barrier log...

Ordering time: 0.91s

Barrier statistics:
 AA' NZ     : 1.470e+06
 Factor NZ  : 7.901e+06 (roughly 200 MB of memory)
 Factor Ops : 1.719e+09 (less than 1 second per iteration)
 Threads    : 22

                  Objective                Residual
Iter       Primal          Dual         Primal    Dual     Compl     Time
   0   3.32383058e+09 -1.78293207e+10  6.98e+03 2.20e+04  8.26e+05    27s
   1   1.91549660e+09 -1.85375728e+10  3.72e+03 1.93e+04  4.22e+05    27s
   2   4.42920679e+08 -1.71005395e+10  6.77e+02 5.14e+03  9.69e+04    28s
   3   1.87658130e+08 -6.57435649e+09  1.84e+02 9.74e+01  2.46e+04    28s
   4   1.48451619e+08 -2.66225318e+09  1.12e+02 3.20e-10  1.09e+04    28s
   5   9.17893152e+07 -8.41753777e+08  2.36e+01 2.47e-10  2.75e+03    28s
   6   6.63269600e+07 -3.09918678e+08  9.91e+00 1.64e-09  1.09e+03    28s
   7   3.36808650e+07 -1.44577367e+08  3.14e+00 1.54e-09  4.52e+02    28s
   8   1.85597441e+07 -6.50848404e+07  1.31e+00 1.45e-09  2.02e+02    28s
   9   1.26122699e+07 -2.70703086e+07  7.50e-01 8.28e-10  9.62e+01    28s
  10   4.40913318e+06 -9.93106385e+06  2.18e-01 1.17e-09  3.18e+01    28s
  11   1.81076554e+06 -6.04291475e+06  7.22e-02 1.33e-09  1.61e+01    28s
  12   1.34416858e+06 -2.04682116e+06  4.86e-02 8.61e-10  6.85e+00    28s
  13   1.17667798e+06 -1.45790277e+06  4.06e-02 8.10e-10  5.29e+00    28s
  14   8.89941060e+05 -7.40250362e+05  2.77e-02 7.46e-10  3.24e+00    28s
  15   6.09759115e+05 -3.11641508e+05  1.45e-02 7.95e-10  1.81e+00    29s
  16   4.78953013e+05 -2.19010213e+05  8.81e-03 1.23e-09  1.36e+00    29s
  17   4.09218047e+05 -5.80928903e+04  5.68e-03 6.14e-10  9.06e-01    29s
  18   3.65793593e+05  8.43594513e+04  3.86e-03 1.34e-09  5.45e-01    29s
  19   3.31409157e+05  1.38594770e+05  2.50e-03 1.36e-09  3.73e-01    29s
  20   3.17740219e+05  1.65874402e+05  1.98e-03 1.80e-09  2.93e-01    29s
  21   2.94912377e+05  1.84034803e+05  1.15e-03 1.58e-09  2.14e-01    29s
  22   2.87243808e+05  2.06777522e+05  8.92e-04 1.40e-09  1.55e-01    29s
  23   2.78874482e+05  2.21837533e+05  6.26e-04 1.83e-09  1.10e-01    29s
  24   2.68891815e+05  2.30450262e+05  3.44e-04 1.92e-09  7.39e-02    29s
  25   2.66518593e+05  2.35631303e+05  2.87e-04 1.47e-09  5.94e-02    29s
  26   2.61928701e+05  2.39589802e+05  1.87e-04 1.57e-09  4.29e-02    29s
  27   2.57380300e+05  2.45503821e+05  9.58e-05 8.94e-10  2.28e-02    30s
  28   2.55395192e+05  2.47756054e+05  6.08e-05 7.13e-10  1.47e-02    30s
  29   2.54415496e+05  2.50146083e+05  4.43e-05 1.23e-09  8.22e-03    30s
  30   2.52820716e+05  2.50688682e+05  1.86e-05 1.19e-09  4.10e-03    30s
  31   2.51950250e+05  2.51420325e+05  4.91e-06 1.09e-09  1.02e-03    30s
  32   2.51673728e+05  2.51601452e+05  7.55e-07 1.38e-09  1.39e-04    30s
  33   2.51622519e+05  2.51621626e+05  6.21e-09 1.02e-09  1.71e-06    30s
  34   2.51622000e+05  2.51622000e+05  9.24e-13 1.37e-09  1.86e-11    30s

Barrier solved model in 34 iterations and 30.03 seconds (67.21 work units)
Optimal objective 2.51622000e+05


Root crossover log...

   11929 DPushes remaining with DInf 0.0000000e+00                30s
       0 DPushes remaining with DInf 0.0000000e+00                30s

    1516 PPushes remaining with PInf 0.0000000e+00                30s
       0 PPushes remaining with PInf 0.0000000e+00                30s

  Push phase complete: Pinf 0.0000000e+00, Dinf 5.9995608e-10     30s


Root simplex log...

Iteration    Objective       Primal Inf.    Dual Inf.      Time
   13273    2.5162200e+05   0.000000e+00   0.000000e+00     30s
Concurrent spin time: 0.00s

Solved with barrier
   15462    2.5162200e+05   0.000000e+00   0.000000e+00     31s
Extra simplex iterations after uncrush: 2189

Use crossover to convert LP symmetric solution to basic solution...

Root crossover log...

    1963 DPushes remaining with DInf 0.0000000e+00                31s
       0 DPushes remaining with DInf 0.0000000e+00                31s

    1052 PPushes remaining with PInf 0.0000000e+00                31s
       0 PPushes remaining with PInf 0.0000000e+00                31s

  Push phase complete: Pinf 0.0000000e+00, Dinf 2.4083424e-10     31s


Root simplex log...

Iteration    Objective       Primal Inf.    Dual Inf.      Time
   18418    2.5162200e+05   0.000000e+00   0.000000e+00     31s
   18418    2.5162200e+05   0.000000e+00   0.000000e+00     31s

Root relaxation: objective 2.516220e+05, 18418 iterations, 6.22 seconds (8.02 work units)
Total elapsed time = 31.34s (DegenMoves)
Total elapsed time = 37.76s (DegenMoves)
Total elapsed time = 40.50s (DegenMoves)

    Nodes    |    Current Node    |     Objective Bounds      |     Work
 Expl Unexpl |  Obj  Depth IntInf | Incumbent    BestBd   Gap | It/Node Time

     0     0 251622.000    0  470 1444185.00 251622.000  82.6%     -   42s
H    0     0                    1405916.0000 251622.000  82.1%     -   43s
H    0     0                    1121749.0000 251622.000  77.6%     -   44s
     0     0 251629.500    0  685 1121749.00 251629.500  77.6%     -  149s
H    0     0                    1121699.0000 251637.000  77.6%     -  152s
H    0     0                    254488.00000 251637.000  1.12%     -  260s
     0     0 251637.000    0  621 254488.000 251637.000  1.12%     -  262s
     0     0 251637.000    0  674 254488.000 251637.000  1.12%     -  282s
     0     0 251637.000    0  730 254488.000 251637.000  1.12%     -  292s
     0     0 251656.167    0  744 254488.000 251656.167  1.11%     -  311s
     0     0 251658.667    0  740 254488.000 251658.667  1.11%     -  322s
     0     0 251692.000    0  720 254488.000 251692.000  1.10%     -  342s
     0     0 251692.000    0  682 254488.000 251692.000  1.10%     -  353s
     0     0 251692.000    0  705 254488.000 251692.000  1.10%     -  370s
     0     0 251697.000    0  679 254488.000 251697.000  1.10%     -  380s
     0     0 251697.000    0  640 254488.000 251697.000  1.10%     -  388s
     0     0 251702.000    0  359 254488.000 251702.000  1.09%     -  420s
     0     0 251702.000    0  328 254488.000 251702.000  1.09%     -  428s
     0     0 251727.333    0  624 254488.000 251727.333  1.08%     -  449s
     0     0 251752.667    0  700 254488.000 251752.667  1.07%     -  475s
     0     0 251752.667    0  706 254488.000 251752.667  1.07%     -  481s
     0     0 251782.000    0  853 254488.000 251782.000  1.06%     -  503s
H    0     0                    254421.00000 251782.000  1.04%     -  510s
     0     0 251782.000    0  691 254421.000 251782.000  1.04%     -  518s
     0     0 251785.333    0  826 254421.000 251785.333  1.04%     -  547s
     0     0 251785.333    0  785 254421.000 251785.333  1.04%     -  564s
     0     0 251788.667    0  698 254421.000 251788.667  1.03%     -  597s
H    0     0                    254245.00000 251788.667  0.97%     -  604s
     0     0 251788.667    0  785 254245.000 251788.667  0.97%     -  610s
     0     0 251788.667    0  683 254245.000 251788.667  0.97%     -  646s
     0     0 251788.667    0  788 254245.000 251788.667  0.97%     -  665s
     0     0 251789.067    0  594 254245.000 251789.067  0.97%     -  709s
     0     0 251789.667    0  616 254245.000 251789.667  0.97%     -  724s
     0     0 251808.000    0  703 254245.000 251808.000  0.96%     -  754s
     0     0 251808.000    0  622 254245.000 251808.000  0.96%     -  771s
     0     0 251808.000    0  706 254245.000 251808.000  0.96%     -  805s
H    0     0                    254043.00000 251808.000  0.88%     -  811s
     0     0 251808.000    0  635 254043.000 251808.000  0.88%     -  822s
     0     0 251818.463    0  608 254043.000 251818.463  0.88%     -  860s
     0     0 251818.893    0  637 254043.000 251818.893  0.88%     -  877s
     0     0 251818.893    0  582 254043.000 251818.893  0.88%     -  884s
     0     0 251827.694    0  819 254043.000 251827.694  0.87%     -  921s
     0     0 251830.611    0  780 254043.000 251830.611  0.87%     -  931s
     0     0 251830.611    0  771 254043.000 251830.611  0.87%     -  938s
     0     0 251891.838    0  770 254043.000 251891.838  0.85%     -  963s
     0     0 251916.348    0  784 254043.000 251916.348  0.84%     -  976s
     0     0 251917.165    0  762 254043.000 251917.165  0.84%     -  981s
     0     0 251917.165    0  766 254043.000 251917.165  0.84%     -  984s
     0     0 251940.000    0  804 254043.000 251940.000  0.83%     - 1018s
H    0     0                    253977.00000 251940.000  0.80%     - 1025s
     0     0 251940.579    0  874 253977.000 251940.579  0.80%     - 1039s
     0     0 251940.579    0  847 253977.000 251940.579  0.80%     - 1051s
     0     0 251942.167    0  748 253977.000 251942.167  0.80%     - 1070s
     0     0 251942.250    0  753 253977.000 251942.250  0.80%     - 1082s
     0     0 251942.250    0  752 253977.000 251942.250  0.80%     - 1082s
     0     0 251953.500    0  675 253977.000 251953.500  0.80%     - 1097s
     0     0 251953.500    0  676 253977.000 251953.500  0.80%     - 1114s
     0     0 251953.500    0  560 253977.000 251953.500  0.80%     - 1136s
     0     0 251953.500    0  694 253977.000 251953.500  0.80%     - 1145s
     0     0 251953.500    0  389 253977.000 251953.500  0.80%     - 1179s
H    0     0                    253972.00000 251953.500  0.79%     - 1186s
     0     0 251953.500    0  417 253972.000 251953.500  0.79%     - 1191s
     0     0 251960.500    0  444 253972.000 251960.500  0.79%     - 1221s
H    0     0                    252937.00000 251960.500  0.39%     - 1231s
     0     0 251962.833    0  461 252937.000 251962.833  0.39%     - 1235s
     0     0 251962.833    0  461 252937.000 251962.833  0.39%     - 1235s
     0     0 251962.833    0  489 252937.000 251962.833  0.39%     - 1238s
     0     0 251972.000    0  667 252937.000 251972.000  0.38%     - 1262s
     0     0 251972.000    0  657 252937.000 251972.000  0.38%     - 1276s
     0     0 251987.000    0  564 252937.000 251987.000  0.38%     - 1292s
     0     0 251987.000    0  538 252937.000 251987.000  0.38%     - 1304s
     0     0 252000.000    0  760 252937.000 252000.000  0.37%     - 1329s
     0     0 252000.000    0  760 252937.000 252000.000  0.37%     - 1329s
     0     0 252000.000    0  748 252937.000 252000.000  0.37%     - 1336s
     0     0 252004.800    0  836 252937.000 252004.800  0.37%     - 1356s
     0     0 252012.000    0  796 252937.000 252012.000  0.37%     - 1524s
     0     0 252012.100    0  814 252937.000 252012.100  0.37%     - 1530s
     0     0 252027.638    0  741 252937.000 252027.638  0.36%     - 1551s
     0     0 252028.633    0  805 252937.000 252028.633  0.36%     - 1567s
     0     0 252029.700    0  782 252937.000 252029.700  0.36%     - 1574s
     0     0 252029.700    0  900 252937.000 252029.700  0.36%     - 1583s
     0     0 252040.304    0  749 252937.000 252040.304  0.35%     - 1604s
     0     0 252046.500    0  653 252937.000 252046.500  0.35%     - 1619s
     0     0 252046.500    0  617 252937.000 252046.500  0.35%     - 1623s
     0     0 252046.667    0  829 252937.000 252046.667  0.35%     - 1636s
     0     0 252047.667    0  720 252937.000 252047.667  0.35%     - 1645s
     0     0 252047.667    0  721 252937.000 252047.667  0.35%     - 1656s
     0     0 252052.000    0  657 252937.000 252052.000  0.35%     - 1675s
     0     0 252052.000    0  649 252937.000 252052.000  0.35%     - 1681s
     0     0 252068.364    0  816 252937.000 252068.364  0.34%     - 1703s
     0     0 252070.750    0  661 252937.000 252070.750  0.34%     - 1721s
     0     0 252070.750    0  678 252937.000 252070.750  0.34%     - 1726s
     0     0 252097.000    0  634 252937.000 252097.000  0.33%     - 1748s
     0     0 252097.000    0  602 252937.000 252097.000  0.33%     - 1754s
     0     0 252103.600    0  714 252937.000 252103.600  0.33%     - 1775s
     0     0 252106.000    0  739 252937.000 252106.000  0.33%     - 1789s
     0     0 252106.000    0  696 252937.000 252106.000  0.33%     - 1791s
     0     0 252113.889    0  685 252937.000 252113.889  0.33%     - 1808s
     0     0 252113.889    0  694 252937.000 252113.889  0.33%     - 1809s
     0     0 252113.889    0  671 252937.000 252113.889  0.33%     - 1812s
     0     0 252117.778    0  649 252937.000 252117.778  0.32%     - 1816s
     0     0 252117.778    0  666 252937.000 252117.778  0.32%     - 1822s
     0     0 252126.066    0  933 252937.000 252126.066  0.32%     - 1840s
     0     0 252126.066    0  933 252937.000 252126.066  0.32%     - 1841s
     0     0 252128.349    0  916 252937.000 252128.349  0.32%     - 1860s
     0     0 252128.349    0  921 252937.000 252128.349  0.32%     - 1867s
     0     0 252134.058    0  903 252937.000 252134.058  0.32%     - 1893s
     0     0 252135.000    0  823 252937.000 252135.000  0.32%     - 1905s
     0     0 252135.000    0  814 252937.000 252135.000  0.32%     - 1912s
     0     0 252137.000    0  649 252937.000 252137.000  0.32%     - 1929s
     0     0 252137.000    0  605 252937.000 252137.000  0.32%     - 1940s
     0     0 252137.256    0  895 252937.000 252137.256  0.32%     - 1968s
     0     0 252139.444    0  895 252937.000 252139.444  0.32%     - 1982s
     0     0 252139.667    0  886 252937.000 252139.667  0.32%     - 1988s
     0     0 252143.000    0  622 252937.000 252143.000  0.31%     - 2003s
     0     0 252143.000    0  667 252937.000 252143.000  0.31%     - 2020s
     0     0 252145.500    0  720 252937.000 252145.500  0.31%     - 2038s
     0     0 252145.871    0  851 252937.000 252145.871  0.31%     - 2053s
     0     0 252145.871    0  851 252937.000 252145.871  0.31%     - 2053s
     0     0 252148.729    0  927 252937.000 252148.729  0.31%     - 2060s
     0     0 252148.729    0  902 252937.000 252148.729  0.31%     - 2063s
     0     0 252157.200    0  827 252937.000 252157.200  0.31%     - 2095s
     0     0 252160.800    0  800 252937.000 252160.800  0.31%     - 2115s
     0     0 252160.800    0  775 252937.000 252160.800  0.31%     - 2121s
     0     0 252182.000    0  644 252937.000 252182.000  0.30%     - 2143s
     0     0 252182.000    0  644 252937.000 252182.000  0.30%     - 2144s
     0     0 252182.000    0  735 252937.000 252182.000  0.30%     - 2155s
     0     0 252184.000    0  697 252937.000 252184.000  0.30%     - 2175s
     0     0 252184.000    0  591 252937.000 252184.000  0.30%     - 2184s
     0     0 252184.450    0 1023 252937.000 252184.450  0.30%     - 2204s
     0     0 252184.450    0 1010 252937.000 252184.450  0.30%     - 2206s
     0     0 252198.667    0  633 252937.000 252198.667  0.29%     - 2230s
     0     0 252198.667    0  693 252937.000 252198.667  0.29%     - 2240s
     0     0 252213.500    0  638 252937.000 252213.500  0.29%     - 2262s
     0     0 252213.561    0  980 252937.000 252213.561  0.29%     - 2287s
     0     0 252229.500    0  891 252937.000 252229.500  0.28%     - 2306s
     0     0 252229.500    0  891 252937.000 252229.500  0.28%     - 2306s
     0     0 252229.500    0  848 252937.000 252229.500  0.28%     - 2316s
     0     0 252242.900    0  830 252937.000 252242.900  0.27%     - 2348s
     0     0 252248.819    0  931 252937.000 252248.819  0.27%     - 2413s
     0     0 252248.819    0  946 252937.000 252248.819  0.27%     - 2414s
     0     0 252259.625    0  878 252937.000 252259.625  0.27%     - 2443s
     0     0 252259.625    0  925 252937.000 252259.625  0.27%     - 2449s
     0     0 252275.000    0  630 252937.000 252275.000  0.26%     - 2468s
     0     0 252278.500    0  690 252937.000 252278.500  0.26%     - 2477s
     0     0 252280.286    0  834 252937.000 252280.286  0.26%     - 2580s
     0     0 252281.000    0  741 252937.000 252281.000  0.26%     - 2583s
     0     0 252281.000    0  742 252937.000 252281.000  0.26%     - 2584s
     0     0 252281.000    0  746 252937.000 252281.000  0.26%     - 2605s
     0     0 252281.000    0  753 252937.000 252281.000  0.26%     - 2613s
     0     0 252281.000    0  597 252937.000 252281.000  0.26%     - 2633s
     0     0 252282.074    0  657 252937.000 252282.074  0.26%     - 2645s
     0     0 252282.074    0  633 252937.000 252282.074  0.26%     - 2648s
     0     0 252289.200    0  437 252937.000 252289.200  0.26%     - 2677s
     0     0 252289.375    0  458 252937.000 252289.375  0.26%     - 2690s
     0     0 252289.375    0  460 252937.000 252289.375  0.26%     - 2692s
     0     0 252292.250    0  498 252937.000 252292.250  0.25%     - 2708s
     0     0 252292.250    0  537 252937.000 252292.250  0.25%     - 2714s
     0     0 252293.500    0  552 252937.000 252293.500  0.25%     - 2731s
     0     0 252295.000    0  540 252937.000 252295.000  0.25%     - 2741s
     0     0 252305.389    0  830 252937.000 252305.389  0.25%     - 2769s
     0     0 252305.633    0  846 252937.000 252305.633  0.25%     - 2784s
     0     0 252306.004    0  856 252937.000 252306.004  0.25%     - 2805s
     0     0 252306.004    0  585 252937.000 252306.004  0.25%     - 2820s
     0     0 252306.004    0  585 252937.000 252306.004  0.25%     - 2820s
H    0     0                    252910.00000 252306.004  0.24%     - 2835s
     0     0 252346.500    0  479 252910.000 252346.500  0.22%     - 2870s
     0     0 252346.500    0  764 252910.000 252346.500  0.22%     - 2881s
     0     0 252346.500    0  739 252910.000 252346.500  0.22%     - 2883s
     0     0 252346.500    0  739 252910.000 252346.500  0.22%     - 2885s
     0     0 252346.500    0  670 252910.000 252346.500  0.22%     - 2891s
     0     0 252346.500    0  705 252910.000 252346.500  0.22%     - 2897s
     0     0 252346.500    0  726 252910.000 252346.500  0.22%     - 2908s
     0     0 252346.500    0  648 252910.000 252346.500  0.22%     - 2916s
     0     0 252346.500    0  631 252910.000 252346.500  0.22%     - 2934s
     0     0 252346.500    0  692 252910.000 252346.500  0.22%     - 2953s
     0     0 252346.500    0  589 252910.000 252346.500  0.22%     - 2972s
     0     0 252346.500    0  584 252910.000 252346.500  0.22%     - 2990s
     0     0 252346.500    0  578 252910.000 252346.500  0.22%     - 2994s
     0     0 252346.500    0  404 252910.000 252346.500  0.22%     - 3025s
     0     0 252346.500    0  689 252910.000 252346.500  0.22%     - 3044s
     0     0 252346.500    0  686 252910.000 252346.500  0.22%     - 3056s
     0     0 252346.500    0  602 252910.000 252346.500  0.22%     - 3067s
     0     0 252346.500    0  546 252910.000 252346.500  0.22%     - 3068s
     0     0 252346.500    0  692 252910.000 252346.500  0.22%     - 3081s
     0     0 252346.500    0  648 252910.000 252346.500  0.22%     - 3098s
     0     0 252346.500    0  707 252910.000 252346.500  0.22%     - 3116s
     0     0 252346.500    0  671 252910.000 252346.500  0.22%     - 3128s
     0     0 252346.500    0  701 252910.000 252346.500  0.22%     - 3146s
     0     0 252346.500    0  758 252910.000 252346.500  0.22%     - 3161s
     0     0 252346.500    0  562 252910.000 252346.500  0.22%     - 3177s
     0     0 252346.500    0  718 252910.000 252346.500  0.22%     - 3187s
     0     0 252346.500    0  709 252910.000 252346.500  0.22%     - 3197s
     0     0 252346.500    0  617 252910.000 252346.500  0.22%     - 3211s
     0     0 252346.500    0  749 252910.000 252346.500  0.22%     - 3223s
     0     0 252346.500    0  534 252910.000 252346.500  0.22%     - 3235s
     0     0 252346.500    0  605 252910.000 252346.500  0.22%     - 3248s
     0     0 252346.500    0  737 252910.000 252346.500  0.22%     - 3262s
     0     0 252346.500    0  802 252910.000 252346.500  0.22%     - 3281s
     0     0 252346.500    0  749 252910.000 252346.500  0.22%     - 3294s
     0     0 252346.500    0  719 252910.000 252346.500  0.22%     - 3311s
     0     0 252346.500    0  713 252910.000 252346.500  0.22%     - 3324s
     0     0 252346.500    0  811 252910.000 252346.500  0.22%     - 3359s
     0     0 252346.500    0  796 252910.000 252346.500  0.22%     - 3391s
     0     0 252346.500    0  785 252910.000 252346.500  0.22%     - 3393s
     0     0 252346.500    0  780 252910.000 252346.500  0.22%     - 3412s
     0     0 252346.500    0  471 252910.000 252346.500  0.22%     - 3420s
     0     0 252346.500    0  532 252910.000 252346.500  0.22%     - 3441s
     0     0 252346.500    0  978 252910.000 252346.500  0.22%     - 3471s
     0     0 252346.500    0  954 252910.000 252346.500  0.22%     - 3473s
     0     0 252346.500    0  995 252910.000 252346.500  0.22%     - 3487s
     0     0 252346.500    0  995 252910.000 252346.500  0.22%     - 3488s
     0     0 252346.500    0  886 252910.000 252346.500  0.22%     - 3497s
     0     0 252346.500    0  853 252910.000 252346.500  0.22%     - 3499s
     0     0 252346.500    0  877 252910.000 252346.500  0.22%     - 3513s
     0     0 252346.500    0  810 252910.000 252346.500  0.22%     - 3532s
     0     0 252346.500    0  835 252910.000 252346.500  0.22%     - 3536s
     0     0 252346.500    0  789 252910.000 252346.500  0.22%     - 3553s
     0     0 252346.500    0  768 252910.000 252346.500  0.22%     - 3563s
     0     0 252346.500    0  740 252910.000 252346.500  0.22%     - 3590s

Cutting planes:
  Gomory: 11
  Implied bound: 698
  Clique: 1
  MIR: 220
  StrongCG: 62
  Flow cover: 714
  Mod-K: 3
  RLT: 136
  Relax-and-lift: 11
  BQP: 6
  PSD: 26

Explored 1 nodes (1456073 simplex iterations) in 3600.16 seconds (6846.58 work units)
Thread count was 32 (of 32 available processors)

Solution count 10: 252910 252910 252910 ... 254421

Time limit reached
Best objective 2.529100000000e+05, best bound 2.523464999991e+05, gap 0.2228%
