
Gurobi 11.0.3 (win64) logging started Wed Feb 26 19:08:16 2025

Set parameter LogFile to value "run_logs\instance5_20250226_190816.log"
Set parameter TimeLimit to value 3600
Gurobi Optimizer version 11.0.3 build v11.0.3rc0 (win64 - Windows 11+.0 (26100.2))

CPU model: Intel(R) Core(TM) i9-14900K, instruction set [SSE2|AVX|AVX2]
Thread count: 24 physical cores, 32 logical processors, using up to 32 threads

Optimize a model with 3340996 rows, 1752442 columns and 7597054 nonzeros
Model fingerprint: 0x1bdbd16a
Variable types: 1313637 continuous, 438805 integer (438805 binary)
Coefficient statistics:
  Matrix range     [1e+00, 2e+02]
  Objective range  [5e+01, 1e+04]
  Bounds range     [1e+00, 1e+00]
  RHS range        [1e+00, 3e+02]
Presolve removed 2085433 rows and 1090565 columns (presolve time = 5s) ...
Presolve removed 2112817 rows and 1104955 columns (presolve time = 10s) ...
Presolve removed 2117969 rows and 1107463 columns (presolve time = 15s) ...
Presolve removed 2709543 rows and 1107463 columns
Presolve time: 16.91s
Presolved: 631453 rows, 644979 columns, 2692606 nonzeros
Variable types: 6301 continuous, 638678 integer (309319 binary)
Found heuristic solution: objective 2006840.0000
Found heuristic solution: objective 1040107.0000
Deterministic concurrent LP optimizer: primal simplex, dual simplex, and barrier
Showing barrier log only...

Root barrier log...

Ordering time: 0.81s

Barrier statistics:
 AA' NZ     : 8.723e+05
 Factor NZ  : 4.635e+06 (roughly 130 MB of memory)
 Factor Ops : 8.120e+08 (less than 1 second per iteration)
 Threads    : 22

                  Objective                Residual
Iter       Primal          Dual         Primal    Dual     Compl     Time
   0   3.88701398e+09 -1.34786357e+10  1.05e+04 2.99e+04  1.49e+06    38s
   1   2.00151147e+09 -1.40961877e+10  5.02e+03 3.45e+04  6.86e+05    38s
   2   4.52124065e+08 -1.34038247e+10  1.05e+03 2.97e+03  1.60e+05    38s
   3   2.01663413e+08 -8.18737323e+09  4.17e+02 3.24e+02  6.27e+04    38s
   4   1.14836010e+08 -3.75318242e+09  2.01e+02 2.91e-09  2.54e+04    38s
   5   6.89147087e+07 -1.41102298e+09  8.80e+01 7.92e-09  9.30e+03    38s
   6   3.77747344e+07 -5.80756885e+08  1.79e+01 2.51e+00  2.59e+03    39s
   7   2.67525954e+07 -1.81397153e+08  7.15e+00 3.32e-01  9.03e+02    39s
   8   1.40940552e+07 -9.96846817e+07  1.66e+00 2.21e-09  3.70e+02    39s
   9   7.47777554e+06 -3.79372868e+07  4.00e-01 2.24e-09  1.31e+02    39s
  10   2.95387884e+06 -1.24070362e+07  6.25e-02 1.82e-09  4.04e+01    39s
  11   8.35127459e+05 -4.52709420e+06  1.13e-02 2.58e-09  1.37e+01    39s
  12   4.63962876e+05 -1.61851487e+06  4.59e-03 2.02e-09  5.28e+00    39s
  13   3.66069760e+05 -4.93459489e+05  3.08e-03 1.46e-09  2.18e+00    39s
  14   2.82036735e+05 -2.33431363e+05  1.89e-03 2.09e-09  1.31e+00    39s
  15   2.03647390e+05 -1.54897811e+05  8.47e-04 2.66e-09  9.07e-01    39s
  16   1.72522888e+05 -3.01530932e+04  4.65e-04 2.41e-09  5.13e-01    39s
  17   1.63548795e+05  1.80606541e+04  3.64e-04 3.47e-09  3.68e-01    39s
  18   1.60691965e+05  4.31763922e+04  3.38e-04 2.78e-09  2.98e-01    39s
  19   1.53077244e+05  5.15768356e+04  2.62e-04 2.46e-09  2.57e-01    39s
  20   1.40056705e+05  7.45932026e+04  1.40e-04 2.60e-09  1.66e-01    39s
  21   1.32388590e+05  9.23791284e+04  8.10e-05 2.42e-09  1.01e-01    39s
  22   1.27205856e+05  1.00704487e+05  4.84e-05 2.73e-09  6.70e-02    39s
  23   1.22907706e+05  1.07420212e+05  2.45e-05 1.48e-09  3.92e-02    40s
  24   1.21888538e+05  1.10718231e+05  1.97e-05 1.93e-09  2.83e-02    40s
  25   1.20815341e+05  1.12433847e+05  1.48e-05 2.04e-09  2.12e-02    40s
  26   1.19583782e+05  1.14441522e+05  9.48e-06 2.11e-09  1.30e-02    40s
  27   1.18945595e+05  1.14535318e+05  6.83e-06 2.74e-09  1.12e-02    40s
  28   1.18211122e+05  1.16019285e+05  3.78e-06 2.18e-09  5.55e-03    40s
  29   1.17630048e+05  1.16993705e+05  1.55e-06 2.72e-09  1.62e-03    40s
  30   1.17319345e+05  1.17136731e+05  4.49e-07 4.42e-09  4.64e-04    40s
  31   1.17202188e+05  1.17178382e+05  3.98e-08 2.15e-09  6.04e-05    40s
  32   1.17190068e+05  1.17189960e+05  1.74e-10 3.28e-09  2.73e-07    40s
  33   1.17190000e+05  1.17190000e+05  1.67e-13 2.66e-09  1.54e-11    40s

Barrier solved model in 33 iterations and 40.15 seconds (54.30 work units)
Optimal objective 1.17190000e+05


Root crossover log...

   12500 DPushes remaining with DInf 0.0000000e+00                40s
       0 DPushes remaining with DInf 0.0000000e+00                40s

     654 PPushes remaining with PInf 0.0000000e+00                40s
       0 PPushes remaining with PInf 0.0000000e+00                40s

  Push phase complete: Pinf 0.0000000e+00, Dinf 8.6381569e-10     40s


Root simplex log...

Iteration    Objective       Primal Inf.    Dual Inf.      Time
   12927    1.1719000e+05   0.000000e+00   0.000000e+00     40s
Concurrent spin time: 0.00s

Solved with barrier
   16612    1.1719000e+05   0.000000e+00   0.000000e+00     41s
Extra simplex iterations after uncrush: 3685

Use crossover to convert LP symmetric solution to basic solution...

Root crossover log...

    1580 DPushes remaining with DInf 0.0000000e+00                42s
       0 DPushes remaining with DInf 0.0000000e+00                42s

     859 PPushes remaining with PInf 0.0000000e+00                42s
       0 PPushes remaining with PInf 0.0000000e+00                42s

  Push phase complete: Pinf 0.0000000e+00, Dinf 5.9603222e-10     42s


Root simplex log...

Iteration    Objective       Primal Inf.    Dual Inf.      Time
   18983    1.1719000e+05   0.000000e+00   0.000000e+00     42s
   18983    1.1719000e+05   0.000000e+00   0.000000e+00     42s

Root relaxation: objective 1.171900e+05, 18983 iterations, 6.28 seconds (6.28 work units)
Total elapsed time = 42.02s (DegenMoves)
Total elapsed time = 45.01s (DegenMoves)
Total elapsed time = 50.55s (DegenMoves)

    Nodes    |    Current Node    |     Objective Bounds      |     Work
 Expl Unexpl |  Obj  Depth IntInf | Incumbent    BestBd   Gap | It/Node Time

     0     0 117190.000    0  397 1040107.00 117190.000  88.7%     -   56s
H    0     0                    201491.00000 117190.000  41.8%     -   56s
H    0     0                    201441.00000 117190.000  41.8%     -   57s
H    0     0                    154251.00000 117190.000  24.0%     -   57s
     0     0 117190.000    0  670 154251.000 117190.000  24.0%     -  155s
H    0     0                    154201.00000 117190.000  24.0%     -  160s
H    0     0                    134151.00000 117190.000  12.6%     -  160s
H    0     0                    118442.00000 117190.000  1.06%     -  175s
     0     0 117190.000    0  687 118442.000 117190.000  1.06%     -  176s
     0     0 117190.000    0  356 118442.000 117190.000  1.06%     -  197s
     0     0 117190.000    0  347 118442.000 117190.000  1.06%     -  204s
     0     0 117198.000    0  288 118442.000 117198.000  1.05%     -  223s
     0     0 117198.000    0  342 118442.000 117198.000  1.05%     -  233s
     0     0 117210.500    0  572 118442.000 117210.500  1.04%     -  247s
     0     0 117210.500    0  573 118442.000 117210.500  1.04%     -  253s
     0     0 117234.059    0  575 118442.000 117234.059  1.02%     -  261s
H    0     0                    118232.00000 117234.059  0.84%     -  396s
     0     0 117234.059    0  563 118232.000 117234.059  0.84%     -  398s
     0     0 117257.000    0  627 118232.000 117257.000  0.82%     -  407s
     0     0 117257.500    0  620 118232.000 117257.500  0.82%     -  416s
     0     0 117258.000    0  564 118232.000 117258.000  0.82%     -  428s
     0     0 117258.000    0  552 118232.000 117258.000  0.82%     -  435s
     0     0 117260.000    0  495 118232.000 117260.000  0.82%     -  443s
     0     0 117260.400    0  444 118232.000 117260.400  0.82%     -  453s
     0     0 117260.400    0  483 118232.000 117260.400  0.82%     -  454s
     0     0 117278.941    0  714 118232.000 117278.941  0.81%     -  464s
     0     0 117278.941    0  640 118232.000 117278.941  0.81%     -  471s
     0     0 117299.261    0  725 118232.000 117299.261  0.79%     -  481s
H    0     0                    118077.00000 117299.261  0.66%     -  485s
     0     0 117299.264    0  682 118077.000 117299.264  0.66%     -  488s
     0     0 117332.052    0  521 118077.000 117332.052  0.63%     -  500s
     0     0 117332.052    0  521 118077.000 117332.052  0.63%     -  500s
     0     0 117332.052    0  529 118077.000 117332.052  0.63%     -  510s
     0     0 117361.500    0  436 118077.000 117361.500  0.61%     -  516s
     0     0 117361.500    0  436 118077.000 117361.500  0.61%     -  517s
H    0     0                    117897.00000 117370.667  0.45%     -  520s
     0     0 117371.333    0  481 117897.000 117371.333  0.45%     -  522s
     0     0 117371.333    0  481 117897.000 117371.333  0.45%     -  522s
     0     0 117371.333    0  502 117897.000 117371.333  0.45%     -  523s
     0     0 117391.000    0  441 117897.000 117391.000  0.43%     -  528s
     0     0 117391.000    0  428 117897.000 117391.000  0.43%     -  531s
     0     0 117391.000    0  407 117897.000 117391.000  0.43%     -  531s
     0     0 117391.000    0  330 117897.000 117391.000  0.43%     -  534s
     0     0 117396.000    0  379 117897.000 117396.000  0.42%     -  538s
     0     0 117396.000    0  160 117897.000 117396.000  0.42%     -  550s
     0     0 117396.000    0  183 117897.000 117396.000  0.42%     -  564s
     0     0 117396.000    0  286 117897.000 117396.000  0.42%     -  570s
     0     0 117396.000    0  364 117897.000 117396.000  0.42%     -  579s
     0     0 117401.000    0  213 117897.000 117401.000  0.42%     -  592s
     0     0 117401.000    0  213 117897.000 117401.000  0.42%     -  592s
     0     0 117402.797    0  279 117897.000 117402.797  0.42%     -  596s
     0     0 117402.797    0  279 117897.000 117402.797  0.42%     -  596s
     0     0 117402.797    0  289 117897.000 117402.797  0.42%     -  597s
     0     0 117405.444    0  380 117897.000 117405.444  0.42%     -  604s
     0     0 117405.444    0  394 117897.000 117405.444  0.42%     -  626s
     0     0 117405.444    0  426 117897.000 117405.444  0.42%     -  628s
     0     0 117405.444    0  427 117897.000 117405.444  0.42%     -  628s
     0     0 117405.444    0  493 117897.000 117405.444  0.42%     -  638s
     0     0 117405.444    0  508 117897.000 117405.444  0.42%     -  639s
     0     0 117405.444    0  588 117897.000 117405.444  0.42%     -  648s
     0     0 117405.444    0  498 117897.000 117405.444  0.42%     -  653s
     0     0 117405.444    0  576 117897.000 117405.444  0.42%     -  657s
     0     0 117453.000    0  543 117897.000 117453.000  0.38%     -  664s
     0     0 117455.000    0  536 117897.000 117455.000  0.37%     -  665s
     0     0 117455.000    0  536 117897.000 117455.000  0.37%     -  665s
     0     0 117463.000    0  513 117897.000 117463.000  0.37%     -  669s
     0     0 117463.000    0  513 117897.000 117463.000  0.37%     -  669s
     0     0 117470.222    0  496 117897.000 117470.222  0.36%     -  673s
     0     0 117472.444    0  547 117897.000 117472.444  0.36%     -  675s
     0     0 117472.444    0  571 117897.000 117472.444  0.36%     -  676s
     0     0 117479.667    0  572 117897.000 117479.667  0.35%     -  684s
     0     0 117479.667    0  572 117897.000 117479.667  0.35%     -  684s
     0     0 117484.667    0  588 117897.000 117484.667  0.35%     -  691s
     0     0 117484.667    0  522 117897.000 117484.667  0.35%     -  694s
     0     0 117493.000    0  393 117897.000 117493.000  0.34%     -  704s
     0     0 117493.000    0  393 117897.000 117493.000  0.34%     -  704s
     0     0 117493.000    0  402 117897.000 117493.000  0.34%     -  710s
     0     0 117494.000    0  431 117897.000 117494.000  0.34%     -  720s
     0     0 117495.500    0  439 117897.000 117495.500  0.34%     -  725s
     0     0 117495.500    0  485 117897.000 117495.500  0.34%     -  727s
     0     0 117498.000    0  453 117897.000 117498.000  0.34%     -  737s
     0     0 117498.000    0  477 117897.000 117498.000  0.34%     -  744s
     0     0 117498.000    0  514 117897.000 117498.000  0.34%     -  745s
     0     0 117498.000    0  408 117897.000 117498.000  0.34%     -  750s
     0     0 117503.000    0  474 117897.000 117503.000  0.33%     -  755s
     0     0 117503.000    0  474 117897.000 117503.000  0.33%     -  755s
     0     0 117503.000    0  468 117897.000 117503.000  0.33%     -  756s
     0     0 117508.000    0  224 117897.000 117508.000  0.33%     -  766s
     0     0 117508.000    0  224 117897.000 117508.000  0.33%     -  766s
     0     0 117508.000    0  177 117897.000 117508.000  0.33%     -  779s
     0     0 117510.500    0  414 117897.000 117510.500  0.33%     -  785s
     0     0 117510.500    0  414 117897.000 117510.500  0.33%     -  785s
     0     0 117510.500    0  499 117897.000 117510.500  0.33%     -  791s
     0     0 117513.000    0  382 117897.000 117513.000  0.33%     -  800s
     0     0 117513.000    0  382 117897.000 117513.000  0.33%     -  800s
H    0     0                    117887.00000 117513.000  0.32%     -  807s
     0     0 117513.000    0  438 117887.000 117513.000  0.32%     -  809s
     0     0 117513.000    0  440 117887.000 117513.000  0.32%     -  810s
     0     0 117513.000    0  462 117887.000 117513.000  0.32%     -  811s
     0     0 117513.000    0  467 117887.000 117513.000  0.32%     -  812s
     0     0 117513.000    0  468 117887.000 117513.000  0.32%     -  812s
     0     0 117517.200    0  450 117887.000 117517.200  0.31%     -  814s
     0     0 117517.200    0  450 117887.000 117517.200  0.31%     -  814s
     0     0 117526.333    0  400 117887.000 117526.333  0.31%     -  816s
     0     0 117526.333    0  400 117887.000 117526.333  0.31%     -  817s
     0     0 117526.333    0  378 117887.000 117526.333  0.31%     -  818s
     0     0 117528.000    0  426 117887.000 117528.000  0.30%     -  823s
     0     0 117528.000    0  354 117887.000 117528.000  0.30%     -  839s
     0     0 117528.000    0  502 117887.000 117528.000  0.30%     -  845s
     0     0 117528.000    0  500 117887.000 117528.000  0.30%     -  845s
     0     0 117528.000    0  660 117887.000 117528.000  0.30%     -  847s
     0     0 117528.000    0  642 117887.000 117528.000  0.30%     -  849s
     0     0 117528.000    0  466 117887.000 117528.000  0.30%     -  855s
     0     0 117528.000    0  396 117887.000 117528.000  0.30%     -  858s
     0     0 117528.000    0  433 117887.000 117528.000  0.30%     -  860s
     0     0 117528.000    0  433 117887.000 117528.000  0.30%     -  860s
     0     0 117528.000    0  452 117887.000 117528.000  0.30%     -  862s
     0     0 117528.000    0  323 117887.000 117528.000  0.30%     -  866s
     0     0 117528.000    0  381 117887.000 117528.000  0.30%     -  870s
     0     0 117528.000    0  290 117887.000 117528.000  0.30%     -  874s
     0     0 117528.000    0  339 117887.000 117528.000  0.30%     -  882s
     0     0 117528.000    0  422 117887.000 117528.000  0.30%     -  883s
     0     0 117528.000    0  264 117887.000 117528.000  0.30%     -  890s
     0     0 117528.000    0  511 117887.000 117528.000  0.30%     -  895s
     0     0 117528.000    0  564 117887.000 117528.000  0.30%     -  896s
     0     0 117528.000    0  424 117887.000 117528.000  0.30%     -  897s
     0     0 117528.000    0  414 117887.000 117528.000  0.30%     -  897s
     0     0 117528.000    0  385 117887.000 117528.000  0.30%     -  897s
     0     0 117528.000    0  422 117887.000 117528.000  0.30%     -  900s
     0     0 117528.000    0  422 117887.000 117528.000  0.30%     -  900s
     0     0 117528.000    0  424 117887.000 117528.000  0.30%     -  901s
     0     0 117529.000    0  531 117887.000 117529.000  0.30%     -  906s
     0     0 117529.000    0  474 117887.000 117529.000  0.30%     -  908s
     0     0 117529.000    0  408 117887.000 117529.000  0.30%     -  908s
     0     0 117529.000    0  406 117887.000 117529.000  0.30%     -  909s
     0     0 117529.000    0  285 117887.000 117529.000  0.30%     -  911s
     0     0 117534.000    0  478 117887.000 117534.000  0.30%     -  919s
     0     0 117534.000    0  520 117887.000 117534.000  0.30%     -  920s
     0     0 117536.000    0  346 117887.000 117536.000  0.30%     -  921s
     0     0 117543.000    0  452 117887.000 117543.000  0.29%     -  923s
     0     0 117543.000    0  425 117887.000 117543.000  0.29%     -  925s
     0     0 117543.000    0  435 117887.000 117543.000  0.29%     -  927s
     0     0 117543.000    0  445 117887.000 117543.000  0.29%     -  928s
     0     0 117543.000    0  413 117887.000 117543.000  0.29%     -  928s
     0     0 117543.000    0  407 117887.000 117543.000  0.29%     -  929s
     0     0 117544.500    0  462 117887.000 117544.500  0.29%     -  931s
     0     0 117544.500    0  446 117887.000 117544.500  0.29%     -  932s
     0     0 117547.429    0  433 117887.000 117547.429  0.29%     -  936s
     0     0 117547.429    0  433 117887.000 117547.429  0.29%     -  936s
     0     0 117551.000    0  453 117887.000 117551.000  0.29%     -  941s
     0     0 117551.000    0  398 117887.000 117551.000  0.29%     -  942s
     0     0 117551.000    0  404 117887.000 117551.000  0.29%     -  944s
     0     0 117551.000    0  451 117887.000 117551.000  0.29%     -  949s
     0     0 117551.000    0  384 117887.000 117551.000  0.29%     -  954s
     0     0 117551.000    0  411 117887.000 117551.000  0.29%     -  958s
     0     0 117553.500    0  465 117887.000 117553.500  0.28%     -  962s
     0     0 117553.500    0  465 117887.000 117553.500  0.28%     -  962s
     0     0 117553.500    0  349 117887.000 117553.500  0.28%     -  963s
     0     0 117561.000    0  163 117887.000 117561.000  0.28%     -  971s
     0     0 117561.000    0  163 117887.000 117561.000  0.28%     -  971s
     0     0 117561.000    0  180 117887.000 117561.000  0.28%     -  980s
     0     0 117561.000    0  212 117887.000 117561.000  0.28%     -  983s
     0     0 117561.000    0  243 117887.000 117561.000  0.28%     -  989s
     0     0 117561.000    0  138 117887.000 117561.000  0.28%     -  994s
     0     0 117561.000    0  212 117887.000 117561.000  0.28%     - 1005s
     0     0 117561.000    0  158 117887.000 117561.000  0.28%     - 1013s
     0     0 117561.563    0  335 117887.000 117561.563  0.28%     - 1018s
     0     0 117561.563    0  371 117887.000 117561.563  0.28%     - 1019s
     0     0 117563.750    0  302 117887.000 117563.750  0.27%     - 1026s
     0     0 117563.750    0  358 117887.000 117563.750  0.27%     - 1038s
     0     0 117572.000    0  301 117887.000 117572.000  0.27%     - 1042s
     0     0 117572.000    0  301 117887.000 117572.000  0.27%     - 1042s
     0     0 117572.000    0  277 117887.000 117572.000  0.27%     - 1046s
     0     0 117572.000    0  366 117887.000 117572.000  0.27%     - 1049s
     0     0 117572.000    0  245 117887.000 117572.000  0.27%     - 1051s
     0     0 117572.000    0  169 117887.000 117572.000  0.27%     - 1056s
     0     0 117579.500    0  217 117887.000 117579.500  0.26%     - 1059s
     0     0 117579.500    0  217 117887.000 117579.500  0.26%     - 1059s
     0     0 117579.500    0  224 117887.000 117579.500  0.26%     - 1059s
     0     0 117587.000    0   89 117887.000 117587.000  0.25%     - 1067s
     0     0 117587.000    0   89 117887.000 117587.000  0.25%     - 1068s
     0     0 117587.000    0  100 117887.000 117587.000  0.25%     - 1071s
     0     0 117587.000    0  157 117887.000 117587.000  0.25%     - 1075s
     0     0 117587.000    0  222 117887.000 117587.000  0.25%     - 1090s
     0     0 117587.000    0  334 117887.000 117587.000  0.25%     - 1094s
     0     0 117587.000    0  312 117887.000 117587.000  0.25%     - 1097s
     0     0 117587.000    0  212 117887.000 117587.000  0.25%     - 1102s
     0     0 117587.000    0  242 117887.000 117587.000  0.25%     - 1106s
     0     0 117587.000    0  403 117887.000 117587.000  0.25%     - 1108s
     0     0 117587.000    0  352 117887.000 117587.000  0.25%     - 1109s
     0     0 117587.000    0  427 117887.000 117587.000  0.25%     - 1111s
     0     0 117587.000    0  316 117887.000 117587.000  0.25%     - 1117s
     0     0 117587.000    0  243 117887.000 117587.000  0.25%     - 1122s
     0     0 117587.000    0  314 117887.000 117587.000  0.25%     - 1122s
     0     0 117587.000    0  374 117887.000 117587.000  0.25%     - 1124s
     0     0 117587.000    0  374 117887.000 117587.000  0.25%     - 1124s
     0     0 117587.000    0  241 117887.000 117587.000  0.25%     - 1125s
     0     0 117587.000    0  345 117887.000 117587.000  0.25%     - 1127s
     0     0 117587.000    0  379 117887.000 117587.000  0.25%     - 1133s
     0     0 117587.000    0  488 117887.000 117587.000  0.25%     - 1137s
     0     0 117587.000    0  450 117887.000 117587.000  0.25%     - 1138s
     0     0 117587.000    0  421 117887.000 117587.000  0.25%     - 1140s
     0     0 117587.000    0  353 117887.000 117587.000  0.25%     - 1143s
     0     0 117587.000    0  312 117887.000 117587.000  0.25%     - 1147s
     0     0 117587.000    0  310 117887.000 117587.000  0.25%     - 1149s
     0     0 117587.000    0  264 117887.000 117587.000  0.25%     - 1150s
     0     0 117587.000    0  273 117887.000 117587.000  0.25%     - 1152s
     0     0 117587.000    0  441 117887.000 117587.000  0.25%     - 1157s
     0     0 117587.000    0  528 117887.000 117587.000  0.25%     - 1159s
     0     0 117587.000    0  419 117887.000 117587.000  0.25%     - 1161s
     0     0 117587.000    0  420 117887.000 117587.000  0.25%     - 1162s
     0     0 117587.000    0  351 117887.000 117587.000  0.25%     - 1166s
     0     0 117587.500    0  435 117887.000 117587.500  0.25%     - 1170s
     0     0 117587.500    0  504 117887.000 117587.500  0.25%     - 1171s
     0     0 117590.762    0  482 117887.000 117590.762  0.25%     - 1175s
     0     0 117594.333    0  463 117887.000 117594.333  0.25%     - 1178s
     0     0 117594.333    0  445 117887.000 117594.333  0.25%     - 1179s
     0     0 117595.500    0  448 117887.000 117595.500  0.25%     - 1181s
     0     0 117595.500    0  448 117887.000 117595.500  0.25%     - 1181s
     0     0 117595.500    0  439 117887.000 117595.500  0.25%     - 1184s
     0     0 117595.500    0  487 117887.000 117595.500  0.25%     - 1186s
     0     0 117595.630    0  533 117887.000 117595.630  0.25%     - 1188s
     0     0 117595.630    0  520 117887.000 117595.630  0.25%     - 1188s
     0     0 117596.667    0  202 117887.000 117596.667  0.25%     - 1195s
     0     0 117596.667    0  211 117887.000 117596.667  0.25%     - 1200s
     0     0 117602.000    0  246 117887.000 117602.000  0.24%     - 1202s
     0     0 117602.000    0  233 117887.000 117602.000  0.24%     - 1205s
     0     0 117607.000    0  297 117887.000 117607.000  0.24%     - 1207s
     0     0 117607.000    0  297 117887.000 117607.000  0.24%     - 1207s
     0     0 117607.000    0  321 117887.000 117607.000  0.24%     - 1210s
     0     0 117607.000    0  231 117887.000 117607.000  0.24%     - 1212s
     0     0 117607.000    0  224 117887.000 117607.000  0.24%     - 1214s
     0     0 117607.000    0   86 117887.000 117607.000  0.24%     - 1221s
     0     0 117609.833    0  277 117887.000 117609.833  0.24%     - 1228s
     0     0 117611.250    0  219 117887.000 117611.250  0.23%     - 1234s
     0     0 117612.000    0  251 117887.000 117612.000  0.23%     - 1238s
     0     0 117612.000    0  251 117887.000 117612.000  0.23%     - 1238s
     0     0 117617.000    0  222 117887.000 117617.000  0.23%     - 1240s
     0     0 117617.000    0  222 117887.000 117617.000  0.23%     - 1240s
     0     0 117617.000    0  215 117887.000 117617.000  0.23%     - 1248s
     0     0 117617.000    0  292 117887.000 117617.000  0.23%     - 1249s
     0     0 117617.000    0  168 117887.000 117617.000  0.23%     - 1252s
     0     0 117617.000    0   63 117887.000 117617.000  0.23%     - 1257s
     0     0 117617.000    0   61 117887.000 117617.000  0.23%     - 1258s
     0     0 117617.000    0  106 117887.000 117617.000  0.23%     - 1262s
     0     0 117617.000    0   82 117887.000 117617.000  0.23%     - 1265s
     0     0 117632.000    0  193 117887.000 117632.000  0.22%     - 1290s
     0     0 117632.000    0  255 117887.000 117632.000  0.22%     - 1294s
     0     0 117632.000    0  436 117887.000 117632.000  0.22%     - 1298s
     0     0 117632.000    0  419 117887.000 117632.000  0.22%     - 1300s
     0     0 117632.000    0  356 117887.000 117632.000  0.22%     - 1301s
     0     0 117632.000    0  373 117887.000 117632.000  0.22%     - 1302s
     0     0 117632.000    0  322 117887.000 117632.000  0.22%     - 1304s
     0     0 117632.000    0  452 117887.000 117632.000  0.22%     - 1306s
     0     0 117632.000    0  354 117887.000 117632.000  0.22%     - 1307s
     0     0 117632.000    0  451 117887.000 117632.000  0.22%     - 1309s
     0     0 117632.000    0  427 117887.000 117632.000  0.22%     - 1310s
     0     0 117632.000    0  504 117887.000 117632.000  0.22%     - 1312s
     0     0 117632.000    0  291 117887.000 117632.000  0.22%     - 1314s
     0     0 117632.000    0  358 117887.000 117632.000  0.22%     - 1315s
     0     0 117632.000    0  237 117887.000 117632.000  0.22%     - 1317s
     0     0 117632.000    0  302 117887.000 117632.000  0.22%     - 1319s
     0     0 117632.000    0  326 117887.000 117632.000  0.22%     - 1320s
     0     0 117632.000    0  422 117887.000 117632.000  0.22%     - 1321s
     0     0 117632.000    0  358 117887.000 117632.000  0.22%     - 1323s
     0     0 117632.000    0  236 117887.000 117632.000  0.22%     - 1326s
     0     0 117632.000    0  252 117887.000 117632.000  0.22%     - 1330s
     0     0 117632.000    0  351 117887.000 117632.000  0.22%     - 1332s
     0     0 117632.000    0  437 117887.000 117632.000  0.22%     - 1334s
     0     0 117632.000    0  145 117887.000 117632.000  0.22%     - 1339s
     0     0 117632.000    0  122 117887.000 117632.000  0.22%     - 1342s
     0     0 117632.000    0  123 117887.000 117632.000  0.22%     - 1342s
     0     0 117632.000    0  249 117887.000 117632.000  0.22%     - 1344s
     0     0 117632.000    0  247 117887.000 117632.000  0.22%     - 1345s
     0     0 117632.000    0  174 117887.000 117632.000  0.22%     - 1347s
     0     0 117632.000    0  389 117887.000 117632.000  0.22%     - 1350s
     0     0 117632.000    0  402 117887.000 117632.000  0.22%     - 1351s
     0     0 117632.000    0  418 117887.000 117632.000  0.22%     - 1351s
     0     0 117632.000    0   97 117887.000 117632.000  0.22%     - 1356s
     0     0 117632.000    0   97 117887.000 117632.000  0.22%     - 1357s
     0     0 117632.000    0  336 117887.000 117632.000  0.22%     - 1359s
     0     0 117632.000    0  391 117887.000 117632.000  0.22%     - 1360s
     0     0 117632.000    0  380 117887.000 117632.000  0.22%     - 1362s
     0     0 117632.000    0  343 117887.000 117632.000  0.22%     - 1367s
     0     0 117632.000    0  318 117887.000 117632.000  0.22%     - 1369s
     0     0 117632.000    0  282 117887.000 117632.000  0.22%     - 1371s
     0     0 117632.000    0  169 117887.000 117632.000  0.22%     - 1376s
     0     0 117632.000    0  306 117887.000 117632.000  0.22%     - 1382s
     0     0 117632.000    0  312 117887.000 117632.000  0.22%     - 1383s
     0     0 117632.000    0  131 117887.000 117632.000  0.22%     - 1386s
     0     0 117632.000    0  145 117887.000 117632.000  0.22%     - 1388s
     0     0 117632.000    0  145 117887.000 117632.000  0.22%     - 1388s
     0     0 117632.000    0  155 117887.000 117632.000  0.22%     - 1388s
     0     0 117632.000    0  240 117887.000 117632.000  0.22%     - 1389s
     0     0 117632.000    0  245 117887.000 117632.000  0.22%     - 1392s
     0     0 117632.000    0  205 117887.000 117632.000  0.22%     - 1394s
     0     0 117632.000    0  289 117887.000 117632.000  0.22%     - 1398s
     0     0 117632.000    0  103 117887.000 117632.000  0.22%     - 1402s
     0     0 117632.000    0  116 117887.000 117632.000  0.22%     - 1407s
     0     0 117632.000    0  126 117887.000 117632.000  0.22%     - 1410s
     0     0 117634.500    0  170 117887.000 117634.500  0.21%     - 1412s
     0     0 117645.571    0  367 117887.000 117645.571  0.20%     - 1416s
     0     0 117645.571    0  372 117887.000 117645.571  0.20%     - 1416s
     0     0 117645.571    0  263 117887.000 117645.571  0.20%     - 1417s
     0     0 117645.571    0  321 117887.000 117645.571  0.20%     - 1417s
     0     0 117645.571    0  351 117887.000 117645.571  0.20%     - 1418s
     0     0 117645.571    0  321 117887.000 117645.571  0.20%     - 1418s
     0     0 117645.571    0  312 117887.000 117645.571  0.20%     - 1419s
     0     0 117645.571    0  329 117887.000 117645.571  0.20%     - 1419s
     0     0 117647.000    0  287 117887.000 117647.000  0.20%     - 1420s
     0     0 117647.000    0  292 117887.000 117647.000  0.20%     - 1421s
     0     0 117647.000    0  306 117887.000 117647.000  0.20%     - 1421s
     0     0 117647.000    0  257 117887.000 117647.000  0.20%     - 1421s
     0     0 117647.000    0  239 117887.000 117647.000  0.20%     - 1424s
     0     0 117647.975    0  535 117887.000 117647.975  0.20%     - 1426s
     0     0 117647.975    0  519 117887.000 117647.975  0.20%     - 1427s
     0     0 117647.975    0  512 117887.000 117647.975  0.20%     - 1427s
     0     0 117649.437    0  560 117887.000 117649.437  0.20%     - 1429s
     0     0 117649.437    0  582 117887.000 117649.437  0.20%     - 1429s
     0     0 117649.437    0  539 117887.000 117649.437  0.20%     - 1430s
     0     0 117649.437    0  532 117887.000 117649.437  0.20%     - 1430s
     0     0 117651.875    0  511 117887.000 117651.875  0.20%     - 1432s
     0     0 117651.875    0  503 117887.000 117651.875  0.20%     - 1432s
     0     0 117651.875    0  560 117887.000 117651.875  0.20%     - 1437s
     0     0 117651.875    0  489 117887.000 117651.875  0.20%     - 1440s
     0     0 117651.875    0  582 117887.000 117651.875  0.20%     - 1441s
     0     0 117651.875    0  493 117887.000 117651.875  0.20%     - 1441s
     0     0 117651.875    0  494 117887.000 117651.875  0.20%     - 1443s
     0     0 117651.875    0  227 117887.000 117651.875  0.20%     - 1449s
     0     0 117651.875    0  255 117887.000 117651.875  0.20%     - 1450s
     0     0 117651.875    0  231 117887.000 117651.875  0.20%     - 1452s
     0     0 117652.333    0  287 117887.000 117652.333  0.20%     - 1456s
     0     0 117652.333    0  287 117887.000 117652.333  0.20%     - 1456s
     0     0 117652.399    0  360 117887.000 117652.399  0.20%     - 1459s
     0     0 117652.399    0  347 117887.000 117652.399  0.20%     - 1460s
     0     0 117652.399    0  414 117887.000 117652.399  0.20%     - 1460s
     0     0 117652.399    0  390 117887.000 117652.399  0.20%     - 1461s
     0     0 117654.732    0  464 117887.000 117654.732  0.20%     - 1463s
     0     0 117654.732    0  467 117887.000 117654.732  0.20%     - 1463s
     0     0 117654.732    0  451 117887.000 117654.732  0.20%     - 1464s
     0     0 117654.732    0  441 117887.000 117654.732  0.20%     - 1467s
     0     0 117655.875    0  495 117887.000 117655.875  0.20%     - 1469s
     0     0 117655.875    0  490 117887.000 117655.875  0.20%     - 1469s
     0     0 117655.875    0  482 117887.000 117655.875  0.20%     - 1469s
     0     0 117655.875    0  467 117887.000 117655.875  0.20%     - 1471s
     0     0 117655.875    0  461 117887.000 117655.875  0.20%     - 1471s
     0     0 117655.875    0  409 117887.000 117655.875  0.20%     - 1472s
     0     0 117655.889    0  505 117887.000 117655.889  0.20%     - 1474s
     0     0 117655.889    0  532 117887.000 117655.889  0.20%     - 1475s
     0     0 117655.889    0  496 117887.000 117655.889  0.20%     - 1476s
     0     0 117656.000    0  311 117887.000 117656.000  0.20%     - 1479s
     0     0 117656.000    0  334 117887.000 117656.000  0.20%     - 1481s
     0     0 117656.000    0  397 117887.000 117656.000  0.20%     - 1483s
     0     0 117656.000    0  127 117887.000 117656.000  0.20%     - 1486s
     0     0 117665.750    0  119 117887.000 117665.750  0.19%     - 1510s
     0     0 117665.750    0  142 117887.000 117665.750  0.19%     - 1510s
     0     0 117665.750    0  233 117887.000 117665.750  0.19%     - 1513s
     0     0 117665.750    0  309 117887.000 117665.750  0.19%     - 1517s
     0     0 117665.750    0  207 117887.000 117665.750  0.19%     - 1518s
     0     0 117665.750    0  315 117887.000 117665.750  0.19%     - 1521s
     0     0 117665.750    0  278 117887.000 117665.750  0.19%     - 1524s
     0     0 117665.750    0  380 117887.000 117665.750  0.19%     - 1526s
     0     0 117665.750    0  461 117887.000 117665.750  0.19%     - 1527s
     0     0 117665.750    0  222 117887.000 117665.750  0.19%     - 1530s
     0     0 117665.750    0  412 117887.000 117665.750  0.19%     - 1532s
     0     0 117665.750    0  522 117887.000 117665.750  0.19%     - 1533s
     0     0 117665.750    0  422 117887.000 117665.750  0.19%     - 1534s
     0     0 117665.750    0  303 117887.000 117665.750  0.19%     - 1535s
     0     0 117665.750    0  379 117887.000 117665.750  0.19%     - 1535s
     0     0 117665.750    0  375 117887.000 117665.750  0.19%     - 1536s
     0     0 117665.750    0  360 117887.000 117665.750  0.19%     - 1539s
     0     0 117665.750    0  324 117887.000 117665.750  0.19%     - 1540s
     0     0 117665.750    0  329 117887.000 117665.750  0.19%     - 1542s
     0     0 117665.750    0  298 117887.000 117665.750  0.19%     - 1542s
     0     0 117665.750    0  380 117887.000 117665.750  0.19%     - 1544s
     0     0 117665.750    0  292 117887.000 117665.750  0.19%     - 1545s
     0     0 117665.750    0  287 117887.000 117665.750  0.19%     - 1547s
     0     0 117665.750    0  270 117887.000 117665.750  0.19%     - 1548s
     0     0 117665.750    0  302 117887.000 117665.750  0.19%     - 1549s
     0     0 117665.750    0  295 117887.000 117665.750  0.19%     - 1550s
     0     0 117665.750    0  430 117887.000 117665.750  0.19%     - 1552s
     0     0 117665.750    0  467 117887.000 117665.750  0.19%     - 1553s
     0     0 117665.750    0  328 117887.000 117665.750  0.19%     - 1554s
     0     0 117665.750    0  346 117887.000 117665.750  0.19%     - 1556s
     0     0 117665.750    0  265 117887.000 117665.750  0.19%     - 1557s
     0     0 117665.750    0  314 117887.000 117665.750  0.19%     - 1559s
     0     0 117665.750    0  482 117887.000 117665.750  0.19%     - 1563s
     0     0 117665.750    0  482 117887.000 117665.750  0.19%     - 1563s
     0     0 117665.750    0  315 117887.000 117665.750  0.19%     - 1564s
     0     0 117665.750    0  360 117887.000 117665.750  0.19%     - 1565s
     0     0 117665.750    0  434 117887.000 117665.750  0.19%     - 1566s
     0     0 117665.750    0  491 117887.000 117665.750  0.19%     - 1569s
     0     0 117665.750    0  452 117887.000 117665.750  0.19%     - 1573s
     0     0 117665.750    0  436 117887.000 117665.750  0.19%     - 1575s
     0     0 117665.750    0   90 117887.000 117665.750  0.19%     - 1580s
     0     0 117665.750    0  149 117887.000 117665.750  0.19%     - 1582s
     0     0 117665.750    0  113 117887.000 117665.750  0.19%     - 1585s
     0     0 117665.750    0  232 117887.000 117665.750  0.19%     - 1588s
     0     0 117665.750    0  261 117887.000 117665.750  0.19%     - 1589s
     0     0 117665.750    0  242 117887.000 117665.750  0.19%     - 1589s
     0     0 117665.750    0  109 117887.000 117665.750  0.19%     - 1592s
     0     0 117665.750    0  115 117887.000 117665.750  0.19%     - 1596s
     0     0 117665.750    0  476 117887.000 117665.750  0.19%     - 1598s
     0     0 117665.750    0  483 117887.000 117665.750  0.19%     - 1598s
     0     0 117665.750    0  488 117887.000 117665.750  0.19%     - 1600s
     0     0 117665.750    0  521 117887.000 117665.750  0.19%     - 1600s
     0     0 117665.750    0  498 117887.000 117665.750  0.19%     - 1602s
     0     0 117665.750    0  523 117887.000 117665.750  0.19%     - 1604s
     0     0 117665.750    0  472 117887.000 117665.750  0.19%     - 1606s
     0     0 117665.750    0  435 117887.000 117665.750  0.19%     - 1607s
     0     0 117665.750    0  438 117887.000 117665.750  0.19%     - 1608s
     0     0 117665.750    0  266 117887.000 117665.750  0.19%     - 1612s
     0     0 117665.750    0  345 117887.000 117665.750  0.19%     - 1616s
     0     0 117665.750    0  385 117887.000 117665.750  0.19%     - 1616s
     0     0 117665.750    0  341 117887.000 117665.750  0.19%     - 1616s
     0     0 117665.800    0  283 117887.000 117665.800  0.19%     - 1620s
     0     0 117665.800    0  287 117887.000 117665.800  0.19%     - 1622s
     0     0 117666.000    0  300 117887.000 117666.000  0.19%     - 1623s
     0     0 117666.000    0  274 117887.000 117666.000  0.19%     - 1628s
     0     0 117666.000    0  237 117887.000 117666.000  0.19%     - 1629s
     0     0 117666.000    0  275 117887.000 117666.000  0.19%     - 1630s
     0     0 117666.000    0  102 117887.000 117666.000  0.19%     - 1632s
     0     0 117667.667    0  218 117887.000 117667.667  0.19%     - 1651s
     0     0 117667.667    0  225 117887.000 117667.667  0.19%     - 1652s
     0     0 117669.333    0  155 117887.000 117669.333  0.18%     - 1654s
     0     0 117669.333    0  132 117887.000 117669.333  0.18%     - 1655s
     0     0 117669.333    0  237 117887.000 117669.333  0.18%     - 1657s
     0     0 117672.000    0  212 117887.000 117672.000  0.18%     - 1659s
     0     0 117672.000    0   97 117887.000 117672.000  0.18%     - 1661s
     0     0 117672.000    0  102 117887.000 117672.000  0.18%     - 1661s
     0     0 117672.000    0  102 117887.000 117672.000  0.18%     - 1661s
     0     0 117675.750    0  371 117887.000 117675.750  0.18%     - 1663s
     0     0 117675.750    0  371 117887.000 117675.750  0.18%     - 1663s
     0     0 117675.750    0  365 117887.000 117675.750  0.18%     - 1665s
     0     0 117675.750    0  392 117887.000 117675.750  0.18%     - 1666s
     0     0 117675.750    0  420 117887.000 117675.750  0.18%     - 1668s
     0     0 117675.750    0  264 117887.000 117675.750  0.18%     - 1672s
     0     0 117675.750    0  264 117887.000 117675.750  0.18%     - 1673s
     0     0 117675.750    0  252 117887.000 117675.750  0.18%     - 1673s
     0     0 117675.750    0  317 117887.000 117675.750  0.18%     - 1675s
     0     0 117675.750    0  221 117887.000 117675.750  0.18%     - 1679s
     0     0 117676.000    0  278 117887.000 117676.000  0.18%     - 1681s
     0     0 117676.000    0   98 117887.000 117676.000  0.18%     - 1684s
     0     0 117676.000    0   94 117887.000 117676.000  0.18%     - 1686s
     0     0 117676.000    0  174 117887.000 117676.000  0.18%     - 1687s
     0     0 117676.000    0  130 117887.000 117676.000  0.18%     - 1690s
     0     0 117681.000    0  136 117887.000 117681.000  0.17%     - 1703s
     0     0 117681.000    0  299 117887.000 117681.000  0.17%     - 1706s
     0     0 117681.000    0  407 117887.000 117681.000  0.17%     - 1708s
     0     0 117681.000    0  369 117887.000 117681.000  0.17%     - 1711s
     0     0 117681.000    0  299 117887.000 117681.000  0.17%     - 1713s
     0     0 117681.000    0  390 117887.000 117681.000  0.17%     - 1714s
     0     0 117681.000    0  221 117887.000 117681.000  0.17%     - 1715s
     0     0 117681.000    0  281 117887.000 117681.000  0.17%     - 1716s
     0     0 117681.000    0  456 117887.000 117681.000  0.17%     - 1719s
     0     0 117681.000    0  454 117887.000 117681.000  0.17%     - 1721s
     0     0 117681.000    0  512 117887.000 117681.000  0.17%     - 1722s
     0     0 117681.000    0  510 117887.000 117681.000  0.17%     - 1723s
     0     0 117681.000    0  487 117887.000 117681.000  0.17%     - 1724s
     0     0 117681.000    0  481 117887.000 117681.000  0.17%     - 1726s
     0     0 117681.000    0  265 117887.000 117681.000  0.17%     - 1729s
     0     0 117681.000    0  287 117887.000 117681.000  0.17%     - 1730s
     0     0 117681.000    0  234 117887.000 117681.000  0.17%     - 1733s
     0     0 117681.000    0  435 117887.000 117681.000  0.17%     - 1734s
     0     0 117681.000    0  131 117887.000 117681.000  0.17%     - 1738s
     0     0 117681.000    0  212 117887.000 117681.000  0.17%     - 1740s
     0     0 117681.000    0  269 117887.000 117681.000  0.17%     - 1741s
     0     0 117681.000    0  239 117887.000 117681.000  0.17%     - 1742s
     0     0 117681.000    0  366 117887.000 117681.000  0.17%     - 1742s
     0     0 117681.000    0  426 117887.000 117681.000  0.17%     - 1744s
     0     0 117681.000    0  379 117887.000 117681.000  0.17%     - 1746s
     0     0 117681.000    0  380 117887.000 117681.000  0.17%     - 1748s
     0     0 117681.000    0  394 117887.000 117681.000  0.17%     - 1750s
     0     0 117681.000    0  387 117887.000 117681.000  0.17%     - 1751s
     0     0 117681.000    0  338 117887.000 117681.000  0.17%     - 1752s
     0     0 117681.000    0  525 117887.000 117681.000  0.17%     - 1755s
     0     0 117681.000    0  526 117887.000 117681.000  0.17%     - 1758s
     0     0 117681.000    0  510 117887.000 117681.000  0.17%     - 1759s
     0     0 117681.000    0  301 117887.000 117681.000  0.17%     - 1760s
     0     0 117681.000    0  322 117887.000 117681.000  0.17%     - 1763s
     0     0 117681.000    0  182 117887.000 117681.000  0.17%     - 1764s
     0     0 117681.000    0  254 117887.000 117681.000  0.17%     - 1765s
     0     0 117681.000    0  149 117887.000 117681.000  0.17%     - 1767s
     0     0 117681.000    0  277 117887.000 117681.000  0.17%     - 1769s
     0     0 117681.000    0   77 117887.000 117681.000  0.17%     - 1773s
     0     0 117681.000    0   88 117887.000 117681.000  0.17%     - 1775s
     0     0 117681.000    0  249 117887.000 117681.000  0.17%     - 1778s
     0     0 117681.000    0  357 117887.000 117681.000  0.17%     - 1780s
     0     0 117681.000    0  338 117887.000 117681.000  0.17%     - 1780s
     0     0 117681.000    0  327 117887.000 117681.000  0.17%     - 1781s
     0     0 117681.000    0  123 117887.000 117681.000  0.17%     - 1783s
     0     0 117681.000    0  185 117887.000 117681.000  0.17%     - 1785s
     0     0 117681.000    0  245 117887.000 117681.000  0.17%     - 1786s
     0     0 117681.000    0  202 117887.000 117681.000  0.17%     - 1788s
     0     0 117681.000    0  259 117887.000 117681.000  0.17%     - 1789s
     0     0 117681.000    0  347 117887.000 117681.000  0.17%     - 1791s
     0     0 117681.000    0  112 117887.000 117681.000  0.17%     - 1793s
     0     0 117681.000    0  128 117887.000 117681.000  0.17%     - 1799s
     0     0 117681.000    0  115 117887.000 117681.000  0.17%     - 1799s
     0     0 117681.000    0  206 117887.000 117681.000  0.17%     - 1800s
     0     0 117681.000    0  461 117887.000 117681.000  0.17%     - 1803s
     0     0 117681.000    0  431 117887.000 117681.000  0.17%     - 1804s
     0     0 117681.000    0  517 117887.000 117681.000  0.17%     - 1806s
     0     0 117681.000    0  598 117887.000 117681.000  0.17%     - 1807s
     0     0 117681.000    0  620 117887.000 117681.000  0.17%     - 1807s
     0     0 117681.000    0  404 117887.000 117681.000  0.17%     - 1808s
     0     0 117681.000    0  489 117887.000 117681.000  0.17%     - 1808s
     0     0 117681.000    0  344 117887.000 117681.000  0.17%     - 1810s
     0     0 117681.000    0  435 117887.000 117681.000  0.17%     - 1814s
     0     0 117686.333    0  398 117887.000 117686.333  0.17%     - 1816s
     0     0 117686.333    0  413 117887.000 117686.333  0.17%     - 1818s
     0     0 117686.333    0  420 117887.000 117686.333  0.17%     - 1819s
     0     0 117686.333    0  382 117887.000 117686.333  0.17%     - 1821s
     0     0 117686.333    0  116 117887.000 117686.333  0.17%     - 1824s
     0     0 117686.333    0  100 117887.000 117686.333  0.17%     - 1826s
     0     0 117686.333    0   98 117887.000 117686.333  0.17%     - 1827s
     0     0 117686.333    0  122 117887.000 117686.333  0.17%     - 1829s
     0     0 117686.333    0  107 117887.000 117686.333  0.17%     - 1830s
     0     1 117691.333    0  119 117887.000 117691.333  0.17%     - 1846s
     3     2 117691.333    3  378 117887.000 117691.333  0.17%  2760 1851s
     6     8 117691.333    5  297 117887.000 117691.333  0.17%  1623 1855s
    10    16 117691.333    6  428 117887.000 117691.333  0.17%  1295 1860s
    18    32 117691.333    7  408 117887.000 117691.333  0.17%  1325 1868s
    34    49 117691.333    8  355 117887.000 117691.333  0.17%  1238 1875s
    58    70 117691.333    9  371 117887.000 117691.333  0.17%   866 1883s
    82    89 117691.333   10  322 117887.000 117691.333  0.17%   814 1920s
   106   101 117691.333   11  231 117887.000 117691.333  0.17%   772 1936s
   130   114 117691.333   12  330 117887.000 117691.333  0.17%   726 1943s
   157   133 117691.333   13  333 117887.000 117691.333  0.17%   663 1952s
   186   153 117691.333   14  337 117887.000 117691.333  0.17%   641 1961s
   215   175 117691.333   15  454 117887.000 117691.333  0.17%   637 1970s
   246   200 117691.333   16  450 117887.000 117691.333  0.17%   602 1979s
   279   229 117691.333   17  409 117887.000 117691.333  0.17%   569 1987s
   316   253 117691.333   18  412 117887.000 117691.333  0.17%   533 1995s
   352   287 117691.333   19  404 117887.000 117691.333  0.17%   507 2003s
   392   322 117691.333   20  419 117887.000 117691.333  0.17%   481 2012s
   433   354 117693.079   22  550 117887.000 117691.333  0.17%   460 2019s
   475   382 117693.079   23  552 117887.000 117691.333  0.17%   436 2028s
   522   412 117694.190   24  467 117887.000 117691.333  0.17%   413 2037s
   574   450 117701.333   25  424 117887.000 117691.333  0.17%   391 2045s
   630   481 117701.333   26  458 117887.000 117691.333  0.17%   370 2055s
   683   519 117701.333   27  462 117887.000 117691.333  0.17%   359 2065s
   736   561 117701.333   28  466 117887.000 117691.333  0.17%   348 2076s
   795   590 117701.333   30  452 117887.000 117691.333  0.17%   337 2085s
   849   620 117701.333   31  459 117887.000 117691.333  0.17%   329 2097s
   904   667 117701.333   32  472 117887.000 117691.333  0.17%   322 2109s
   973   703 117701.500   34  485 117887.000 117691.333  0.17%   312 2120s
  1035   742 117701.500   35  460 117887.000 117691.333  0.17%   305 2132s
  1103   792 117701.500   37  479 117887.000 117691.333  0.17%   299 2146s
  1194   864 117701.500   39  445 117887.000 117691.333  0.17%   290 2158s
  1307   944 117701.500   39  478 117887.000 117691.333  0.17%   275 2171s
  1438  1053 117701.500   41  461 117887.000 117691.333  0.17%   263 2183s
  1602  1193 117701.500   43  460 117887.000 117691.333  0.17%   248 2196s
  1789  1310 117701.500   46  476 117887.000 117691.333  0.17%   233 2209s
  1975  1388 117702.000   48  394 117887.000 117691.333  0.17%   221 2222s
  2114  1505 117702.000   50  403 117887.000 117691.333  0.17%   214 2237s
  2290  1660 117703.250   57  497 117887.000 117691.333  0.17%   209 2252s
  2496  1840 117807.000   60  400 117887.000 117691.333  0.17%   202 2267s
  2719  2012 117707.000   62  486 117887.000 117691.333  0.17%   198 2284s
  2895  2012 117838.352   28  520 117887.000 117691.333  0.17%   195 2285s
  2952  2116 117707.000   66  506 117887.000 117691.333  0.17%   194 2304s
  3090  2332 117707.000   72  462 117887.000 117691.333  0.17%   194 2321s
  3366  2352 117727.750   74  578 117887.000 117691.333  0.17%   190 2508s
  3391  2371 117727.750   75  565 117887.000 117691.333  0.17%   190 2563s
  3415  2677 117727.750   76  566 117887.000 117691.333  0.17%   190 2582s
  3774  3015 117739.500   80  454 117887.000 117691.333  0.17%   184 2600s
  4187  3308 117745.750   84  472 117887.000 117691.333  0.17%   177 2619s
  4594  3143 117817.066   91 20057 117887.000 117691.333  0.17%   173 2691s
  4596  3144 117791.333   25  352 117887.000 117691.333  0.17%   173 2775s
  4597  3145 117842.000   79  322 117887.000 117691.333  0.17%   173 2783s
  4598  3146 117844.174  141  561 117887.000 117691.333  0.17%   173 2790s
  4599  3146 117880.000   77  565 117887.000 117691.333  0.17%   173 2796s
  4600  3147 117866.143  144  545 117887.000 117691.333  0.17%   173 2805s
  4601  3148 117823.250   79  340 117887.000 117691.333  0.17%   173 2813s
  4602  3148 117866.000   13  491 117887.000 117691.333  0.17%   173 2821s
  4603  3149 117872.000  136  420 117887.000 117691.333  0.17%   173 2827s
  4604  3150 117807.000   63  865 117887.000 117691.333  0.17%   173 2841s
  4605  3150 117870.200   49  598 117887.000 117691.333  0.17%   173 2848s
  4606  3151 117754.000   32  813 117887.000 117691.333  0.17%   173 2862s
  4607  3152 117824.500   92  683 117887.000 117691.333  0.17%   173 2873s
  4608  3152 117754.000   31  313 117887.000 117691.333  0.17%   173 2876s
  4610  3154 117830.000   92  473 117887.000 117691.333  0.17%   173 2884s
  4611  3154 117754.000   32  367 117887.000 117691.333  0.17%   173 2891s
  4613  3156 117754.000   34  400 117887.000 117691.333  0.17%   172 2897s
  4614  3156 117787.097   73  381 117887.000 117691.333  0.17%   172 2902s
  4615  3157 117792.133  139  562 117887.000 117691.333  0.17%   172 2905s
  4617  3158 117811.500   82  435 117887.000 117691.333  0.17%   172 2911s
  4618  3159 117834.643  144  433 117887.000 117691.333  0.17%   172 2916s
  4619  3160 117861.167  143  530 117887.000 117691.333  0.17%   172 2923s
  4620  3160 117787.097   66  627 117887.000 117691.333  0.17%   172 2926s
  4622  3162 117864.026  155  578 117887.000 117691.333  0.17%   172 2934s
  4623  3162 117854.143  122  551 117887.000 117691.333  0.17%   172 2937s
  4625  3164 117842.000   22  526 117887.000 117691.333  0.17%   172 2944s
  4626  3164 117834.000   47  524 117887.000 117710.421  0.15%   172 2952s
  4627  3165 117807.417   61  485 117887.000 117710.719  0.15%   172 2956s
  4628  3166 117759.057  112  538 117887.000 117711.754  0.15%   172 2960s
  4630  3167 117792.066   97  553 117887.000 117711.972  0.15%   172 2970s
  4632  3168 117868.600   38  513 117887.000 117711.972  0.15%   172 2977s
  4633  3169 117809.083  104  548 117887.000 117721.005  0.14%   172 2980s
  4634  3170 117792.000   30  550 117887.000 117721.005  0.14%   172 2985s
  4635  3170 117852.000   80  410 117887.000 117721.576  0.14%   172 2997s
  4636  3171 117851.500  140  419 117887.000 117721.576  0.14%   172 3000s
  4637  3172 117847.750  128  501 117887.000 117751.293  0.12%   172 3012s
  4638  3172 117877.000  232  472 117887.000 117751.388  0.12%   172 3016s
  4640  3174 117842.000   30  560 117887.000 117751.754  0.11%   171 3020s
  4642  3175 117842.000   32  541 117887.000 117751.972  0.11%   171 3025s
  4644  2867 117881.000  103 12474 117887.000 117751.972  0.11%   204 3052s
  4646  2868 117834.991  123  302 117887.000 117755.969  0.11%   203 3077s
  4647  2869 117771.000   27  586 117887.000 117755.969  0.11%   203 3083s
  4648  2870 117866.500   18  584 117887.000 117755.969  0.11%   203 3088s
  4649  2870 117881.000  143  440 117887.000 117755.969  0.11%   203 3091s
  4651  2872 117837.143  156  406 117887.000 117755.969  0.11%   203 3095s
  4654  2874 117755.969   40  632 117887.000 117755.969  0.11%   203 3101s
  4657  2876 117759.000   74  409 117887.000 117755.969  0.11%   203 3106s
  4660  2878 117831.500  152  331 117887.000 117755.969  0.11%   203 3110s
  4663  2880 117787.000   26  496 117887.000 117755.969  0.11%   203 3115s
  4667  2882 117848.697  186  400 117887.000 117755.969  0.11%   203 3121s
  4669  2884 117792.160  143  395 117887.000 117755.969  0.11%   202 3125s
  4671  2885 117842.000   32  457 117887.000 117755.969  0.11%   202 3132s
  4673  2886 117843.500   71  391 117887.000 117758.284  0.11%   202 3136s
  4676  2888 117769.000   45  319 117887.000 117762.513  0.11%   202 3141s
  4678  2890 117786.333   11  410 117887.000 117770.088  0.10%   202 3146s
  4680  2891 117842.000   77  498 117887.000 117774.184  0.10%   202 3150s
  4683  2893 117804.000   44  415 117887.000 117774.867  0.10%   202 3155s
  4685  2894 117844.500   52  275 117887.000 117775.736  0.09%   202 3162s
  4687  2896 117787.000   31  419 117887.000 117777.192  0.09%   202 3167s
  4689  2897 117862.000  148  447 117887.000 117777.192  0.09%   202 3170s
  4690  2898 117842.040  140  310 117887.000 117777.500  0.09%   202 3175s
  4693  2900 117882.000  221  288 117887.000 117778.625  0.09%   201 3180s
  4694  2900 117817.066   91  519 117887.000 117780.688  0.09%   201 3185s
  4698  2903 117844.174  141  482 117887.000 117780.714  0.09%   201 3191s
  4700  2904 117866.143  144  514 117887.000 117780.714  0.09%   201 3195s
  4702  2906 117866.000   13  350 117887.000 117780.714  0.09%   201 3200s
  4704  2907 117807.000   63  390 117887.000 117780.873  0.09%   201 3211s
  4705  2908 117870.200   49  390 117887.000 117780.873  0.09%   201 3215s
  4706  2624 117780.873   32 10395 117887.000 117780.873  0.09%   230 3231s
  4708  2625 117780.873   31  358 117887.000 117780.873  0.09%   230 3248s
  4709  2626 117842.037  115  376 117887.000 117780.873  0.09%   230 3250s
  4712  2628 117826.500  146  607 117887.000 117780.873  0.09%   230 3255s
  4716  2631 117865.000  103  526 117887.000 117780.873  0.09%   230 3260s
  4719  2633 117861.167  143  486 117887.000 117780.873  0.09%   230 3265s
  4723  2635 117854.143  122  579 117887.000 117780.873  0.09%   230 3270s
  4728  2639 117780.873  112  524 117887.000 117780.873  0.09%   229 3276s
  4730  2640 117792.066   97  540 117887.000 117780.873  0.09%   229 3280s
  4734  2643 117792.000   30  585 117887.000 117780.873  0.09%   229 3286s
  4738  2645 117877.000  232  507 117887.000 117783.571  0.09%   229 3291s
  4742  2648 117842.000   32  430 117887.000 117785.200  0.09%   229 3295s
  4746  2651 117834.991  123  162 117887.000 117786.200  0.09%   228 3302s
  4748  2652 117866.500   18  268 117887.000 117786.200  0.09%   228 3305s
  4753  2655 117871.500  153  635 117887.000 117786.842  0.08%   228 3311s
  4756  2657 117815.800   53  476 117887.000 117787.485  0.08%   228 3316s
  4760  2660 117831.500  152  553 117887.000 117789.194  0.08%   228 3321s
  4763  2662 117790.841   26  560 117887.000 117790.841  0.08%   228 3325s
  4767  2665 117848.697  186  575 117887.000 117792.206  0.08%   227 3330s
  4771  2667 117842.000   32  334 117887.000 117792.206  0.08%   227 3336s
  4775  2670 117842.000  117  446 117887.000 117793.401  0.08%   227 3341s
  4779  2673 117831.604  182  558 117887.000 117794.291  0.08%   227 3345s
  4784  2676 117830.010  122  505 117887.000 117796.083  0.08%   227 3350s
  4791  2681 117798.621   81  667 117887.000 117798.621  0.07%   226 3355s
  4795  2683 117809.000   38  393 117887.000 117801.283  0.07%   226 3361s
  4800  2425 117866.143  144 7563 117887.000 117802.915  0.07%   250 3372s
  4802  2426 117866.000   13  196 117887.000 117802.915  0.07%   250 3380s
  4807  2430 117824.500   92  279 117887.000 117806.984  0.07%   249 3385s
  4813  2434 117806.984   34  168 117887.000 117806.984  0.07%   249 3390s
  4818  2437 117834.643  144  286 117887.000 117806.984  0.07%   249 3395s
  4823  2440 117854.143  122  520 117887.000 117806.984  0.07%   249 3400s
  4827  2443 117816.723   61  298 117887.000 117816.723  0.06%   248 3405s
  4833  2208 117832.353  104   91 117887.000 117832.353  0.05%   259 3412s
  4836  2210 117851.500  140  336 117887.000 117843.150  0.04%   259 3415s
  4846  2001 117843.150  123   31 117887.000 117843.150  0.04%   265 3420s

Cutting planes:
  Learned: 4
  Gomory: 15
  Implied bound: 2
  Clique: 14
  MIR: 19
  Flow cover: 34
  Zero half: 52
  RLT: 27

Explored 4854 nodes (3137533 simplex iterations) in 3423.22 seconds (4499.49 work units)
Thread count was 32 (of 32 available processors)

Solution count 10: 117887 117887 117887 ... 117887

Optimal solution found (tolerance 1.00e-04)
Best objective 1.178870000000e+05, best bound 1.178770000000e+05, gap 0.0085%
