
Gurobi 11.0.3 (win64) logging started Thu May  8 00:22:08 2025

Set parameter LogFile to value "run_logs\instance4b_20250508_002208.log"
Set parameter TimeLimit to value 3600
Gurobi Optimizer version 11.0.3 build v11.0.3rc0 (win64 - Windows 11+.0 (26100.2))

CPU model: Intel(R) Core(TM) i9-14900K, instruction set [SSE2|AVX|AVX2]
Thread count: 24 physical cores, 32 logical processors, using up to 32 threads

Optimize a model with 1314051 rows, 693434 columns and 2988827 nonzeros
Model fingerprint: 0x8ef9bce7
Variable types: 519678 continuous, 173756 integer (173756 binary)
Coefficient statistics:
  Matrix range     [1e+00, 2e+02]
  Objective range  [5e+01, 1e+04]
  Bounds range     [1e+00, 1e+00]
  RHS range        [1e+00, 3e+02]
Presolve removed 1073658 rows and 449006 columns
Presolve time: 4.37s
Presolved: 240393 rows, 244428 columns, 1015773 nonzeros
Variable types: 3190 continuous, 241238 integer (116686 binary)
Found heuristic solution: objective 1446593.0000
Found heuristic solution: objective 891208.00000
Deterministic concurrent LP optimizer: primal simplex, dual simplex, and barrier
Showing barrier log only...

Root barrier log...

Ordering time: 0.05s

Barrier statistics:
 AA' NZ     : 3.020e+05
 Factor NZ  : 1.387e+06 (roughly 50 MB of memory)
 Factor Ops : 1.686e+08 (less than 1 second per iteration)
 Threads    : 22

                  Objective                Residual
Iter       Primal          Dual         Primal    Dual     Compl     Time
   0   1.14486190e+09 -2.42442645e+09  3.85e+03 2.17e+04  6.19e+05     8s
   1   6.41553889e+08 -2.67288312e+09  1.65e+03 6.11e+03  2.48e+05     8s
   2   6.68557466e+07 -2.22735217e+09  1.52e+02 9.20e+02  3.43e+04     8s
   3   3.34178292e+07 -7.45909531e+08  6.14e+01 2.25e+01  1.04e+04     8s
   4   2.14990385e+07 -1.95670076e+08  2.95e+01 2.62e-10  3.43e+03     8s
   5   1.22424671e+07 -4.60971014e+07  9.22e+00 6.98e-10  9.51e+02     8s
   6   4.46561199e+06 -1.77941418e+07  1.52e+00 7.57e-10  2.35e+02     8s
   7   1.25620029e+06 -6.15192933e+06  2.14e-01 3.20e-10  5.91e+01     8s
   8   6.30731791e+05 -3.03946001e+06  5.90e-02 1.46e-10  2.60e+01     8s
   9   3.22913984e+05 -8.87509401e+05  1.15e-02 2.40e-10  8.11e+00     8s
  10   2.26842265e+05 -1.75632602e+05  4.30e-03 2.56e-10  2.68e+00     9s
  11   1.70134195e+05 -3.69743125e+04  1.07e-03 2.86e-10  1.36e+00     9s
  12   1.61632692e+05  2.28752479e+04  7.48e-04 3.03e-10  9.15e-01     9s
  13   1.52495945e+05  7.34613685e+04  4.68e-04 1.31e-10  5.21e-01     9s
  14   1.42378407e+05  8.96372533e+04  1.96e-04 2.03e-10  3.47e-01     9s
  15   1.37381989e+05  1.02261323e+05  9.86e-05 2.39e-10  2.31e-01     9s
  16   1.33365523e+05  1.12189673e+05  4.70e-05 1.29e-10  1.39e-01     9s
  17   1.32311033e+05  1.16349118e+05  3.78e-05 1.94e-10  1.05e-01     9s
  18   1.29048722e+05  1.19541401e+05  1.60e-05 1.36e-10  6.24e-02     9s
  19   1.27601415e+05  1.23171344e+05  8.14e-06 1.61e-10  2.91e-02     9s
  20   1.26287901e+05  1.24472541e+05  2.11e-06 1.34e-10  1.19e-02     9s
  21   1.26185994e+05  1.25382312e+05  1.70e-06 1.70e-10  5.29e-03     9s
  22   1.25780231e+05  1.25691573e+05  1.16e-07 1.70e-10  5.83e-04     9s
  23   1.25741735e+05  1.25740888e+05  2.29e-09 1.43e-10  5.59e-06     9s
  24   1.25741000e+05  1.25741000e+05  1.08e-12 4.19e-10  8.03e-10     9s

Barrier solved model in 24 iterations and 8.74 seconds (21.99 work units)
Optimal objective 1.25741000e+05


Root crossover log...

    4946 DPushes remaining with DInf 0.0000000e+00                 9s
       0 DPushes remaining with DInf 0.0000000e+00                 9s

     607 PPushes remaining with PInf 0.0000000e+00                 9s
       0 PPushes remaining with PInf 0.0000000e+00                 9s

  Push phase complete: Pinf 0.0000000e+00, Dinf 3.2758862e-10      9s


Root simplex log...

Iteration    Objective       Primal Inf.    Dual Inf.      Time
    5457    1.2574100e+05   0.000000e+00   0.000000e+00      9s
Concurrent spin time: 0.00s

Solved with barrier
    5480    1.2574100e+05   0.000000e+00   0.000000e+00      9s
Extra simplex iterations after uncrush: 23

Use crossover to convert LP symmetric solution to basic solution...

Root crossover log...

       0 DPushes remaining with DInf 0.0000000e+00                 9s

     539 PPushes remaining with PInf 0.0000000e+00                 9s
       0 PPushes remaining with PInf 0.0000000e+00                 9s

  Push phase complete: Pinf 0.0000000e+00, Dinf 4.1793768e-10      9s


Root simplex log...

Iteration    Objective       Primal Inf.    Dual Inf.      Time
    6512    1.2574100e+05   0.000000e+00   0.000000e+00      9s
    6512    1.2574100e+05   0.000000e+00   0.000000e+00      9s

Root relaxation: objective 1.257410e+05, 6512 iterations, 1.13 seconds (1.42 work units)
Total elapsed time = 9.04s (DegenMoves)
Total elapsed time = 10.08s (DegenMoves)

    Nodes    |    Current Node    |     Objective Bounds      |     Work
 Expl Unexpl |  Obj  Depth IntInf | Incumbent    BestBd   Gap | It/Node Time

     0     0 125741.000    0  362 891208.000 125741.000  85.9%     -   11s
H    0     0                    204167.00000 125741.000  38.4%     -   11s
H    0     0                    204117.00000 125741.000  38.4%     -   11s
H    0     0                    166019.00000 125741.000  24.3%     -   11s
     0     0 125771.667    0  463 166019.000 125771.667  24.2%     -   25s
H    0     0                    129877.00000 125771.667  3.16%     -   26s
H    0     0                    126727.00000 125771.667  0.75%     -   26s
     0     0 125801.000    0  389 126727.000 125801.000  0.73%     -   27s
     0     0 125801.000    0  390 126727.000 125801.000  0.73%     -   28s
     0     0 125803.500    0  384 126727.000 125803.500  0.73%     -   31s
H    0     0                    126626.00000 125803.500  0.65%     -   32s
     0     0 125805.167    0  488 126626.000 125805.167  0.65%     -   33s
     0     0 125828.189    0  557 126626.000 125828.189  0.63%     -   37s
     0     0 125828.189    0  525 126626.000 125828.189  0.63%     -   38s
     0     0 125834.626    0  535 126626.000 125834.626  0.62%     -   39s
     0     0 125869.000    0  445 126626.000 125869.000  0.60%     -   41s
     0     0 125869.000    0  324 126626.000 125869.000  0.60%     -   52s
     0     0 125869.000    0  432 126626.000 125869.000  0.60%     -   58s
     0     0 125869.000    0  480 126626.000 125869.000  0.60%     -   59s
     0     0 125869.000    0  465 126626.000 125869.000  0.60%     -   61s
     0     0 125869.000    0  409 126626.000 125869.000  0.60%     -   62s
     0     0 125869.000    0  467 126626.000 125869.000  0.60%     -   63s
     0     0 125869.000    0  463 126626.000 125869.000  0.60%     -   63s
     0     0 125869.000    0  405 126626.000 125869.000  0.60%     -   66s
H    0     0                    126471.00000 125869.000  0.48%     -   66s
     0     0 125869.000    0  440 126471.000 125869.000  0.48%     -   67s
     0     0 125869.000    0  440 126471.000 125869.000  0.48%     -   67s
     0     0 125869.000    0  430 126471.000 125869.000  0.48%     -   71s
H    0     0                    126431.00000 125869.000  0.44%     -   71s
     0     0 125869.000    0  450 126431.000 125869.000  0.44%     -   72s
     0     0 125904.400    0  150 126431.000 125904.400  0.42%     -   77s
     0     0 125905.600    0  204 126431.000 125905.600  0.42%     -   80s
     0     0 125905.600    0  204 126431.000 125905.600  0.42%     -   80s
     0     0 125916.500    0  277 126431.000 125916.500  0.41%     -   82s
     0     0 125916.500    0  277 126431.000 125916.500  0.41%     -   82s
     0     0 125916.500    0  375 126431.000 125916.500  0.41%     -   83s
     0     0 125923.286    0  433 126431.000 125923.286  0.40%     -   86s
     0     0 125931.857    0  417 126431.000 125931.857  0.39%     -   88s
     0     0 125931.857    0  430 126431.000 125931.857  0.39%     -   88s
     0     0 125941.000    0  388 126431.000 125941.000  0.39%     -   91s
     0     0 125941.000    0  358 126431.000 125941.000  0.39%     -   92s
     0     0 125956.000    0  401 126431.000 125956.000  0.38%     -   94s
     0     0 125956.000    0  429 126431.000 125956.000  0.38%     -   96s
     0     0 125966.000    0  346 126431.000 125966.000  0.37%     -   98s
     0     0 125966.000    0  312 126431.000 125966.000  0.37%     -   99s
     0     0 125966.000    0  382 126431.000 125966.000  0.37%     -  101s
     0     0 125966.000    0  329 126431.000 125966.000  0.37%     -  102s
     0     0 125973.500    0  294 126431.000 125973.500  0.36%     -  108s
     0     0 125973.500    0  268 126431.000 125973.500  0.36%     -  109s
     0     0 125997.000    0  243 126431.000 125997.000  0.34%     -  111s
     0     0 125997.000    0  238 126431.000 125997.000  0.34%     -  120s
     0     0 125997.000    0  289 126431.000 125997.000  0.34%     -  130s
     0     0 125997.000    0  351 126431.000 125997.000  0.34%     -  132s
     0     0 125997.000    0  418 126431.000 125997.000  0.34%     -  134s
     0     0 125997.000    0  382 126431.000 125997.000  0.34%     -  136s
     0     0 125997.000    0  302 126431.000 125997.000  0.34%     -  138s
     0     0 125997.000    0  391 126431.000 125997.000  0.34%     -  139s
     0     0 125997.000    0  249 126431.000 125997.000  0.34%     -  140s
     0     0 125997.000    0  192 126431.000 125997.000  0.34%     -  141s
     0     0 125997.000    0  241 126431.000 125997.000  0.34%     -  143s
     0     0 125997.000    0  144 126431.000 125997.000  0.34%     -  144s
     0     0 125997.000    0  230 126431.000 125997.000  0.34%     -  146s
H    0     0                    126417.00000 126004.000  0.33%     -  147s
     0     0 126004.000    0  379 126417.000 126004.000  0.33%     -  147s
     0     0 126004.000    0  372 126417.000 126004.000  0.33%     -  148s
     0     0 126029.000    0  232 126417.000 126029.000  0.31%     -  153s
     0     0 126029.000    0  232 126417.000 126029.000  0.31%     -  153s
H    0     0                    126317.00000 126029.000  0.23%     -  153s
     0     0 126029.000    0  250 126317.000 126029.000  0.23%     -  154s
     0     0 126029.000    0  259 126317.000 126029.000  0.23%     -  154s
     0     0 126031.000    0  271 126317.000 126031.000  0.23%     -  155s
     0     0 126031.000    0  249 126317.000 126031.000  0.23%     -  156s
     0     0 126031.000    0  190 126317.000 126031.000  0.23%     -  158s
     0     0 126031.000    0  172 126317.000 126031.000  0.23%     -  163s
     0     0 126031.000    0  252 126317.000 126031.000  0.23%     -  164s
     0     0 126031.000    0  252 126317.000 126031.000  0.23%     -  164s
     0     0 126031.000    0  197 126317.000 126031.000  0.23%     -  166s
     0     0 126031.000    0  346 126317.000 126031.000  0.23%     -  167s
     0     0 126031.000    0  387 126317.000 126031.000  0.23%     -  168s
     0     0 126031.000    0  203 126317.000 126031.000  0.23%     -  170s
     0     0 126031.000    0  166 126317.000 126031.000  0.23%     -  171s
     0     0 126031.000    0  132 126317.000 126031.000  0.23%     -  172s
     0     0 126031.000    0  215 126317.000 126031.000  0.23%     -  173s
     0     0 126031.000    0   90 126317.000 126031.000  0.23%     -  176s
     0     0 126031.000    0  292 126317.000 126031.000  0.23%     -  177s
     0     0 126031.000    0  259 126317.000 126031.000  0.23%     -  178s
     0     0 126031.000    0  202 126317.000 126031.000  0.23%     -  179s
     0     0 126031.000    0  127 126317.000 126031.000  0.23%     -  179s
     0     0 126031.000    0  153 126317.000 126031.000  0.23%     -  179s
     0     0 126031.000    0  130 126317.000 126031.000  0.23%     -  181s
     0     0 126031.000    0  130 126317.000 126031.000  0.23%     -  181s
     0     0 126031.000    0  152 126317.000 126031.000  0.23%     -  182s
     0     0 126031.000    0  165 126317.000 126031.000  0.23%     -  183s
     0     0 126031.000    0  248 126317.000 126031.000  0.23%     -  184s
     0     0 126031.000    0   84 126317.000 126031.000  0.23%     -  186s
     0     0 126031.000    0  191 126317.000 126031.000  0.23%     -  187s
     0     0 126031.000    0   81 126317.000 126031.000  0.23%     -  189s
     0     0 126031.000    0  137 126317.000 126031.000  0.23%     -  190s
     0     0 126031.000    0   51 126317.000 126031.000  0.23%     -  192s
     0     0 126031.000    0   65 126317.000 126031.000  0.23%     -  195s
     0     0 126031.000    0   65 126317.000 126031.000  0.23%     -  197s
     0     2 126032.000    0   65 126317.000 126032.000  0.23%     -  201s
     7    16 126032.000    3  268 126317.000 126032.000  0.23%  3186  206s
    31    52 126032.000    5  247 126317.000 126032.000  0.23%  1544  213s
    55    76 126032.000    6  222 126317.000 126032.000  0.23%  1475  216s
   103   124 126032.000    8  269 126317.000 126032.000  0.23%  1065  315s
   160   177 126032.000   10  229 126317.000 126032.000  0.23%   790  374s
   186   217 126036.000   11  220 126317.000 126032.000  0.23%   714  377s
   230   253 126036.000   13  283 126317.000 126032.000  0.23%   621  380s
   313   329 126036.096   16  386 126317.000 126032.000  0.23%   529  387s
   363   372 126036.250   18  300 126317.000 126032.000  0.23%   495  391s
   463   470 126036.346   21  287 126317.000 126032.000  0.23%   444  398s
   518   517 126036.346   23  292 126317.000 126032.000  0.23%   423  401s
   573   575 126036.546   25  311 126317.000 126032.000  0.23%   407  405s
   698   691 126036.650   29  309 126317.000 126032.000  0.23%   385  412s
   778   755 126036.663   30  334 126317.000 126032.000  0.23%   369  416s
   859   829 126048.300   32  215 126317.000 126032.000  0.23%   357  420s
  1035   972 126063.600   36  186 126317.000 126032.000  0.23%   342  429s
  1139  1056 126087.596   39  239 126317.000 126032.000  0.23%   336  433s
  1234  1153 126092.096   40  270 126317.000 126032.000  0.23%   337  437s
  1340  1263 126087.596   41  280 126317.000 126032.000  0.23%   332  442s
  1467  1359 126101.100   48  241 126317.000 126032.000  0.23%   324  446s
  1582  1486 126101.267   53  211 126317.000 126032.000  0.23%   320  451s
  1725  1621 126102.600   61  228 126317.000 126032.000  0.23%   314  456s
  1892  1787 126102.667   70  177 126317.000 126032.000  0.23%   304  460s
  2082  1934 126104.600   81  201 126317.000 126032.000  0.23%   296  465s
  2483  2326 126214.000  100   98 126317.000 126032.000  0.23%   276  474s
  2751  2489 126221.440  109  187 126317.000 126032.000  0.23%   262  479s
  3001  2628 126251.407  114  239 126317.000 126032.000  0.23%   252  484s
  3267  2777 infeasible  128      126317.000 126032.000  0.23%   243  490s
  3467  2948 126067.000    7  171 126317.000 126032.000  0.23%   243  496s
  3654  2801 126174.000  111 9448 126317.000 126032.000  0.23%   244  514s
  3656  2802 126131.000   30   84 126317.000 126032.000  0.23%   244  520s
  3660  2805 126137.000   32  267 126317.000 126032.000  0.23%   244  525s
  3662  2806 126257.000   68  182 126317.000 126032.000  0.23%   244  531s
  3664  2808 126072.094   25  303 126317.000 126032.000  0.23%   244  535s
  3670  2812 126098.000   36  331 126317.000 126032.000  0.23%   243  541s
  3675  2815 126244.084   75  348 126317.000 126039.500  0.22%   243  545s
  3681  2819 126130.000    5  321 126317.000 126058.000  0.21%   243  550s
  3684  2821 126235.000  119   67 126317.000 126058.000  0.21%   242  556s
  3687  2823 126215.286   51  225 126317.000 126060.143  0.20%   242  560s
  3691  2826 126297.700   43  357 126317.000 126066.321  0.20%   242  566s
  3697  2830 126141.000   33  411 126317.000 126081.500  0.19%   241  571s
  3702  2833 126144.000   26  279 126317.000 126090.750  0.18%   241  576s
  3706  2559 126138.000   96 7204 126317.000 126090.750  0.18%   279  580s
  3708  2560 126146.533   76  145 126317.000 126090.750  0.18%   279  585s
  3714  2564 126090.750   39  474 126317.000 126090.750  0.18%   278  590s
  3720  2568 126247.071   57  286 126317.000 126090.750  0.18%   278  595s
  3727  2573 126090.750   13  373 126317.000 126090.750  0.18%   277  600s
  3735  2578 126257.804  121  412 126317.000 126091.297  0.18%   277  605s
  3740  2582 126101.453    9  331 126317.000 126101.453  0.17%   276  612s
  3744  2584 126102.698   13  457 126317.000 126102.698  0.17%   276  615s
  3753  2590 126232.857  118  333 126317.000 126119.400  0.16%   275  620s
  3762  2596 126257.000   68  439 126317.000 126141.667  0.14%   275  625s
  3767  2346 126280.000   91  220 126317.000 126141.667  0.14%   300  630s
  3774  2351 126141.667   68  282 126317.000 126141.667  0.14%   299  635s
  3781  2355 126141.667    5  414 126317.000 126141.667  0.14%   299  640s
  3789  2361 126258.000  127  390 126317.000 126141.667  0.14%   298  645s
  3801  2369 126230.000   44  395 126317.000 126164.833  0.12%   297  650s
  3809  2374 126165.607   35  198 126317.000 126165.607  0.12%   296  655s
  3818  2380 126174.000  103  268 126317.000 126168.560  0.12%   296  660s
  3830  2388 126311.000   42  178 126317.000 126177.000  0.11%   295  665s
  3839  2395 126230.000   25  316 126317.000 126177.000  0.11%   332  670s
  3849  2402 126177.000   13  253 126317.000 126177.000  0.11%   331  675s
  3862  2410 126257.000   68  354 126317.000 126177.000  0.11%   330  680s
  3872  2417 126185.000  123  207 126317.000 126177.000  0.11%   329  685s
  3877  2420 126203.764  117  252 126317.000 126177.400  0.11%   329  690s
  3893  2448 126179.414   49  443 126317.000 126179.000  0.11%   355  695s
  3981  2498 126181.138   52  482 126317.000 126181.138  0.11%   360  704s
  4005  2508 126245.000   52  176 126317.000 126181.138  0.11%   360  705s
  4143  2567 126212.000   55  360 126317.000 126181.138  0.11%   360  738s
  4167  2577 126181.286   56  332 126317.000 126181.138  0.11%   360  741s
  4276  2624 126181.286   58  328 126317.000 126181.138  0.11%   361  745s
  4416  2656 126181.286   60  356 126317.000 126181.138  0.11%   362  750s
  4652  2642 126189.039   63  360 126317.000 126181.138  0.11%   360  756s
  4776  2641 126193.000   65  409 126317.000 126181.138  0.11%   360  760s
  4885  2653 126269.012   67  392 126317.000 126181.138  0.11%   362  766s
  4937  2651 126306.000   68  278 126317.000 126181.138  0.11%   363  835s
  5020  2671 126243.583   70  438 126317.000 126181.138  0.11%   364  843s
  5078  2681 126222.700   72  263 126317.000 126181.138  0.11%   366  847s
  5219  2728 126236.167   74  305 126317.000 126181.138  0.11%   367  852s
  5323  2749 126216.778   76  393 126317.000 126181.138  0.11%   366  855s
  5517  2794 126251.050   78  332 126317.000 126181.138  0.11%   369  860s
  5735  2854 126227.000   82  450 126317.000 126181.138  0.11%   369  865s
  6000  2889 126242.600   85  295 126317.000 126181.138  0.11%   370  872s
  6144  2911 126228.206   88  389 126317.000 126181.138  0.11%   371  875s
  6544  3023 126231.583   94  419 126317.000 126181.138  0.11%   370  882s
  6779  3050 126232.333   97  355 126317.000 126181.138  0.11%   370  886s
  7016  3111 126236.286  100  310 126317.000 126181.138  0.11%   371  890s
  7578  3192 126240.391  108  490 126317.000 126181.138  0.11%   371  899s
  7828  3258     cutoff  111      126317.000 126181.138  0.11%   373  903s
  8096  3322     cutoff  116      126317.000 126181.138  0.11%   375  908s
  8366  3376     cutoff  121      126317.000 126181.138  0.11%   377  913s
  8689  3401     cutoff  126      126317.000 126181.138  0.11%   377  917s
  9018  3426     cutoff  131      126317.000 126181.138  0.11%   379  923s
  9359  3504 126301.000  136  262 126317.000 126181.145  0.11%   379  928s
  9764  3548 126189.614   59  502 126317.000 126181.145  0.11%   378  933s
 10167  3491 126292.333   69  308 126317.000 126186.723  0.10%   378  940s
 10425  3597 126228.988   86  390 126317.000 126189.614  0.10%   378  945s
 10932  3707 126246.833   79  355 126317.000 126198.149  0.09%   376  952s
 11501  3724 126260.469   74  365 126317.000 126198.318  0.09%   376  958s
 11778  4078 126242.667   65  313 126317.000 126201.267  0.09%   378  967s
 12419  4507 126302.000   70  316 126317.000 126201.923  0.09%   379  976s
 13231  4536 126256.667  104  333 126317.000 126202.143  0.09%   380  989s
 13372  4748 126264.625  108  384 126317.000 126202.143  0.09%   381  998s
 13879  5010 126313.500  122  287 126317.000 126206.902  0.09%   381 1008s
 14793  5269     cutoff   59      126317.000 126211.667  0.08%   381 1026s
 15815  5697     cutoff   88      126317.000 126212.616  0.08%   377 1041s
 16779  6345 126264.880   92  426 126317.000 126213.095  0.08%   375 1059s
 18343  6856     cutoff  104      126317.000 126213.667  0.08%   377 1076s
 19791  7344 126302.667  110  353 126317.000 126215.400  0.08%   378 1092s
 21178  7763 126311.000   71  304 126317.000 126216.712  0.08%   380 1109s
 22656  8243 126278.000   69   50 126317.000 126219.667  0.08%   383 1128s
 24455  8826 126288.406   66  361 126317.000 126222.292  0.07%   384 1148s
 26348  9131 126297.333   90  283 126317.000 126224.159  0.07%   386 1182s
 27851  9676 126312.333   63  239 126317.000 126225.250  0.07%   387 1215s
 30975 10010     cutoff   85      126317.000 126231.571  0.07%   389 1241s
 33505 10160     cutoff   88      126317.000 126236.333  0.06%   389 1267s
 35075 10231     cutoff   60      126317.000 126238.333  0.06%   389 1300s
 38197 10524 126312.476  118  231 126317.000 126244.800  0.06%   390 1334s
 39667 10524     cutoff   95      126317.000 126246.600  0.06%   388 1335s
 40386 10692 126304.500   80  185 126317.000 126248.500  0.05%   387 1368s
 43683 10642 126313.714   62  416 126317.000 126250.680  0.05%   386 1402s
 47240 10258 126312.000   95  282 126317.000 126257.500  0.05%   385 1435s
 50859  9444 126313.000  101  253 126317.000 126262.667  0.04%   383 1470s
 54932  8948     cutoff   92      126317.000 126268.167  0.04%   377 1501s
 57301  7701 126297.000   88  358 126317.000 126273.333  0.03%   375 1542s
 62826  6530     cutoff   94      126317.000 126281.167  0.03%   364 1584s
 67605  4979 126297.000   96  148 126317.000 126286.667  0.02%   357 1627s
 72346  2868 126304.500   86  230 126317.000 126293.000  0.02%   350 1670s
 78099   598     cutoff   58      126317.000 126302.000  0.01%   338 1724s

Cutting planes:
  Gomory: 38
  Cover: 34
  Implied bound: 111
  Clique: 6
  MIR: 51
  StrongCG: 1
  Flow cover: 312
  Inf proof: 3
  Zero half: 21
  RLT: 114
  Relax-and-lift: 5
  BQP: 4
  PSD: 4

Explored 83917 nodes (27807914 simplex iterations) in 1727.41 seconds (2776.60 work units)
Thread count was 32 (of 32 available processors)

Solution count 10: 126317 126317 126317 ... 126317

Optimal solution found (tolerance 1.00e-04)
Best objective 1.263170000000e+05, best bound 1.263052380952e+05, gap 0.0093%
