
Gurobi 11.0.3 (win64) logging started Wed Feb 26 19:00:59 2025

Set parameter LogFile to value "run_logs\instance4_20250226_190059.log"
Set parameter TimeLimit to value 3600
Gurobi Optimizer version 11.0.3 build v11.0.3rc0 (win64 - Windows 11+.0 (26100.2))

CPU model: Intel(R) Core(TM) i9-14900K, instruction set [SSE2|AVX|AVX2]
Thread count: 24 physical cores, 32 logical processors, using up to 32 threads

Optimize a model with 1491535 rows, 790504 columns and 3397229 nonzeros
Model fingerprint: 0xcedb9f56
Variable types: 592404 continuous, 198100 integer (198100 binary)
Coefficient statistics:
  Matrix range     [1e+00, 2e+02]
  Objective range  [5e+01, 1e+04]
  Bounds range     [1e+00, 1e+00]
  RHS range        [1e+00, 3e+02]
Presolve removed 1214107 rows and 507272 columns
Presolve time: 3.83s
Presolved: 277428 rows, 283232 columns, 1166922 nonzeros
Variable types: 3772 continuous, 279460 integer (134755 binary)
Found heuristic solution: objective 1425450.0000
Found heuristic solution: objective 727583.00000
Deterministic concurrent LP optimizer: primal simplex, dual simplex, and barrier
Showing barrier log only...

Root barrier log...

Ordering time: 0.04s

Barrier statistics:
 AA' NZ     : 2.210e+05
 Factor NZ  : 1.073e+06 (roughly 40 MB of memory)
 Factor Ops : 1.197e+08 (less than 1 second per iteration)
 Threads    : 22

                  Objective                Residual
Iter       Primal          Dual         Primal    Dual     Compl     Time
   0   1.19356422e+09 -1.76924815e+09  5.01e+03 2.73e+04  5.63e+05     8s
   1   5.91593801e+08 -1.78845570e+09  2.34e+03 1.53e+04  2.51e+05     8s
   2   6.75479609e+07 -1.52711241e+09  2.47e+02 3.72e+02  3.49e+04     8s
   3   3.25285852e+07 -6.00356099e+08  1.06e+02 1.35e-10  1.21e+04     9s
   4   1.89711905e+07 -1.58649080e+08  5.19e+01 1.46e-10  4.24e+03     9s
   5   8.70127936e+06 -3.39552578e+07  1.27e+01 1.46e-10  9.67e+02     9s
   6   5.64282481e+06 -1.27384956e+07  6.15e+00 2.04e-10  4.37e+02     9s
   7   2.02629980e+06 -6.99794819e+06  1.55e+00 1.23e-10  1.39e+02     9s
   8   9.92692403e+05 -3.13984415e+06  5.42e-01 6.18e-11  5.19e+01     9s
   9   2.74550740e+05 -1.17242276e+06  8.05e-02 8.00e-11  1.30e+01     9s
  10   1.79096924e+05 -3.94559979e+05  2.63e-02 1.25e-10  4.69e+00     9s
  11   1.51103869e+05 -1.03221221e+05  1.46e-02 8.42e-11  2.04e+00     9s
  12   1.36678138e+05 -7.40595679e+03  9.35e-03 1.17e-10  1.14e+00     9s
  13   1.14631011e+05  4.83613278e+04  2.38e-03 1.75e-10  5.13e-01     9s
  14   1.03999114e+05  6.89048603e+04  2.55e-04 9.86e-11  2.68e-01     9s
  15   1.02691092e+05  7.92841313e+04  1.86e-04 9.04e-11  1.79e-01     9s
  16   1.02621735e+05  8.00951981e+04  1.83e-04 1.15e-10  1.72e-01     9s
  17   1.01704520e+05  8.28321487e+04  1.50e-04 1.87e-10  1.44e-01     9s
  18   9.97770297e+04  8.59367701e+04  1.05e-04 1.44e-10  1.06e-01     9s
  19   9.76905545e+04  8.94861488e+04  6.73e-05 1.64e-10  6.26e-02     9s
  20   9.63162983e+04  9.04595696e+04  4.74e-05 1.37e-10  4.47e-02     9s
  21   9.53985044e+04  9.07838197e+04  3.52e-05 1.98e-10  3.52e-02     9s
  22   9.45486363e+04  9.13575263e+04  2.55e-05 1.14e-10  2.44e-02     9s
  23   9.41833428e+04  9.16549225e+04  2.13e-05 9.47e-11  1.93e-02     9s
  24   9.30239148e+04  9.19993308e+04  8.58e-06 7.99e-11  7.84e-03     9s
  25   9.23990982e+04  9.21524759e+04  2.10e-06 1.00e-10  1.89e-03     9s
  26   9.22208010e+04  9.21764383e+04  3.90e-07 1.71e-10  3.40e-04     9s
  27   9.21790528e+04  9.21789906e+04  3.72e-10 1.77e-10  4.77e-07     9s
  28   9.21790001e+04  9.21790000e+04  1.21e-11 2.55e-10  5.74e-10     9s

Barrier solved model in 28 iterations and 8.87 seconds (20.32 work units)
Optimal objective 9.21790001e+04


Root crossover log...

    5697 DPushes remaining with DInf 0.0000000e+00                 9s
       0 DPushes remaining with DInf 0.0000000e+00                 9s

     196 PPushes remaining with PInf 0.0000000e+00                 9s
       0 PPushes remaining with PInf 0.0000000e+00                 9s

  Push phase complete: Pinf 0.0000000e+00, Dinf 1.1652901e-10      9s


Root simplex log...

Iteration    Objective       Primal Inf.    Dual Inf.      Time
    5728    9.2179000e+04   0.000000e+00   0.000000e+00      9s
Concurrent spin time: 0.00s

Solved with barrier
    6274    9.2179000e+04   0.000000e+00   0.000000e+00      9s
Extra simplex iterations after uncrush: 546

Use crossover to convert LP symmetric solution to basic solution...

Root crossover log...

       0 DPushes remaining with DInf 0.0000000e+00                 9s

     356 PPushes remaining with PInf 0.0000000e+00                 9s
       0 PPushes remaining with PInf 0.0000000e+00                 9s

  Push phase complete: Pinf 0.0000000e+00, Dinf 7.6722267e+03      9s


Root simplex log...

Iteration    Objective       Primal Inf.    Dual Inf.      Time
    7140    9.2179000e+04   0.000000e+00   7.672227e+03      9s
    7378    9.2179000e+04   0.000000e+00   0.000000e+00      9s
    7378    9.2179000e+04   0.000000e+00   0.000000e+00      9s

Root relaxation: objective 9.217900e+04, 7378 iterations, 1.21 seconds (1.57 work units)
Total elapsed time = 9.26s (DegenMoves)

    Nodes    |    Current Node    |     Objective Bounds      |     Work
 Expl Unexpl |  Obj  Depth IntInf | Incumbent    BestBd   Gap | It/Node Time

     0     0 92179.0000    0  267 727583.000 92179.0000  87.3%     -   10s
H    0     0                    718029.00000 92179.0000  87.2%     -   10s
H    0     0                    603201.00000 92179.0000  84.7%     -   10s
     0     0 92179.0000    0  362 603201.000 92179.0000  84.7%     -   18s
H    0     0                    92872.000000 92179.0000  0.75%     -   19s
     0     0 92179.0000    0  353 92872.0000 92179.0000  0.75%     -   19s
     0     0 92185.6667    0  282 92872.0000 92185.6667  0.74%     -   20s
H    0     0                    92792.000000 92185.6667  0.65%     -   21s
     0     0 92185.6667    0  310 92792.0000 92185.6667  0.65%     -   22s
     0     0 92225.5000    0  397 92792.0000 92225.5000  0.61%     -   23s
     0     0 92225.5000    0  415 92792.0000 92225.5000  0.61%     -   23s
H    0     0                    92758.000000 92225.5000  0.57%     -   24s
     0     0 92225.5000    0  463 92758.0000 92225.5000  0.57%     -   24s
     0     0 92263.9152    0  454 92758.0000 92263.9152  0.53%     -   26s
     0     0 92263.9152    0  216 92758.0000 92263.9152  0.53%     -   33s
     0     0 92263.9152    0  188 92758.0000 92263.9152  0.53%     -   33s
     0     0 92263.9152    0  301 92758.0000 92263.9152  0.53%     -   34s
     0     0 92263.9152    0  270 92758.0000 92263.9152  0.53%     -   36s
     0     0 92263.9152    0  290 92758.0000 92263.9152  0.53%     -   36s
     0     0 92264.3333    0  340 92758.0000 92264.3333  0.53%     -   36s
     0     0 92281.0000    0  319 92758.0000 92281.0000  0.51%     -   37s
     0     0 92281.0000    0  316 92758.0000 92281.0000  0.51%     -   37s
     0     0 92296.0000    0  222 92758.0000 92296.0000  0.50%     -   38s
     0     0 92296.0000    0  192 92758.0000 92296.0000  0.50%     -   39s
     0     0 92303.5000    0  255 92758.0000 92303.5000  0.49%     -   40s
H    0     0                    92757.000000 92303.5000  0.49%     -   40s
     0     0 92303.5000    0  298 92757.0000 92303.5000  0.49%     -   40s
     0     0 92309.3333    0  317 92757.0000 92309.3333  0.48%     -   42s
     0     0 92309.3333    0  260 92757.0000 92309.3333  0.48%     -   43s
     0     0 92346.0000    0  308 92757.0000 92346.0000  0.44%     -   43s
     0     0 92346.0000    0  279 92757.0000 92346.0000  0.44%     -   44s
     0     0 92362.7857    0  336 92757.0000 92362.7857  0.42%     -   45s
     0     0 92362.7857    0  336 92757.0000 92362.7857  0.42%     -   45s
     0     0 92362.7857    0  363 92757.0000 92362.7857  0.42%     -   45s
     0     0 92365.3687    0  352 92757.0000 92365.3687  0.42%     -   46s
     0     0 92365.3687    0  336 92757.0000 92365.3687  0.42%     -   46s
     0     0 92378.6667    0  291 92757.0000 92378.6667  0.41%     -   47s
     0     0 92378.6667    0  291 92757.0000 92378.6667  0.41%     -   47s
     0     0 92378.6667    0  337 92757.0000 92378.6667  0.41%     -   48s
     0     0 92388.6000    0  233 92757.0000 92388.6000  0.40%     -   49s
     0     0 92388.6000    0  233 92757.0000 92388.6000  0.40%     -   49s
     0     0 92388.6000    0  294 92757.0000 92388.6000  0.40%     -   50s
     0     0 92399.0000    0  293 92757.0000 92399.0000  0.39%     -   51s
     0     0 92399.0000    0  285 92757.0000 92399.0000  0.39%     -   52s
     0     0 92399.0000    0  276 92757.0000 92399.0000  0.39%     -   52s
     0     0 92399.0000    0  207 92757.0000 92399.0000  0.39%     -   59s
     0     0 92399.0000    0  420 92757.0000 92399.0000  0.39%     -   61s
     0     0 92399.0000    0  348 92757.0000 92399.0000  0.39%     -   63s
     0     0 92399.0000    0  349 92757.0000 92399.0000  0.39%     -   63s
     0     0 92399.0000    0  314 92757.0000 92399.0000  0.39%     -   63s
     0     0 92399.0000    0  363 92757.0000 92399.0000  0.39%     -   64s
     0     0 92399.0000    0  333 92757.0000 92399.0000  0.39%     -   64s
     0     0 92399.0000    0  348 92757.0000 92399.0000  0.39%     -   65s
     0     0 92399.0000    0  347 92757.0000 92399.0000  0.39%     -   65s
     0     0 92399.0000    0  337 92757.0000 92399.0000  0.39%     -   65s
     0     0 92399.0000    0  358 92757.0000 92399.0000  0.39%     -   65s
     0     0 92399.0000    0  290 92757.0000 92399.0000  0.39%     -   66s
     0     0 92399.0000    0  289 92757.0000 92399.0000  0.39%     -   67s
     0     0 92401.0000    0  236 92757.0000 92401.0000  0.38%     -   69s
H    0     0                    92752.000000 92401.0000  0.38%     -   70s
     0     0 92401.3846    0  419 92752.0000 92401.3846  0.38%     -   70s
     0     0 92401.3846    0  388 92752.0000 92401.3846  0.38%     -   70s
     0     0 92403.5000    0  327 92752.0000 92403.5000  0.38%     -   71s
H    0     0                    92742.000000 92403.5000  0.36%     -   72s
     0     0 92408.2222    0  275 92742.0000 92408.2222  0.36%     -   72s
     0     0 92416.0000    0  271 92742.0000 92416.0000  0.35%     -   72s
     0     0 92416.0000    0  267 92742.0000 92416.0000  0.35%     -   73s
     0     0 92421.1242    0  255 92742.0000 92421.1242  0.35%     -   73s
     0     0 92421.1242    0  256 92742.0000 92421.1242  0.35%     -   73s
     0     0 92421.1242    0  262 92742.0000 92421.1242  0.35%     -   73s
     0     0 92421.1242    0  262 92742.0000 92421.1242  0.35%     -   73s
     0     0 92421.1491    0  206 92742.0000 92421.1491  0.35%     -   73s
H    0     0                    92702.000000 92421.1491  0.30%     -   74s
     0     0 92427.0000    0  191 92702.0000 92427.0000  0.30%     -   74s
     0     0 92427.0000    0  244 92702.0000 92427.0000  0.30%     -   74s
     0     0 92427.0000    0  178 92702.0000 92427.0000  0.30%     -   75s
     0     0 92427.0000    0  167 92702.0000 92427.0000  0.30%     -   78s
     0     0 92427.0000    0  221 92702.0000 92427.0000  0.30%     -   78s
     0     0 92427.0000    0  218 92702.0000 92427.0000  0.30%     -   79s
     0     0 92427.0000    0  209 92702.0000 92427.0000  0.30%     -   79s
     0     0 92427.0000    0  213 92702.0000 92427.0000  0.30%     -   79s
     0     0 92427.0000    0  273 92702.0000 92427.0000  0.30%     -   79s
     0     0 92427.0000    0  302 92702.0000 92427.0000  0.30%     -   80s
     0     0 92427.0000    0  232 92702.0000 92427.0000  0.30%     -   80s
     0     0 92427.0000    0  205 92702.0000 92427.0000  0.30%     -   81s
     0     0 92427.0000    0  268 92702.0000 92427.0000  0.30%     -   81s
     0     0 92427.0000    0  315 92702.0000 92427.0000  0.30%     -   81s
     0     0 92427.0000    0  307 92702.0000 92427.0000  0.30%     -   81s
     0     0 92427.0000    0  274 92702.0000 92427.0000  0.30%     -   82s
     0     0 92427.0000    0  291 92702.0000 92427.0000  0.30%     -   82s
     0     0 92427.0000    0  288 92702.0000 92427.0000  0.30%     -   82s
     0     0 92427.0000    0  291 92702.0000 92427.0000  0.30%     -   82s
     0     0 92427.0000    0  284 92702.0000 92427.0000  0.30%     -   83s
     0     0 92427.0000    0  222 92702.0000 92427.0000  0.30%     -   83s
     0     0 92427.0000    0  172 92702.0000 92427.0000  0.30%     -   84s
     0     0 92427.7576    0  247 92702.0000 92427.7576  0.30%     -   84s
     0     0 92427.7576    0  247 92702.0000 92427.7576  0.30%     -   84s
     0     0 92427.7576    0  220 92702.0000 92427.7576  0.30%     -   84s
     0     0 92432.0000    0  238 92702.0000 92432.0000  0.29%     -   84s
     0     0 92432.0000    0  215 92702.0000 92432.0000  0.29%     -   85s
     0     0 92432.0000    0  185 92702.0000 92432.0000  0.29%     -   85s
     0     0 92432.0000    0  286 92702.0000 92432.0000  0.29%     -   86s
     0     0 92439.5000    0  231 92702.0000 92439.5000  0.28%     -   86s
     0     0 92439.5000    0  231 92702.0000 92439.5000  0.28%     -   86s
     0     0 92439.5000    0  192 92702.0000 92439.5000  0.28%     -   87s
     0     0 92447.0000    0  211 92702.0000 92447.0000  0.28%     -   87s
     0     0 92447.0000    0  211 92702.0000 92447.0000  0.28%     -   87s
     0     0 92447.0000    0  169 92702.0000 92447.0000  0.28%     -   87s
     0     0 92447.3158    0  249 92702.0000 92447.3158  0.27%     -   88s
     0     0 92447.3158    0  309 92702.0000 92447.3158  0.27%     -   88s
     0     0 92447.4900    0  331 92702.0000 92447.4900  0.27%     -   89s
     0     0 92447.4900    0  348 92702.0000 92447.4900  0.27%     -   89s
     0     0 92451.3618    0  336 92702.0000 92451.3618  0.27%     -   90s
     0     0 92451.3618    0  314 92702.0000 92451.3618  0.27%     -   90s
     0     0 92456.8234    0  339 92702.0000 92456.8234  0.26%     -   90s
H    0     0                    92700.000000 92457.6234  0.26%     -   91s
     0     0 92457.6234    0  298 92700.0000 92457.6234  0.26%     -   91s
     0     0 92457.6234    0  291 92700.0000 92457.6234  0.26%     -   91s
     0     0 92457.6234    0  252 92700.0000 92457.6234  0.26%     -   91s
     0     0 92457.6234    0  250 92700.0000 92457.6234  0.26%     -   91s
     0     0 92460.0195    0  372 92700.0000 92460.0195  0.26%     -   92s
     0     0 92460.0195    0  359 92700.0000 92460.0195  0.26%     -   92s
     0     0 92460.0195    0  323 92700.0000 92460.0195  0.26%     -   92s
     0     0 92460.8528    0  322 92700.0000 92460.8528  0.26%     -   93s
     0     0 92460.8528    0  329 92700.0000 92460.8528  0.26%     -   93s
     0     0 92465.0195    0  152 92700.0000 92465.0195  0.25%     -   94s
     0     0 92465.0195    0  152 92700.0000 92465.0195  0.25%     -   94s
     0     0 92469.2576    0  170 92700.0000 92469.2576  0.25%     -   94s
     0     0 92472.4452    0  393 92700.0000 92472.4452  0.25%     -   95s
     0     0 92472.4452    0  393 92700.0000 92472.4452  0.25%     -   95s
     0     0 92472.6335    0  414 92700.0000 92472.6335  0.25%     -   95s
     0     0 92472.6335    0  402 92700.0000 92472.6335  0.25%     -   95s
     0     0 92475.9620    0  451 92700.0000 92475.9620  0.24%     -   96s
     0     0 92475.9620    0  161 92700.0000 92475.9620  0.24%     -   99s
     0     0 92475.9620    0  183 92700.0000 92475.9620  0.24%     -   99s
     0     0 92475.9620    0  238 92700.0000 92475.9620  0.24%     -   99s
     0     0 92475.9620    0  162 92700.0000 92475.9620  0.24%     -   99s
     0     0 92475.9620    0  171 92700.0000 92475.9620  0.24%     -   99s
     0     0 92475.9620    0  170 92700.0000 92475.9620  0.24%     -   99s
     0     0 92475.9620    0  170 92700.0000 92475.9620  0.24%     -   99s
     0     0 92475.9620    0  321 92700.0000 92475.9620  0.24%     -  100s
     0     0 92475.9620    0  287 92700.0000 92475.9620  0.24%     -  101s
     0     0 92475.9620    0  225 92700.0000 92475.9620  0.24%     -  101s
     0     0 92475.9620    0  299 92700.0000 92475.9620  0.24%     -  101s
     0     0 92475.9620    0  294 92700.0000 92475.9620  0.24%     -  101s
     0     0 92475.9620    0  368 92700.0000 92475.9620  0.24%     -  101s
     0     0 92475.9620    0  349 92700.0000 92475.9620  0.24%     -  102s
     0     0 92475.9620    0  349 92700.0000 92475.9620  0.24%     -  102s
     0     0 92475.9620    0  332 92700.0000 92475.9620  0.24%     -  102s
     0     0 92487.2500    0  383 92700.0000 92487.2500  0.23%     -  102s
     0     0 92487.2500    0  383 92700.0000 92487.2500  0.23%     -  102s
     0     0 92487.2500    0  306 92700.0000 92487.2500  0.23%     -  102s
     0     0 92508.8571    0  246 92700.0000 92508.8571  0.21%     -  103s
     0     0 92513.8571    0  307 92700.0000 92513.8571  0.20%     -  103s
     0     0 92513.8571    0  307 92700.0000 92513.8571  0.20%     -  103s
     0     0 92533.5000    0  214 92700.0000 92533.5000  0.18%     -  104s
     0     0 92533.5000    0  210 92700.0000 92533.5000  0.18%     -  104s
     0     0 92533.5000    0  210 92700.0000 92533.5000  0.18%     -  104s
     0     0 92533.5000    0  216 92700.0000 92533.5000  0.18%     -  104s
     0     0 92533.5000    0  206 92700.0000 92533.5000  0.18%     -  104s
     0     0 92533.5000    0  220 92700.0000 92533.5000  0.18%     -  104s
     0     0 92533.5000    0  248 92700.0000 92533.5000  0.18%     -  104s
     0     0 92533.5000    0  252 92700.0000 92533.5000  0.18%     -  104s
     0     0 92533.5000    0  244 92700.0000 92533.5000  0.18%     -  104s
     0     0 92533.5000    0  304 92700.0000 92533.5000  0.18%     -  104s
     0     0 92536.0000    0  302 92700.0000 92536.0000  0.18%     -  104s
     0     0 92536.0000    0  226 92700.0000 92536.0000  0.18%     -  104s
     0     0 92536.0000    0  231 92700.0000 92536.0000  0.18%     -  105s
     0     0 92536.0000    0   75 92700.0000 92536.0000  0.18%     -  106s
     0     0 92536.0000    0  125 92700.0000 92536.0000  0.18%     -  107s
     0     0 92536.0000    0  176 92700.0000 92536.0000  0.18%     -  107s
     0     0 92536.0000    0  103 92700.0000 92536.0000  0.18%     -  107s
     0     0 92536.0000    0  203 92700.0000 92536.0000  0.18%     -  107s
     0     0 92536.0000    0  206 92700.0000 92536.0000  0.18%     -  108s
     0     0 92536.0000    0  204 92700.0000 92536.0000  0.18%     -  108s
     0     0 92536.0000    0  228 92700.0000 92536.0000  0.18%     -  108s
     0     0 92536.0000    0  163 92700.0000 92536.0000  0.18%     -  108s
     0     0 92536.0000    0  147 92700.0000 92536.0000  0.18%     -  108s
     0     0 92536.0000    0  249 92700.0000 92536.0000  0.18%     -  108s
     0     0 92536.0000    0  200 92700.0000 92536.0000  0.18%     -  108s
     0     0 92536.0000    0  265 92700.0000 92536.0000  0.18%     -  108s
     0     0 92536.0000    0  232 92700.0000 92536.0000  0.18%     -  108s
     0     0 92541.0000    0  180 92700.0000 92541.0000  0.17%     -  108s
     0     0 92541.0000    0  152 92700.0000 92541.0000  0.17%     -  109s
     0     0 92541.0000    0  144 92700.0000 92541.0000  0.17%     -  109s
     0     0 92541.0000    0  143 92700.0000 92541.0000  0.17%     -  109s
     0     0 92551.0000    0  181 92700.0000 92551.0000  0.16%     -  109s
     0     0 92570.0000    0  138 92700.0000 92570.0000  0.14%     -  109s
     0     0 92570.0000    0  141 92700.0000 92570.0000  0.14%     -  109s
     0     0 92575.0000    0   86 92700.0000 92575.0000  0.13%     -  110s
     0     0 92575.0000    0   79 92700.0000 92575.0000  0.13%     -  111s
     0     0 92575.0000    0  200 92700.0000 92575.0000  0.13%     -  111s
     0     0 92575.0000    0  162 92700.0000 92575.0000  0.13%     -  111s
     0     0 92575.0000    0  102 92700.0000 92575.0000  0.13%     -  112s
     0     0 92575.0000    0  167 92700.0000 92575.0000  0.13%     -  112s
     0     0 92575.0000    0  233 92700.0000 92575.0000  0.13%     -  112s
     0     0 92575.0000    0  191 92700.0000 92575.0000  0.13%     -  112s
     0     0 92575.0000    0  112 92700.0000 92575.0000  0.13%     -  112s
     0     0 92575.0000    0  278 92700.0000 92575.0000  0.13%     -  113s
     0     0 92575.0000    0  225 92700.0000 92575.0000  0.13%     -  113s
     0     0 92575.0000    0  222 92700.0000 92575.0000  0.13%     -  113s
     0     0 92575.0000    0  289 92700.0000 92575.0000  0.13%     -  113s
     0     0 92575.0000    0  225 92700.0000 92575.0000  0.13%     -  113s
     0     0 92575.0000    0  224 92700.0000 92575.0000  0.13%     -  113s
     0     0 92575.0000    0  238 92700.0000 92575.0000  0.13%     -  113s
     0     0 92575.0000    0  228 92700.0000 92575.0000  0.13%     -  113s
     0     0 92575.0000    0  247 92700.0000 92575.0000  0.13%     -  113s
     0     0 92575.0000    0  245 92700.0000 92575.0000  0.13%     -  113s
     0     0 92575.0000    0  255 92700.0000 92575.0000  0.13%     -  113s
     0     0 92577.0000    0  293 92700.0000 92577.0000  0.13%     -  113s
     0     0 92577.0000    0  273 92700.0000 92577.0000  0.13%     -  113s
     0     0 92577.0000    0  266 92700.0000 92577.0000  0.13%     -  113s
     0     0 92577.0000    0  280 92700.0000 92577.0000  0.13%     -  113s
     0     0 92577.0000    0  275 92700.0000 92577.0000  0.13%     -  113s
     0     0 92577.0000    0  274 92700.0000 92577.0000  0.13%     -  113s
     0     0 92577.0000    0  310 92700.0000 92577.0000  0.13%     -  113s
     0     0 92577.0000    0  285 92700.0000 92577.0000  0.13%     -  113s
     0     0 92577.0000    0  262 92700.0000 92577.0000  0.13%     -  113s
     0     0 92577.0000    0  260 92700.0000 92577.0000  0.13%     -  113s
     0     0 92638.5000    0  240 92700.0000 92638.5000  0.07%     -  113s
     0     0 92638.5000    0  241 92700.0000 92638.5000  0.07%     -  113s
     0     0 92643.5000    0  275 92700.0000 92643.5000  0.06%     -  114s
     0     0 92643.5000    0  300 92700.0000 92643.5000  0.06%     -  114s
     0     0 92643.5000    0  297 92700.0000 92643.5000  0.06%     -  114s
     0     0 92643.5000    0  270 92700.0000 92643.5000  0.06%     -  114s
     0     0 92648.5000    0  270 92700.0000 92648.5000  0.06%     -  114s
     0     0 92654.2143    0  256 92700.0000 92654.2143  0.05%     -  114s
     0     0 92658.5000    0  204 92700.0000 92658.5000  0.04%     -  114s
     0     0 92658.5000    0  235 92700.0000 92658.5000  0.04%     -  114s
     0     0 92666.0000    0  241 92700.0000 92666.0000  0.04%     -  114s
     0     0 92666.0000    0  258 92700.0000 92666.0000  0.04%     -  114s
     0     0 92670.0000    0  127 92700.0000 92670.0000  0.03%     -  114s
     0     0 92671.0000    0  179 92700.0000 92671.0000  0.03%     -  114s
     0     0 92671.0000    0  175 92700.0000 92671.0000  0.03%     -  114s
     0     0 92671.0000    0  111 92700.0000 92671.0000  0.03%     -  114s
     0     0 92685.0000    0  301 92700.0000 92685.0000  0.02%     -  114s
     0     0 92685.0000    0  297 92700.0000 92685.0000  0.02%     -  114s
     0     0 92685.0000    0  305 92700.0000 92685.0000  0.02%     -  114s
     0     0 92685.0000    0  275 92700.0000 92685.0000  0.02%     -  114s
     0     0 92685.0000    0  265 92700.0000 92685.0000  0.02%     -  114s

Cutting planes:
  Gomory: 11
  Cover: 2
  Implied bound: 33
  MIR: 55
  Flow cover: 43
  Zero half: 15
  RLT: 48
  Relax-and-lift: 3

Explored 1 nodes (248915 simplex iterations) in 114.82 seconds (201.95 work units)
Thread count was 32 (of 32 available processors)

Solution count 10: 92700 92700 92700 ... 92702

Optimal solution found (tolerance 1.00e-04)
Best objective 9.270000000000e+04, best bound 9.270000000000e+04, gap 0.0000%
